Archive member included to satisfy reference by file (symbol)

/opt/st/stm32cubeide_1.11.2/plugins/com.st.stm32cube.ide.mcu.externaltools.gnu-tools-for-stm32.10.3-2021.10.linux64_1.0.100.202210260954/tools/bin/../lib/gcc/arm-none-eabi/10.3.1/../../../../arm-none-eabi/lib/thumb/v7-m/nofp/libc_nano.a(lib_a-errno.o)
                              ./Core/Src/syscalls.o (__errno)
/opt/st/stm32cubeide_1.11.2/plugins/com.st.stm32cube.ide.mcu.externaltools.gnu-tools-for-stm32.10.3-2021.10.linux64_1.0.100.202210260954/tools/bin/../lib/gcc/arm-none-eabi/10.3.1/../../../../arm-none-eabi/lib/thumb/v7-m/nofp/libc_nano.a(lib_a-exit.o)
                              /opt/st/stm32cubeide_1.11.2/plugins/com.st.stm32cube.ide.mcu.externaltools.gnu-tools-for-stm32.10.3-2021.10.linux64_1.0.100.202210260954/tools/bin/../lib/gcc/arm-none-eabi/10.3.1/../../../../arm-none-eabi/lib/thumb/v7-m/nofp/crt0.o (exit)
/opt/st/stm32cubeide_1.11.2/plugins/com.st.stm32cube.ide.mcu.externaltools.gnu-tools-for-stm32.10.3-2021.10.linux64_1.0.100.202210260954/tools/bin/../lib/gcc/arm-none-eabi/10.3.1/../../../../arm-none-eabi/lib/thumb/v7-m/nofp/libc_nano.a(lib_a-impure.o)
                              /opt/st/stm32cubeide_1.11.2/plugins/com.st.stm32cube.ide.mcu.externaltools.gnu-tools-for-stm32.10.3-2021.10.linux64_1.0.100.202210260954/tools/bin/../lib/gcc/arm-none-eabi/10.3.1/../../../../arm-none-eabi/lib/thumb/v7-m/nofp/libc_nano.a(lib_a-exit.o) (_global_impure_ptr)
/opt/st/stm32cubeide_1.11.2/plugins/com.st.stm32cube.ide.mcu.externaltools.gnu-tools-for-stm32.10.3-2021.10.linux64_1.0.100.202210260954/tools/bin/../lib/gcc/arm-none-eabi/10.3.1/../../../../arm-none-eabi/lib/thumb/v7-m/nofp/libc_nano.a(lib_a-init.o)
                              /opt/st/stm32cubeide_1.11.2/plugins/com.st.stm32cube.ide.mcu.externaltools.gnu-tools-for-stm32.10.3-2021.10.linux64_1.0.100.202210260954/tools/bin/../lib/gcc/arm-none-eabi/10.3.1/../../../../arm-none-eabi/lib/thumb/v7-m/nofp/crt0.o (__libc_init_array)
/opt/st/stm32cubeide_1.11.2/plugins/com.st.stm32cube.ide.mcu.externaltools.gnu-tools-for-stm32.10.3-2021.10.linux64_1.0.100.202210260954/tools/bin/../lib/gcc/arm-none-eabi/10.3.1/../../../../arm-none-eabi/lib/thumb/v7-m/nofp/libc_nano.a(lib_a-memset.o)
                              /opt/st/stm32cubeide_1.11.2/plugins/com.st.stm32cube.ide.mcu.externaltools.gnu-tools-for-stm32.10.3-2021.10.linux64_1.0.100.202210260954/tools/bin/../lib/gcc/arm-none-eabi/10.3.1/../../../../arm-none-eabi/lib/thumb/v7-m/nofp/crt0.o (memset)
/opt/st/stm32cubeide_1.11.2/plugins/com.st.stm32cube.ide.mcu.externaltools.gnu-tools-for-stm32.10.3-2021.10.linux64_1.0.100.202210260954/tools/bin/../lib/gcc/arm-none-eabi/10.3.1/../../../../arm-none-eabi/lib/thumb/v7-m/nofp/libc_nano.a(lib_a-strlen.o)
                              ./Core/Src/main.o (strlen)

Discarded input sections

 .text          0x0000000000000000        0x0 /opt/st/stm32cubeide_1.11.2/plugins/com.st.stm32cube.ide.mcu.externaltools.gnu-tools-for-stm32.10.3-2021.10.linux64_1.0.100.202210260954/tools/bin/../lib/gcc/arm-none-eabi/10.3.1/thumb/v7-m/nofp/crti.o
 .data          0x0000000000000000        0x0 /opt/st/stm32cubeide_1.11.2/plugins/com.st.stm32cube.ide.mcu.externaltools.gnu-tools-for-stm32.10.3-2021.10.linux64_1.0.100.202210260954/tools/bin/../lib/gcc/arm-none-eabi/10.3.1/thumb/v7-m/nofp/crti.o
 .bss           0x0000000000000000        0x0 /opt/st/stm32cubeide_1.11.2/plugins/com.st.stm32cube.ide.mcu.externaltools.gnu-tools-for-stm32.10.3-2021.10.linux64_1.0.100.202210260954/tools/bin/../lib/gcc/arm-none-eabi/10.3.1/thumb/v7-m/nofp/crti.o
 .data          0x0000000000000000        0x4 /opt/st/stm32cubeide_1.11.2/plugins/com.st.stm32cube.ide.mcu.externaltools.gnu-tools-for-stm32.10.3-2021.10.linux64_1.0.100.202210260954/tools/bin/../lib/gcc/arm-none-eabi/10.3.1/thumb/v7-m/nofp/crtbegin.o
 .rodata        0x0000000000000000       0x24 /opt/st/stm32cubeide_1.11.2/plugins/com.st.stm32cube.ide.mcu.externaltools.gnu-tools-for-stm32.10.3-2021.10.linux64_1.0.100.202210260954/tools/bin/../lib/gcc/arm-none-eabi/10.3.1/thumb/v7-m/nofp/crtbegin.o
 .text          0x0000000000000000       0x7c /opt/st/stm32cubeide_1.11.2/plugins/com.st.stm32cube.ide.mcu.externaltools.gnu-tools-for-stm32.10.3-2021.10.linux64_1.0.100.202210260954/tools/bin/../lib/gcc/arm-none-eabi/10.3.1/../../../../arm-none-eabi/lib/thumb/v7-m/nofp/crt0.o
 .data          0x0000000000000000        0x0 /opt/st/stm32cubeide_1.11.2/plugins/com.st.stm32cube.ide.mcu.externaltools.gnu-tools-for-stm32.10.3-2021.10.linux64_1.0.100.202210260954/tools/bin/../lib/gcc/arm-none-eabi/10.3.1/../../../../arm-none-eabi/lib/thumb/v7-m/nofp/crt0.o
 .bss           0x0000000000000000        0x0 /opt/st/stm32cubeide_1.11.2/plugins/com.st.stm32cube.ide.mcu.externaltools.gnu-tools-for-stm32.10.3-2021.10.linux64_1.0.100.202210260954/tools/bin/../lib/gcc/arm-none-eabi/10.3.1/../../../../arm-none-eabi/lib/thumb/v7-m/nofp/crt0.o
[...]
Memory Configuration

Name             Origin             Length             Attributes
RAM              0x0000000020000000 0x0000000000005000 xrw
FLASH            0x0000000008000000 0x0000000000010000 xr
*default*        0x0000000000000000 0xffffffffffffffff

Linker script and memory map

LOAD /opt/st/stm32cubeide_1.11.2/plugins/com.st.stm32cube.ide.mcu.externaltools.gnu-tools-for-stm32.10.3-2021.10.linux64_1.0.100.202210260954/tools/bin/../lib/gcc/arm-none-eabi/10.3.1/thumb/v7-m/nofp/crti.o
LOAD /opt/st/stm32cubeide_1.11.2/plugins/com.st.stm32cube.ide.mcu.externaltools.gnu-tools-for-stm32.10.3-2021.10.linux64_1.0.100.202210260954/tools/bin/../lib/gcc/arm-none-eabi/10.3.1/thumb/v7-m/nofp/crtbegin.o
LOAD /opt/st/stm32cubeide_1.11.2/plugins/com.st.stm32cube.ide.mcu.externaltools.gnu-tools-for-stm32.10.3-2021.10.linux64_1.0.100.202210260954/tools/bin/../lib/gcc/arm-none-eabi/10.3.1/../../../../arm-none-eabi/lib/thumb/v7-m/nofp/crt0.o
LOAD ./Core/Src/main.o
LOAD ./Core/Src/stm32f1xx_hal_msp.o
LOAD ./Core/Src/stm32f1xx_it.o
LOAD ./Core/Src/syscalls.o
LOAD ./Core/Src/sysmem.o
LOAD ./Core/Src/system_stm32f1xx.o
LOAD ./Core/Startup/startup_stm32f103c8tx.o
LOAD ./Drivers/STM32F1xx_HAL_Driver/stm32f1xx_hal.o
LOAD ./Drivers/STM32F1xx_HAL_Driver/stm32f1xx_hal_cortex.o
LOAD ./Drivers/STM32F1xx_HAL_Driver/stm32f1xx_hal_dma.o
LOAD ./Drivers/STM32F1xx_HAL_Driver/stm32f1xx_hal_exti.o
LOAD ./Drivers/STM32F1xx_HAL_Driver/stm32f1xx_hal_flash.o
LOAD ./Drivers/STM32F1xx_HAL_Driver/stm32f1xx_hal_flash_ex.o
LOAD ./Drivers/STM32F1xx_HAL_Driver/stm32f1xx_hal_gpio.o
LOAD ./Drivers/STM32F1xx_HAL_Driver/stm32f1xx_hal_gpio_ex.o
LOAD ./Drivers/STM32F1xx_HAL_Driver/stm32f1xx_hal_pcd.o
LOAD ./Drivers/STM32F1xx_HAL_Driver/stm32f1xx_hal_pcd_ex.o
LOAD ./Drivers/STM32F1xx_HAL_Driver/stm32f1xx_hal_pwr.o
LOAD ./Drivers/STM32F1xx_HAL_Driver/stm32f1xx_hal_rcc.o
LOAD ./Drivers/STM32F1xx_HAL_Driver/stm32f1xx_hal_rcc_ex.o
LOAD ./Drivers/STM32F1xx_HAL_Driver/stm32f1xx_hal_tim.o
LOAD ./Drivers/STM32F1xx_HAL_Driver/stm32f1xx_hal_tim_ex.o
LOAD ./Drivers/STM32F1xx_HAL_Driver/stm32f1xx_ll_usb.o
LOAD ./Middlewares/USB_Device_Library/usbd_cdc.o
LOAD ./Middlewares/USB_Device_Library/usbd_core.o
LOAD ./Middlewares/USB_Device_Library/usbd_ctlreq.o
LOAD ./Middlewares/USB_Device_Library/usbd_ioreq.o
LOAD ./USB_DEVICE/App/usb_device.o
LOAD ./USB_DEVICE/App/usbd_cdc_if.o
LOAD ./USB_DEVICE/App/usbd_desc.o
LOAD ./USB_DEVICE/Target/usbd_conf.o
START GROUP
LOAD /opt/st/stm32cubeide_1.11.2/plugins/com.st.stm32cube.ide.mcu.externaltools.gnu-tools-for-stm32.10.3-2021.10.linux64_1.0.100.202210260954/tools/bin/../lib/gcc/arm-none-eabi/10.3.1/../../../../arm-none-eabi/lib/thumb/v7-m/nofp/libc_nano.a
LOAD /opt/st/stm32cubeide_1.11.2/plugins/com.st.stm32cube.ide.mcu.externaltools.gnu-tools-for-stm32.10.3-2021.10.linux64_1.0.100.202210260954/tools/bin/../lib/gcc/arm-none-eabi/10.3.1/../../../../arm-none-eabi/lib/thumb/v7-m/nofp/libm.a
END GROUP
START GROUP
LOAD /opt/st/stm32cubeide_1.11.2/plugins/com.st.stm32cube.ide.mcu.externaltools.gnu-tools-for-stm32.10.3-2021.10.linux64_1.0.100.202210260954/tools/bin/../lib/gcc/arm-none-eabi/10.3.1/thumb/v7-m/nofp/libgcc.a
LOAD /opt/st/stm32cubeide_1.11.2/plugins/com.st.stm32cube.ide.mcu.externaltools.gnu-tools-for-stm32.10.3-2021.10.linux64_1.0.100.202210260954/tools/bin/../lib/gcc/arm-none-eabi/10.3.1/../../../../arm-none-eabi/lib/thumb/v7-m/nofp/libc_nano.a
END GROUP
START GROUP
LOAD /opt/st/stm32cubeide_1.11.2/plugins/com.st.stm32cube.ide.mcu.externaltools.gnu-tools-for-stm32.10.3-2021.10.linux64_1.0.100.202210260954/tools/bin/../lib/gcc/arm-none-eabi/10.3.1/thumb/v7-m/nofp/libgcc.a
LOAD /opt/st/stm32cubeide_1.11.2/plugins/com.st.stm32cube.ide.mcu.externaltools.gnu-tools-for-stm32.10.3-2021.10.linux64_1.0.100.202210260954/tools/bin/../lib/gcc/arm-none-eabi/10.3.1/../../../../arm-none-eabi/lib/thumb/v7-m/nofp/libc_nano.a
LOAD /opt/st/stm32cubeide_1.11.2/plugins/com.st.stm32cube.ide.mcu.externaltools.gnu-tools-for-stm32.10.3-2021.10.linux64_1.0.100.202210260954/tools/bin/../lib/gcc/arm-none-eabi/10.3.1/../../../../arm-none-eabi/lib/thumb/v7-m/nofp/libnosys.a
END GROUP
START GROUP
LOAD /opt/st/stm32cubeide_1.11.2/plugins/com.st.stm32cube.ide.mcu.externaltools.gnu-tools-for-stm32.10.3-2021.10.linux64_1.0.100.202210260954/tools/bin/../lib/gcc/arm-none-eabi/10.3.1/thumb/v7-m/nofp/libgcc.a
LOAD /opt/st/stm32cubeide_1.11.2/plugins/com.st.stm32cube.ide.mcu.externaltools.gnu-tools-for-stm32.10.3-2021.10.linux64_1.0.100.202210260954/tools/bin/../lib/gcc/arm-none-eabi/10.3.1/../../../../arm-none-eabi/lib/thumb/v7-m/nofp/libc_nano.a
LOAD /opt/st/stm32cubeide_1.11.2/plugins/com.st.stm32cube.ide.mcu.externaltools.gnu-tools-for-stm32.10.3-2021.10.linux64_1.0.100.202210260954/tools/bin/../lib/gcc/arm-none-eabi/10.3.1/../../../../arm-none-eabi/lib/thumb/v7-m/nofp/libnosys.a
END GROUP
LOAD /opt/st/stm32cubeide_1.11.2/plugins/com.st.stm32cube.ide.mcu.externaltools.gnu-tools-for-stm32.10.3-2021.10.linux64_1.0.100.202210260954/tools/bin/../lib/gcc/arm-none-eabi/10.3.1/thumb/v7-m/nofp/crtend.o
LOAD /opt/st/stm32cubeide_1.11.2/plugins/com.st.stm32cube.ide.mcu.externaltools.gnu-tools-for-stm32.10.3-2021.10.linux64_1.0.100.202210260954/tools/bin/../lib/gcc/arm-none-eabi/10.3.1/thumb/v7-m/nofp/crtn.o
                0x0000000020005000                _estack = (ORIGIN (RAM) + LENGTH (RAM))
                0x0000000000000200                _Min_Heap_Size = 0x200
                0x0000000000000400                _Min_Stack_Size = 0x400

.isr_vector     0x0000000008000000      0x10c
                0x0000000008000000                . = ALIGN (0x4)
 *(.isr_vector)
 .isr_vector    0x0000000008000000      0x10c ./Core/Startup/startup_stm32f103c8tx.o
                0x0000000008000000                g_pfnVectors
                0x000000000800010c                . = ALIGN (0x4)

.text           0x000000000800010c     0x74f4
                0x000000000800010c                . = ALIGN (0x4)
 *(.text)
 .text          0x000000000800010c       0x40 /opt/st/stm32cubeide_1.11.2/plugins/com.st.stm32cube.ide.mcu.externaltools.gnu-tools-for-stm32.10.3-2021.10.linux64_1.0.100.202210260954/tools/bin/../lib/gcc/arm-none-eabi/10.3.1/thumb/v7-m/nofp/crtbegin.o
 .text          0x000000000800014c       0x10 /opt/st/stm32cubeide_1.11.2/plugins/com.st.stm32cube.ide.mcu.externaltools.gnu-tools-for-stm32.10.3-2021.10.linux64_1.0.100.202210260954/tools/bin/../lib/gcc/arm-none-eabi/10.3.1/../../../../arm-none-eabi/lib/thumb/v7-m/nofp/libc_nano.a(lib_a-strlen.o)
                0x000000000800014c                strlen
 *(.text*)
 .text.main     0x000000000800015c       0x78 ./Core/Src/main.o
                0x000000000800015c                main
 .text.SystemClock_Config
                0x00000000080001d4       0xb4 ./Core/Src/main.o
                0x00000000080001d4                SystemClock_Config
 .text.MX_GPIO_Init
                0x0000000008000288       0x44 ./Core/Src/main.o
 .text.Error_Handler
                0x00000000080002cc        0xa ./Core/Src/main.o
                0x00000000080002cc                Error_Handler
 *fill*         0x00000000080002d6        0x2 
 .text.HAL_MspInit
                0x00000000080002d8       0x64 ./Core/Src/stm32f1xx_hal_msp.o
                0x00000000080002d8                HAL_MspInit
 .text.NMI_Handler
                0x000000000800033c        0x6 ./Core/Src/stm32f1xx_it.o
                0x000000000800033c                NMI_Handler
 .text.HardFault_Handler
                0x0000000008000342        0x6 ./Core/Src/stm32f1xx_it.o
                0x0000000008000342                HardFault_Handler
 .text.MemManage_Handler
                0x0000000008000348        0x6 ./Core/Src/stm32f1xx_it.o
                0x0000000008000348                MemManage_Handler
 .text.BusFault_Handler
                0x000000000800034e        0x6 ./Core/Src/stm32f1xx_it.o
                0x000000000800034e                BusFault_Handler
 .text.UsageFault_Handler
                0x0000000008000354        0x6 ./Core/Src/stm32f1xx_it.o
                0x0000000008000354                UsageFault_Handler
 .text.SVC_Handler
                0x000000000800035a        0xc ./Core/Src/stm32f1xx_it.o
                0x000000000800035a                SVC_Handler
 .text.DebugMon_Handler
                0x0000000008000366        0xc ./Core/Src/stm32f1xx_it.o
                0x0000000008000366                DebugMon_Handler
 .text.PendSV_Handler
                0x0000000008000372        0xc ./Core/Src/stm32f1xx_it.o
                0x0000000008000372                PendSV_Handler
 .text.SysTick_Handler
                0x000000000800037e        0xc ./Core/Src/stm32f1xx_it.o
                0x000000000800037e                SysTick_Handler
 *fill*         0x000000000800038a        0x2 
 .text.USB_LP_CAN1_RX0_IRQHandler
                0x000000000800038c       0x14 ./Core/Src/stm32f1xx_it.o
                0x000000000800038c                USB_LP_CAN1_RX0_IRQHandler
 .text.SystemInit
                0x00000000080003a0        0xc ./Core/Src/system_stm32f1xx.o
                0x00000000080003a0                SystemInit
 .text.Reset_Handler
                0x00000000080003ac       0x48 ./Core/Startup/startup_stm32f103c8tx.o
                0x00000000080003ac                Reset_Handler
 .text.Default_Handler
                0x00000000080003f4        0x2 ./Core/Startup/startup_stm32f103c8tx.o
                0x00000000080003f4                RTC_Alarm_IRQHandler
                0x00000000080003f4                EXTI2_IRQHandler
                0x00000000080003f4                TIM1_CC_IRQHandler
                0x00000000080003f4                PVD_IRQHandler
                0x00000000080003f4                EXTI3_IRQHandler
                0x00000000080003f4                EXTI0_IRQHandler
                0x00000000080003f4                I2C2_EV_IRQHandler
                0x00000000080003f4                ADC1_2_IRQHandler
                0x00000000080003f4                SPI1_IRQHandler
                0x00000000080003f4                TAMPER_IRQHandler
                0x00000000080003f4                DMA1_Channel4_IRQHandler
                0x00000000080003f4                USART3_IRQHandler
                0x00000000080003f4                RTC_IRQHandler
                0x00000000080003f4                DMA1_Channel7_IRQHandler
                0x00000000080003f4                CAN1_RX1_IRQHandler
                0x00000000080003f4                TIM4_IRQHandler
                0x00000000080003f4                I2C1_EV_IRQHandler
                0x00000000080003f4                DMA1_Channel6_IRQHandler
                0x00000000080003f4                TIM3_IRQHandler
                0x00000000080003f4                RCC_IRQHandler
                0x00000000080003f4                TIM1_TRG_COM_IRQHandler
                0x00000000080003f4                DMA1_Channel1_IRQHandler
                0x00000000080003f4                Default_Handler
                0x00000000080003f4                EXTI15_10_IRQHandler
                0x00000000080003f4                EXTI9_5_IRQHandler
                0x00000000080003f4                SPI2_IRQHandler
                0x00000000080003f4                DMA1_Channel5_IRQHandler
                0x00000000080003f4                EXTI4_IRQHandler
                0x00000000080003f4                USB_HP_CAN1_TX_IRQHandler
                0x00000000080003f4                DMA1_Channel3_IRQHandler
                0x00000000080003f4                TIM1_UP_IRQHandler
                0x00000000080003f4                WWDG_IRQHandler
                0x00000000080003f4                TIM2_IRQHandler
                0x00000000080003f4                TIM1_BRK_IRQHandler
                0x00000000080003f4                EXTI1_IRQHandler
                0x00000000080003f4                USART2_IRQHandler
                0x00000000080003f4                I2C2_ER_IRQHandler
                0x00000000080003f4                DMA1_Channel2_IRQHandler
                0x00000000080003f4                CAN1_SCE_IRQHandler
                0x00000000080003f4                FLASH_IRQHandler
                0x00000000080003f4                USART1_IRQHandler
                0x00000000080003f4                I2C1_ER_IRQHandler
                0x00000000080003f4                USBWakeUp_IRQHandler
 *fill*         0x00000000080003f6        0x2 
 .text.HAL_Init
                0x00000000080003f8       0x2c ./Drivers/STM32F1xx_HAL_Driver/stm32f1xx_hal.o
                0x00000000080003f8                HAL_Init
 .text.HAL_InitTick
                0x0000000008000424       0x60 ./Drivers/STM32F1xx_HAL_Driver/stm32f1xx_hal.o
                0x0000000008000424                HAL_InitTick
 .text.HAL_IncTick
                0x0000000008000484       0x24 ./Drivers/STM32F1xx_HAL_Driver/stm32f1xx_hal.o
                0x0000000008000484                HAL_IncTick
 .text.HAL_GetTick
                0x00000000080004a8       0x14 ./Drivers/STM32F1xx_HAL_Driver/stm32f1xx_hal.o
                0x00000000080004a8                HAL_GetTick
 .text.HAL_Delay
                0x00000000080004bc       0x48 ./Drivers/STM32F1xx_HAL_Driver/stm32f1xx_hal.o
                0x00000000080004bc                HAL_Delay
 .text.__NVIC_SetPriorityGrouping
                0x0000000008000504       0x48 ./Drivers/STM32F1xx_HAL_Driver/stm32f1xx_hal_cortex.o
 .text.__NVIC_GetPriorityGrouping
                0x000000000800054c       0x1c ./Drivers/STM32F1xx_HAL_Driver/stm32f1xx_hal_cortex.o
 .text.__NVIC_EnableIRQ
                0x0000000008000568       0x38 ./Drivers/STM32F1xx_HAL_Driver/stm32f1xx_hal_cortex.o
 .text.__NVIC_SetPriority
                0x00000000080005a0       0x54 ./Drivers/STM32F1xx_HAL_Driver/stm32f1xx_hal_cortex.o
 .text.NVIC_EncodePriority
                0x00000000080005f4       0x64 ./Drivers/STM32F1xx_HAL_Driver/stm32f1xx_hal_cortex.o
 .text.SysTick_Config
                0x0000000008000658       0x44 ./Drivers/STM32F1xx_HAL_Driver/stm32f1xx_hal_cortex.o
 .text.HAL_NVIC_SetPriorityGrouping
                0x000000000800069c       0x16 ./Drivers/STM32F1xx_HAL_Driver/stm32f1xx_hal_cortex.o
                0x000000000800069c                HAL_NVIC_SetPriorityGrouping
 .text.HAL_NVIC_SetPriority
                0x00000000080006b2       0x38 ./Drivers/STM32F1xx_HAL_Driver/stm32f1xx_hal_cortex.o
                0x00000000080006b2                HAL_NVIC_SetPriority
 .text.HAL_NVIC_EnableIRQ
                0x00000000080006ea       0x1c ./Drivers/STM32F1xx_HAL_Driver/stm32f1xx_hal_cortex.o
                0x00000000080006ea                HAL_NVIC_EnableIRQ
 .text.HAL_SYSTICK_Config
                0x0000000008000706       0x18 ./Drivers/STM32F1xx_HAL_Driver/stm32f1xx_hal_cortex.o
                0x0000000008000706                HAL_SYSTICK_Config
 .text.HAL_PCD_Init
                0x000000000800071e      0x216 ./Drivers/STM32F1xx_HAL_Driver/stm32f1xx_hal_pcd.o
                0x000000000800071e                HAL_PCD_Init
 .text.HAL_PCD_Start
                0x0000000008000934       0x4c ./Drivers/STM32F1xx_HAL_Driver/stm32f1xx_hal_pcd.o
                0x0000000008000934                HAL_PCD_Start
 .text.HAL_PCD_IRQHandler
                0x0000000008000980      0x2a6 ./Drivers/STM32F1xx_HAL_Driver/stm32f1xx_hal_pcd.o
                0x0000000008000980                HAL_PCD_IRQHandler
 .text.HAL_PCD_SetAddress
                0x0000000008000c26       0x4a ./Drivers/STM32F1xx_HAL_Driver/stm32f1xx_hal_pcd.o
                0x0000000008000c26                HAL_PCD_SetAddress
 .text.HAL_PCD_EP_Open
                0x0000000008000c70       0xcc ./Drivers/STM32F1xx_HAL_Driver/stm32f1xx_hal_pcd.o
                0x0000000008000c70                HAL_PCD_EP_Open
 .text.HAL_PCD_EP_Close
                0x0000000008000d3c       0x90 ./Drivers/STM32F1xx_HAL_Driver/stm32f1xx_hal_pcd.o
                0x0000000008000d3c                HAL_PCD_EP_Close
 .text.HAL_PCD_EP_Receive
                0x0000000008000dcc       0x7a ./Drivers/STM32F1xx_HAL_Driver/stm32f1xx_hal_pcd.o
                0x0000000008000dcc                HAL_PCD_EP_Receive
 .text.HAL_PCD_EP_GetRxCount
                0x0000000008000e46       0x2e ./Drivers/STM32F1xx_HAL_Driver/stm32f1xx_hal_pcd.o
                0x0000000008000e46                HAL_PCD_EP_GetRxCount
 .text.HAL_PCD_EP_Transmit
                0x0000000008000e74       0x86 ./Drivers/STM32F1xx_HAL_Driver/stm32f1xx_hal_pcd.o
                0x0000000008000e74                HAL_PCD_EP_Transmit
 .text.HAL_PCD_EP_SetStall
                0x0000000008000efa       0xc0 ./Drivers/STM32F1xx_HAL_Driver/stm32f1xx_hal_pcd.o
                0x0000000008000efa                HAL_PCD_EP_SetStall
 .text.HAL_PCD_EP_ClrStall
                0x0000000008000fba       0xa8 ./Drivers/STM32F1xx_HAL_Driver/stm32f1xx_hal_pcd.o
                0x0000000008000fba                HAL_PCD_EP_ClrStall
 .text.PCD_EP_ISR_Handler
                0x0000000008001062      0x600 ./Drivers/STM32F1xx_HAL_Driver/stm32f1xx_hal_pcd.o
 .text.HAL_PCD_EP_DB_Receive
                0x0000000008001662      0x21a ./Drivers/STM32F1xx_HAL_Driver/stm32f1xx_hal_pcd.o
 .text.HAL_PCD_EP_DB_Transmit
                0x000000000800187c      0x7a4 ./Drivers/STM32F1xx_HAL_Driver/stm32f1xx_hal_pcd.o
 .text.HAL_PCDEx_PMAConfig
                0x0000000008002020       0x84 ./Drivers/STM32F1xx_HAL_Driver/stm32f1xx_hal_pcd_ex.o
                0x0000000008002020                HAL_PCDEx_PMAConfig
 .text.HAL_RCC_OscConfig
                0x00000000080020a4      0x504 ./Drivers/STM32F1xx_HAL_Driver/stm32f1xx_hal_rcc.o
                0x00000000080020a4                HAL_RCC_OscConfig
 .text.HAL_RCC_ClockConfig
                0x00000000080025a8      0x1d4 ./Drivers/STM32F1xx_HAL_Driver/stm32f1xx_hal_rcc.o
                0x00000000080025a8                HAL_RCC_ClockConfig
 .text.HAL_RCC_GetSysClockFreq
                0x000000000800277c       0xbc ./Drivers/STM32F1xx_HAL_Driver/stm32f1xx_hal_rcc.o
                0x000000000800277c                HAL_RCC_GetSysClockFreq
 .text.RCC_Delay
                0x0000000008002838       0x3c ./Drivers/STM32F1xx_HAL_Driver/stm32f1xx_hal_rcc.o
 .text.HAL_RCCEx_PeriphCLKConfig
                0x0000000008002874      0x16c ./Drivers/STM32F1xx_HAL_Driver/stm32f1xx_hal_rcc_ex.o
                0x0000000008002874                HAL_RCCEx_PeriphCLKConfig
 .text.USB_CoreInit
                0x00000000080029e0       0x20 ./Drivers/STM32F1xx_HAL_Driver/stm32f1xx_ll_usb.o
                0x00000000080029e0                USB_CoreInit
 .text.USB_EnableGlobalInt
                0x0000000008002a00       0x2c ./Drivers/STM32F1xx_HAL_Driver/stm32f1xx_ll_usb.o
                0x0000000008002a00                USB_EnableGlobalInt
 .text.USB_DisableGlobalInt
                0x0000000008002a2c       0x34 ./Drivers/STM32F1xx_HAL_Driver/stm32f1xx_ll_usb.o
                0x0000000008002a2c                USB_DisableGlobalInt
 .text.USB_SetCurrentMode
                0x0000000008002a60       0x18 ./Drivers/STM32F1xx_HAL_Driver/stm32f1xx_ll_usb.o
                0x0000000008002a60                USB_SetCurrentMode
 .text.USB_DevInit
                0x0000000008002a78       0x40 ./Drivers/STM32F1xx_HAL_Driver/stm32f1xx_ll_usb.o
                0x0000000008002a78                USB_DevInit
 .text.USB_ActivateEndpoint
                0x0000000008002ab8      0x6d4 ./Drivers/STM32F1xx_HAL_Driver/stm32f1xx_ll_usb.o
                0x0000000008002ab8                USB_ActivateEndpoint
 .text.USB_DeactivateEndpoint
                0x000000000800318c      0x3d8 ./Drivers/STM32F1xx_HAL_Driver/stm32f1xx_ll_usb.o
                0x000000000800318c                USB_DeactivateEndpoint
 .text.USB_EPStartXfer
                0x0000000008003564     0x1c70 ./Drivers/STM32F1xx_HAL_Driver/stm32f1xx_ll_usb.o
                0x0000000008003564                USB_EPStartXfer
 .text.USB_EPSetStall
                0x00000000080051d4       0xa0 ./Drivers/STM32F1xx_HAL_Driver/stm32f1xx_ll_usb.o
                0x00000000080051d4                USB_EPSetStall
 .text.USB_EPClearStall
                0x0000000008005274      0x15a ./Drivers/STM32F1xx_HAL_Driver/stm32f1xx_ll_usb.o
                0x0000000008005274                USB_EPClearStall
 .text.USB_SetDevAddress
                0x00000000080053ce       0x26 ./Drivers/STM32F1xx_HAL_Driver/stm32f1xx_ll_usb.o
                0x00000000080053ce                USB_SetDevAddress
 .text.USB_DevConnect
                0x00000000080053f4       0x14 ./Drivers/STM32F1xx_HAL_Driver/stm32f1xx_ll_usb.o
                0x00000000080053f4                USB_DevConnect
 .text.USB_DevDisconnect
                0x0000000008005408       0x14 ./Drivers/STM32F1xx_HAL_Driver/stm32f1xx_ll_usb.o
                0x0000000008005408                USB_DevDisconnect
 .text.USB_ReadInterrupts
                0x000000000800541c       0x1e ./Drivers/STM32F1xx_HAL_Driver/stm32f1xx_ll_usb.o
                0x000000000800541c                USB_ReadInterrupts
 .text.USB_EP0_OutStart
                0x000000000800543a       0x16 ./Drivers/STM32F1xx_HAL_Driver/stm32f1xx_ll_usb.o
                0x000000000800543a                USB_EP0_OutStart
 .text.USB_WritePMA
                0x0000000008005450       0x8a ./Drivers/STM32F1xx_HAL_Driver/stm32f1xx_ll_usb.o
                0x0000000008005450                USB_WritePMA
 .text.USB_ReadPMA
                0x00000000080054da       0x9e ./Drivers/STM32F1xx_HAL_Driver/stm32f1xx_ll_usb.o
                0x00000000080054da                USB_ReadPMA
 .text.USBD_CDC_Init
                0x0000000008005578       0xf4 ./Middlewares/USB_Device_Library/usbd_cdc.o
 .text.USBD_CDC_DeInit
                0x000000000800566c       0x6e ./Middlewares/USB_Device_Library/usbd_cdc.o
 .text.USBD_CDC_Setup
                0x00000000080056da      0x146 ./Middlewares/USB_Device_Library/usbd_cdc.o
 .text.USBD_CDC_DataIn
                0x0000000008005820       0xa6 ./Middlewares/USB_Device_Library/usbd_cdc.o
 .text.USBD_CDC_DataOut
                0x00000000080058c6       0x56 ./Middlewares/USB_Device_Library/usbd_cdc.o
 .text.USBD_CDC_EP0_RxReady
                0x000000000800591c       0x50 ./Middlewares/USB_Device_Library/usbd_cdc.o
 .text.USBD_CDC_GetFSCfgDesc
                0x000000000800596c       0x20 ./Middlewares/USB_Device_Library/usbd_cdc.o
 .text.USBD_CDC_GetHSCfgDesc
                0x000000000800598c       0x20 ./Middlewares/USB_Device_Library/usbd_cdc.o
 .text.USBD_CDC_GetOtherSpeedCfgDesc
                0x00000000080059ac       0x20 ./Middlewares/USB_Device_Library/usbd_cdc.o
 .text.USBD_CDC_GetDeviceQualifierDescriptor
                0x00000000080059cc       0x20 ./Middlewares/USB_Device_Library/usbd_cdc.o
                0x00000000080059cc                USBD_CDC_GetDeviceQualifierDescriptor
 .text.USBD_CDC_RegisterInterface
                0x00000000080059ec       0x2c ./Middlewares/USB_Device_Library/usbd_cdc.o
                0x00000000080059ec                USBD_CDC_RegisterInterface
 .text.USBD_CDC_SetTxBuffer
                0x0000000008005a18       0x32 ./Middlewares/USB_Device_Library/usbd_cdc.o
                0x0000000008005a18                USBD_CDC_SetTxBuffer
 .text.USBD_CDC_SetRxBuffer
                0x0000000008005a4a       0x26 ./Middlewares/USB_Device_Library/usbd_cdc.o
                0x0000000008005a4a                USBD_CDC_SetRxBuffer
 .text.USBD_CDC_TransmitPacket
                0x0000000008005a70       0x5e ./Middlewares/USB_Device_Library/usbd_cdc.o
                0x0000000008005a70                USBD_CDC_TransmitPacket
 .text.USBD_CDC_ReceivePacket
                0x0000000008005ace       0x54 ./Middlewares/USB_Device_Library/usbd_cdc.o
                0x0000000008005ace                USBD_CDC_ReceivePacket
 .text.USBD_Init
                0x0000000008005b22       0x56 ./Middlewares/USB_Device_Library/usbd_core.o
                0x0000000008005b22                USBD_Init
 .text.USBD_RegisterClass
                0x0000000008005b78       0x32 ./Middlewares/USB_Device_Library/usbd_core.o
                0x0000000008005b78                USBD_RegisterClass
 .text.USBD_Start
                0x0000000008005baa       0x18 ./Middlewares/USB_Device_Library/usbd_core.o
                0x0000000008005baa                USBD_Start
 .text.USBD_RunTestMode
                0x0000000008005bc2       0x14 ./Middlewares/USB_Device_Library/usbd_core.o
                0x0000000008005bc2                USBD_RunTestMode
 .text.USBD_SetClassConfig
                0x0000000008005bd6       0x3e ./Middlewares/USB_Device_Library/usbd_core.o
                0x0000000008005bd6                USBD_SetClassConfig
 .text.USBD_ClrClassConfig
                0x0000000008005c14       0x26 ./Middlewares/USB_Device_Library/usbd_core.o
                0x0000000008005c14                USBD_ClrClassConfig
 .text.USBD_LL_SetupStage
                0x0000000008005c3a       0x9a ./Middlewares/USB_Device_Library/usbd_core.o
                0x0000000008005c3a                USBD_LL_SetupStage
 .text.USBD_LL_DataOutStage
                0x0000000008005cd4       0xe2 ./Middlewares/USB_Device_Library/usbd_core.o
                0x0000000008005cd4                USBD_LL_DataOutStage
 .text.USBD_LL_DataInStage
                0x0000000008005db6      0x14a ./Middlewares/USB_Device_Library/usbd_core.o
                0x0000000008005db6                USBD_LL_DataInStage
 .text.USBD_LL_Reset
                0x0000000008005f00       0x82 ./Middlewares/USB_Device_Library/usbd_core.o
                0x0000000008005f00                USBD_LL_Reset
 .text.USBD_LL_SetSpeed
                0x0000000008005f82       0x1e ./Middlewares/USB_Device_Library/usbd_core.o
                0x0000000008005f82                USBD_LL_SetSpeed
 .text.USBD_LL_Suspend
                0x0000000008005fa0       0x28 ./Middlewares/USB_Device_Library/usbd_core.o
                0x0000000008005fa0                USBD_LL_Suspend
 .text.USBD_LL_Resume
                0x0000000008005fc8       0x2a ./Middlewares/USB_Device_Library/usbd_core.o
                0x0000000008005fc8                USBD_LL_Resume
 .text.USBD_LL_SOF
                0x0000000008005ff2       0x34 ./Middlewares/USB_Device_Library/usbd_core.o
                0x0000000008005ff2                USBD_LL_SOF
 *fill*         0x0000000008006026        0x2 
 .text.USBD_StdDevReq
                0x0000000008006028       0xd4 ./Middlewares/USB_Device_Library/usbd_ctlreq.o
                0x0000000008006028                USBD_StdDevReq
 .text.USBD_StdItfReq
                0x00000000080060fc       0x90 ./Middlewares/USB_Device_Library/usbd_ctlreq.o
                0x00000000080060fc                USBD_StdItfReq
 .text.USBD_StdEPReq
                0x000000000800618c      0x2c6 ./Middlewares/USB_Device_Library/usbd_ctlreq.o
                0x000000000800618c                USBD_StdEPReq
 *fill*         0x0000000008006452        0x2 
 .text.USBD_GetDescriptor
                0x0000000008006454      0x2d0 ./Middlewares/USB_Device_Library/usbd_ctlreq.o
 .text.USBD_SetAddress
                0x0000000008006724       0x86 ./Middlewares/USB_Device_Library/usbd_ctlreq.o
 *fill*         0x00000000080067aa        0x2 
 .text.USBD_SetConfig
                0x00000000080067ac      0x11c ./Middlewares/USB_Device_Library/usbd_ctlreq.o
 .text.USBD_GetConfig
                0x00000000080068c8       0x6a ./Middlewares/USB_Device_Library/usbd_ctlreq.o
 .text.USBD_GetStatus
                0x0000000008006932       0x66 ./Middlewares/USB_Device_Library/usbd_ctlreq.o
 .text.USBD_SetFeature
                0x0000000008006998       0x28 ./Middlewares/USB_Device_Library/usbd_ctlreq.o
 .text.USBD_ClrFeature
                0x00000000080069c0       0x42 ./Middlewares/USB_Device_Library/usbd_ctlreq.o
 .text.USBD_ParseSetupRequest
                0x0000000008006a02       0x78 ./Middlewares/USB_Device_Library/usbd_ctlreq.o
                0x0000000008006a02                USBD_ParseSetupRequest
 .text.USBD_CtlError
                0x0000000008006a7a       0x22 ./Middlewares/USB_Device_Library/usbd_ctlreq.o
                0x0000000008006a7a                USBD_CtlError
 .text.USBD_GetString
                0x0000000008006a9c       0x84 ./Middlewares/USB_Device_Library/usbd_ctlreq.o
                0x0000000008006a9c                USBD_GetString
 .text.USBD_GetLen
                0x0000000008006b20       0x2e ./Middlewares/USB_Device_Library/usbd_ctlreq.o
 .text.USBD_CtlSendData
                0x0000000008006b4e       0x38 ./Middlewares/USB_Device_Library/usbd_ioreq.o
                0x0000000008006b4e                USBD_CtlSendData
 .text.USBD_CtlContinueSendData
                0x0000000008006b86       0x24 ./Middlewares/USB_Device_Library/usbd_ioreq.o
                0x0000000008006b86                USBD_CtlContinueSendData
 .text.USBD_CtlPrepareRx
                0x0000000008006baa       0x3c ./Middlewares/USB_Device_Library/usbd_ioreq.o
                0x0000000008006baa                USBD_CtlPrepareRx
 .text.USBD_CtlContinueRx
                0x0000000008006be6       0x24 ./Middlewares/USB_Device_Library/usbd_ioreq.o
                0x0000000008006be6                USBD_CtlContinueRx
 .text.USBD_CtlSendStatus
                0x0000000008006c0a       0x26 ./Middlewares/USB_Device_Library/usbd_ioreq.o
                0x0000000008006c0a                USBD_CtlSendStatus
 .text.USBD_CtlReceiveStatus
                0x0000000008006c30       0x26 ./Middlewares/USB_Device_Library/usbd_ioreq.o
                0x0000000008006c30                USBD_CtlReceiveStatus
 *fill*         0x0000000008006c56        0x2 
 .text.MX_USB_DEVICE_Init
                0x0000000008006c58       0x60 ./USB_DEVICE/App/usb_device.o
                0x0000000008006c58                MX_USB_DEVICE_Init
 .text.CDC_Init_FS
                0x0000000008006cb8       0x28 ./USB_DEVICE/App/usbd_cdc_if.o
 .text.CDC_DeInit_FS
                0x0000000008006ce0        0xe ./USB_DEVICE/App/usbd_cdc_if.o
 *fill*         0x0000000008006cee        0x2 
 .text.CDC_Control_FS
                0x0000000008006cf0       0xbc ./USB_DEVICE/App/usbd_cdc_if.o
 .text.CDC_Receive_FS
                0x0000000008006dac       0x28 ./USB_DEVICE/App/usbd_cdc_if.o
 .text.CDC_Transmit_FS
                0x0000000008006dd4       0x4c ./USB_DEVICE/App/usbd_cdc_if.o
                0x0000000008006dd4                CDC_Transmit_FS
 .text.USBD_FS_DeviceDescriptor
                0x0000000008006e20       0x24 ./USB_DEVICE/App/usbd_desc.o
                0x0000000008006e20                USBD_FS_DeviceDescriptor
 .text.USBD_FS_LangIDStrDescriptor
                0x0000000008006e44       0x24 ./USB_DEVICE/App/usbd_desc.o
                0x0000000008006e44                USBD_FS_LangIDStrDescriptor
 .text.USBD_FS_ProductStrDescriptor
                0x0000000008006e68       0x3c ./USB_DEVICE/App/usbd_desc.o
                0x0000000008006e68                USBD_FS_ProductStrDescriptor
 .text.USBD_FS_ManufacturerStrDescriptor
                0x0000000008006ea4       0x28 ./USB_DEVICE/App/usbd_desc.o
                0x0000000008006ea4                USBD_FS_ManufacturerStrDescriptor
 .text.USBD_FS_SerialStrDescriptor
                0x0000000008006ecc       0x24 ./USB_DEVICE/App/usbd_desc.o
                0x0000000008006ecc                USBD_FS_SerialStrDescriptor
 .text.USBD_FS_ConfigStrDescriptor
                0x0000000008006ef0       0x3c ./USB_DEVICE/App/usbd_desc.o
                0x0000000008006ef0                USBD_FS_ConfigStrDescriptor
 .text.USBD_FS_InterfaceStrDescriptor
                0x0000000008006f2c       0x3c ./USB_DEVICE/App/usbd_desc.o
                0x0000000008006f2c                USBD_FS_InterfaceStrDescriptor
 .text.Get_SerialNum
                0x0000000008006f68       0x58 ./USB_DEVICE/App/usbd_desc.o
 .text.IntToUnicode
                0x0000000008006fc0       0x7c ./USB_DEVICE/App/usbd_desc.o
 .text.HAL_PCD_MspInit
                0x000000000800703c       0x4c ./USB_DEVICE/Target/usbd_conf.o
                0x000000000800703c                HAL_PCD_MspInit
 .text.HAL_PCD_SetupStageCallback
                0x0000000008007088       0x24 ./USB_DEVICE/Target/usbd_conf.o
                0x0000000008007088                HAL_PCD_SetupStageCallback
 .text.HAL_PCD_DataOutStageCallback
                0x00000000080070ac       0x36 ./USB_DEVICE/Target/usbd_conf.o
                0x00000000080070ac                HAL_PCD_DataOutStageCallback
 .text.HAL_PCD_DataInStageCallback
                0x00000000080070e2       0x34 ./USB_DEVICE/Target/usbd_conf.o
                0x00000000080070e2                HAL_PCD_DataInStageCallback
 .text.HAL_PCD_SOFCallback
                0x0000000008007116       0x1c ./USB_DEVICE/Target/usbd_conf.o
                0x0000000008007116                HAL_PCD_SOFCallback
 .text.HAL_PCD_ResetCallback
                0x0000000008007132       0x3c ./USB_DEVICE/Target/usbd_conf.o
                0x0000000008007132                HAL_PCD_ResetCallback
 *fill*         0x000000000800716e        0x2 
 .text.HAL_PCD_SuspendCallback
                0x0000000008007170       0x34 ./USB_DEVICE/Target/usbd_conf.o
                0x0000000008007170                HAL_PCD_SuspendCallback
 .text.HAL_PCD_ResumeCallback
                0x00000000080071a4       0x1c ./USB_DEVICE/Target/usbd_conf.o
                0x00000000080071a4                HAL_PCD_ResumeCallback
 .text.USBD_LL_Init
                0x00000000080071c0       0xb4 ./USB_DEVICE/Target/usbd_conf.o
                0x00000000080071c0                USBD_LL_Init
 .text.USBD_LL_Start
                0x0000000008007274       0x36 ./USB_DEVICE/Target/usbd_conf.o
                0x0000000008007274                USBD_LL_Start
 .text.USBD_LL_OpenEP
                0x00000000080072aa       0x4c ./USB_DEVICE/Target/usbd_conf.o
                0x00000000080072aa                USBD_LL_OpenEP
 .text.USBD_LL_CloseEP
                0x00000000080072f6       0x3e ./USB_DEVICE/Target/usbd_conf.o
                0x00000000080072f6                USBD_LL_CloseEP
 .text.USBD_LL_StallEP
                0x0000000008007334       0x3e ./USB_DEVICE/Target/usbd_conf.o
                0x0000000008007334                USBD_LL_StallEP
 .text.USBD_LL_ClearStallEP
                0x0000000008007372       0x3e ./USB_DEVICE/Target/usbd_conf.o
                0x0000000008007372                USBD_LL_ClearStallEP
 .text.USBD_LL_IsStallEP
                0x00000000080073b0       0x58 ./USB_DEVICE/Target/usbd_conf.o
                0x00000000080073b0                USBD_LL_IsStallEP
 .text.USBD_LL_SetUSBAddress
                0x0000000008007408       0x3e ./USB_DEVICE/Target/usbd_conf.o
                0x0000000008007408                USBD_LL_SetUSBAddress
 .text.USBD_LL_Transmit
                0x0000000008007446       0x46 ./USB_DEVICE/Target/usbd_conf.o
                0x0000000008007446                USBD_LL_Transmit
 .text.USBD_LL_PrepareReceive
                0x000000000800748c       0x46 ./USB_DEVICE/Target/usbd_conf.o
                0x000000000800748c                USBD_LL_PrepareReceive
 .text.USBD_LL_GetRxDataSize
                0x00000000080074d2       0x26 ./USB_DEVICE/Target/usbd_conf.o
                0x00000000080074d2                USBD_LL_GetRxDataSize
 .text.USBD_static_malloc
                0x00000000080074f8       0x18 ./USB_DEVICE/Target/usbd_conf.o
                0x00000000080074f8                USBD_static_malloc
 .text.USBD_static_free
                0x0000000008007510       0x12 ./USB_DEVICE/Target/usbd_conf.o
                0x0000000008007510                USBD_static_free
 .text.HAL_PCDEx_SetConnectionState
                0x0000000008007522       0x16 ./USB_DEVICE/Target/usbd_conf.o
                0x0000000008007522                HAL_PCDEx_SetConnectionState
 .text.USBD_Get_USB_Status
                0x0000000008007538       0x58 ./USB_DEVICE/Target/usbd_conf.o
 .text.__libc_init_array
                0x0000000008007590       0x48 /opt/st/stm32cubeide_1.11.2/plugins/com.st.stm32cube.ide.mcu.externaltools.gnu-tools-for-stm32.10.3-2021.10.linux64_1.0.100.202210260954/tools/bin/../lib/gcc/arm-none-eabi/10.3.1/../../../../arm-none-eabi/lib/thumb/v7-m/nofp/libc_nano.a(lib_a-init.o)
                0x0000000008007590                __libc_init_array
 .text.memset   0x00000000080075d8       0x10 /opt/st/stm32cubeide_1.11.2/plugins/com.st.stm32cube.ide.mcu.externaltools.gnu-tools-for-stm32.10.3-2021.10.linux64_1.0.100.202210260954/tools/bin/../lib/gcc/arm-none-eabi/10.3.1/../../../../arm-none-eabi/lib/thumb/v7-m/nofp/libc_nano.a(lib_a-memset.o)
                0x00000000080075d8                memset
 *(.glue_7)
 .glue_7        0x00000000080075e8        0x0 linker stubs
 *(.glue_7t)
 .glue_7t       0x00000000080075e8        0x0 linker stubs
 *(.eh_frame)
 .eh_frame      0x00000000080075e8        0x0 /opt/st/stm32cubeide_1.11.2/plugins/com.st.stm32cube.ide.mcu.externaltools.gnu-tools-for-stm32.10.3-2021.10.linux64_1.0.100.202210260954/tools/bin/../lib/gcc/arm-none-eabi/10.3.1/thumb/v7-m/nofp/crtbegin.o
 *(.init)
 .init          0x00000000080075e8        0x4 /opt/st/stm32cubeide_1.11.2/plugins/com.st.stm32cube.ide.mcu.externaltools.gnu-tools-for-stm32.10.3-2021.10.linux64_1.0.100.202210260954/tools/bin/../lib/gcc/arm-none-eabi/10.3.1/thumb/v7-m/nofp/crti.o
                0x00000000080075e8                _init
 .init          0x00000000080075ec        0x8 /opt/st/stm32cubeide_1.11.2/plugins/com.st.stm32cube.ide.mcu.externaltools.gnu-tools-for-stm32.10.3-2021.10.linux64_1.0.100.202210260954/tools/bin/../lib/gcc/arm-none-eabi/10.3.1/thumb/v7-m/nofp/crtn.o
 *(.fini)
 .fini          0x00000000080075f4        0x4 /opt/st/stm32cubeide_1.11.2/plugins/com.st.stm32cube.ide.mcu.externaltools.gnu-tools-for-stm32.10.3-2021.10.linux64_1.0.100.202210260954/tools/bin/../lib/gcc/arm-none-eabi/10.3.1/thumb/v7-m/nofp/crti.o
                0x00000000080075f4                _fini
 .fini          0x00000000080075f8        0x8 /opt/st/stm32cubeide_1.11.2/plugins/com.st.stm32cube.ide.mcu.externaltools.gnu-tools-for-stm32.10.3-2021.10.linux64_1.0.100.202210260954/tools/bin/../lib/gcc/arm-none-eabi/10.3.1/thumb/v7-m/nofp/crtn.o
                0x0000000008007600                . = ALIGN (0x4)
                0x0000000008007600                _etext = .

.vfp11_veneer   0x0000000008007600        0x0
 .vfp11_veneer  0x0000000008007600        0x0 linker stubs

.v4_bx          0x0000000008007600        0x0
 .v4_bx         0x0000000008007600        0x0 linker stubs

.iplt           0x0000000008007600        0x0
 .iplt          0x0000000008007600        0x0 /opt/st/stm32cubeide_1.11.2/plugins/com.st.stm32cube.ide.mcu.externaltools.gnu-tools-for-stm32.10.3-2021.10.linux64_1.0.100.202210260954/tools/bin/../lib/gcc/arm-none-eabi/10.3.1/thumb/v7-m/nofp/crtbegin.o

.rodata         0x0000000008007600       0x8c
                0x0000000008007600                . = ALIGN (0x4)
 *(.rodata)
 .rodata        0x0000000008007600       0x21 ./Core/Src/main.o
 *fill*         0x0000000008007621        0x3 
 .rodata        0x0000000008007624       0x10 ./Drivers/STM32F1xx_HAL_Driver/stm32f1xx_hal_rcc.o
 .rodata        0x0000000008007634       0x46 ./USB_DEVICE/App/usbd_desc.o
 *(.rodata*)
 *fill*         0x000000000800767a        0x2 
 .rodata.AHBPrescTable
                0x000000000800767c       0x10 ./Core/Src/system_stm32f1xx.o
                0x000000000800767c                AHBPrescTable
                0x000000000800768c                . = ALIGN (0x4)

.rel.dyn        0x000000000800768c        0x0
 .rel.iplt      0x000000000800768c        0x0 /opt/st/stm32cubeide_1.11.2/plugins/com.st.stm32cube.ide.mcu.externaltools.gnu-tools-for-stm32.10.3-2021.10.linux64_1.0.100.202210260954/tools/bin/../lib/gcc/arm-none-eabi/10.3.1/thumb/v7-m/nofp/crtbegin.o

.ARM.extab      0x000000000800768c        0x0
                0x000000000800768c                . = ALIGN (0x4)
 *(.ARM.extab* .gnu.linkonce.armextab.*)
                0x000000000800768c                . = ALIGN (0x4)

.ARM            0x000000000800768c        0x0
                0x000000000800768c                . = ALIGN (0x4)
                0x000000000800768c                __exidx_start = .
 *(.ARM.exidx*)
                0x000000000800768c                __exidx_end = .
                0x000000000800768c                . = ALIGN (0x4)

.preinit_array  0x000000000800768c        0x0
                0x000000000800768c                . = ALIGN (0x4)
                0x000000000800768c                PROVIDE (__preinit_array_start = .)
 *(.preinit_array*)
                0x000000000800768c                PROVIDE (__preinit_array_end = .)
                0x000000000800768c                . = ALIGN (0x4)

.init_array     0x000000000800768c        0x4
                0x000000000800768c                . = ALIGN (0x4)
                0x000000000800768c                PROVIDE (__init_array_start = .)
 *(SORT_BY_NAME(.init_array.*))
 *(.init_array*)
 .init_array    0x000000000800768c        0x4 /opt/st/stm32cubeide_1.11.2/plugins/com.st.stm32cube.ide.mcu.externaltools.gnu-tools-for-stm32.10.3-2021.10.linux64_1.0.100.202210260954/tools/bin/../lib/gcc/arm-none-eabi/10.3.1/thumb/v7-m/nofp/crtbegin.o
                0x0000000008007690                PROVIDE (__init_array_end = .)
                0x0000000008007690                . = ALIGN (0x4)

.fini_array     0x0000000008007690        0x4
                0x0000000008007690                . = ALIGN (0x4)
                [!provide]                        PROVIDE (__fini_array_start = .)
 *(SORT_BY_NAME(.fini_array.*))
 *(.fini_array*)
 .fini_array    0x0000000008007690        0x4 /opt/st/stm32cubeide_1.11.2/plugins/com.st.stm32cube.ide.mcu.externaltools.gnu-tools-for-stm32.10.3-2021.10.linux64_1.0.100.202210260954/tools/bin/../lib/gcc/arm-none-eabi/10.3.1/thumb/v7-m/nofp/crtbegin.o
                [!provide]                        PROVIDE (__fini_array_end = .)
                0x0000000008007694                . = ALIGN (0x4)
                0x0000000008007694                _sidata = LOADADDR (.data)

.data           0x0000000020000000      0x17c load address 0x0000000008007694
                0x0000000020000000                . = ALIGN (0x4)
                0x0000000020000000                _sdata = .
 *(.data)
 *(.data*)
 .data.SystemCoreClock
                0x0000000020000000        0x4 ./Core/Src/system_stm32f1xx.o
                0x0000000020000000                SystemCoreClock
 .data.uwTickPrio
                0x0000000020000004        0x4 ./Drivers/STM32F1xx_HAL_Driver/stm32f1xx_hal.o
                0x0000000020000004                uwTickPrio
 .data.uwTickFreq
                0x0000000020000008        0x1 ./Drivers/STM32F1xx_HAL_Driver/stm32f1xx_hal.o
                0x0000000020000008                uwTickFreq
 *fill*         0x0000000020000009        0x3 
 .data.USBD_CDC_DeviceQualifierDesc
                0x000000002000000c        0xa ./Middlewares/USB_Device_Library/usbd_cdc.o
 *fill*         0x0000000020000016        0x2 
 .data.USBD_CDC
                0x0000000020000018       0x38 ./Middlewares/USB_Device_Library/usbd_cdc.o
                0x0000000020000018                USBD_CDC
 .data.USBD_CDC_CfgHSDesc
                0x0000000020000050       0x43 ./Middlewares/USB_Device_Library/usbd_cdc.o
                0x0000000020000050                USBD_CDC_CfgHSDesc
 *fill*         0x0000000020000093        0x1 
 .data.USBD_CDC_CfgFSDesc
                0x0000000020000094       0x43 ./Middlewares/USB_Device_Library/usbd_cdc.o
                0x0000000020000094                USBD_CDC_CfgFSDesc
 *fill*         0x00000000200000d7        0x1 
 .data.USBD_CDC_OtherSpeedCfgDesc
                0x00000000200000d8       0x43 ./Middlewares/USB_Device_Library/usbd_cdc.o
                0x00000000200000d8                USBD_CDC_OtherSpeedCfgDesc
 *fill*         0x000000002000011b        0x1 
 .data.USBD_Interface_fops_FS
                0x000000002000011c       0x10 ./USB_DEVICE/App/usbd_cdc_if.o
                0x000000002000011c                USBD_Interface_fops_FS
 .data.FS_Desc  0x000000002000012c       0x1c ./USB_DEVICE/App/usbd_desc.o
                0x000000002000012c                FS_Desc
 .data.USBD_FS_DeviceDesc
                0x0000000020000148       0x12 ./USB_DEVICE/App/usbd_desc.o
                0x0000000020000148                USBD_FS_DeviceDesc
 *fill*         0x000000002000015a        0x2 
 .data.USBD_LangIDDesc
                0x000000002000015c        0x4 ./USB_DEVICE/App/usbd_desc.o
                0x000000002000015c                USBD_LangIDDesc
 .data.USBD_StringSerial
                0x0000000020000160       0x1a ./USB_DEVICE/App/usbd_desc.o
                0x0000000020000160                USBD_StringSerial
 *(.RamFunc)
 *(.RamFunc*)
                0x000000002000017c                . = ALIGN (0x4)
 *fill*         0x000000002000017a        0x2 
                0x000000002000017c                _edata = .

.igot.plt       0x000000002000017c        0x0 load address 0x0000000008007810
 .igot.plt      0x000000002000017c        0x0 /opt/st/stm32cubeide_1.11.2/plugins/com.st.stm32cube.ide.mcu.externaltools.gnu-tools-for-stm32.10.3-2021.10.linux64_1.0.100.202210260954/tools/bin/../lib/gcc/arm-none-eabi/10.3.1/thumb/v7-m/nofp/crtbegin.o
                0x000000002000017c                . = ALIGN (0x4)

.bss            0x000000002000017c     0x11f4 load address 0x0000000008007810
                0x000000002000017c                _sbss = .
                0x000000002000017c                __bss_start__ = _sbss
 *(.bss)
 .bss           0x000000002000017c       0x1c /opt/st/stm32cubeide_1.11.2/plugins/com.st.stm32cube.ide.mcu.externaltools.gnu-tools-for-stm32.10.3-2021.10.linux64_1.0.100.202210260954/tools/bin/../lib/gcc/arm-none-eabi/10.3.1/thumb/v7-m/nofp/crtbegin.o
 *(.bss*)
 .bss.uwTick    0x0000000020000198        0x4 ./Drivers/STM32F1xx_HAL_Driver/stm32f1xx_hal.o
                0x0000000020000198                uwTick
 .bss.cfgidx.0  0x000000002000019c        0x1 ./Middlewares/USB_Device_Library/usbd_ctlreq.o
 *fill*         0x000000002000019d        0x3 
 .bss.hUsbDeviceFS
                0x00000000200001a0      0x2c4 ./USB_DEVICE/App/usb_device.o
                0x00000000200001a0                hUsbDeviceFS
 .bss.UserRxBufferFS
                0x0000000020000464      0x400 ./USB_DEVICE/App/usbd_cdc_if.o
                0x0000000020000464                UserRxBufferFS
 .bss.UserTxBufferFS
                0x0000000020000864      0x400 ./USB_DEVICE/App/usbd_cdc_if.o
                0x0000000020000864                UserTxBufferFS
 .bss.USBD_StrDesc
                0x0000000020000c64      0x200 ./USB_DEVICE/App/usbd_desc.o
                0x0000000020000c64                USBD_StrDesc
 .bss.hpcd_USB_FS
                0x0000000020000e64      0x2ec ./USB_DEVICE/Target/usbd_conf.o
                0x0000000020000e64                hpcd_USB_FS
 .bss.mem.0     0x0000000020001150      0x220 ./USB_DEVICE/Target/usbd_conf.o
 *(COMMON)
                0x0000000020001370                . = ALIGN (0x4)
                0x0000000020001370                _ebss = .
                0x0000000020001370                __bss_end__ = _ebss

._user_heap_stack
                0x0000000020001370      0x600 load address 0x0000000008007810
                0x0000000020001370                . = ALIGN (0x8)
                [!provide]                        PROVIDE (end = .)
                0x0000000020001370                PROVIDE (_end = .)
                0x0000000020001570                . = (. + _Min_Heap_Size)
 *fill*         0x0000000020001370      0x200 
                0x0000000020001970                . = (. + _Min_Stack_Size)
 *fill*         0x0000000020001570      0x400 
                0x0000000020001970                . = ALIGN (0x8)

/DISCARD/
 libc.a(*)
 libm.a(*)
 libgcc.a(*)

.ARM.attributes
                0x0000000000000000       0x29
 *(.ARM.attributes)
 .ARM.attributes
                0x0000000000000000       0x1d /opt/st/stm32cubeide_1.11.2/plugins/com.st.stm32cube.ide.mcu.externaltools.gnu-tools-for-stm32.10.3-2021.10.linux64_1.0.100.202210260954/tools/bin/../lib/gcc/arm-none-eabi/10.3.1/thumb/v7-m/nofp/crti.o
 .ARM.attributes
                0x000000000000001d       0x2d /opt/st/stm32cubeide_1.11.2/plugins/com.st.stm32cube.ide.mcu.externaltools.gnu-tools-for-stm32.10.3-2021.10.linux64_1.0.100.202210260954/tools/bin/../lib/gcc/arm-none-eabi/10.3.1/thumb/v7-m/nofp/crtbegin.o
 .ARM.attributes
                0x000000000000004a       0x2d ./Core/Src/main.o
 .ARM.attributes
                0x0000000000000077       0x2d ./Core/Src/stm32f1xx_hal_msp.o
 .ARM.attributes
                0x00000000000000a4       0x2d ./Core/Src/stm32f1xx_it.o
 .ARM.attributes
                0x00000000000000d1       0x2d ./Core/Src/system_stm32f1xx.o
 .ARM.attributes
                0x00000000000000fe       0x21 ./Core/Startup/startup_stm32f103c8tx.o
 .ARM.attributes
                0x000000000000011f       0x2d ./Drivers/STM32F1xx_HAL_Driver/stm32f1xx_hal.o
 .ARM.attributes
                0x000000000000014c       0x2d ./Drivers/STM32F1xx_HAL_Driver/stm32f1xx_hal_cortex.o
 .ARM.attributes
                0x0000000000000179       0x2d ./Drivers/STM32F1xx_HAL_Driver/stm32f1xx_hal_pcd.o
 .ARM.attributes
                0x00000000000001a6       0x2d ./Drivers/STM32F1xx_HAL_Driver/stm32f1xx_hal_pcd_ex.o
 .ARM.attributes
                0x00000000000001d3       0x2d ./Drivers/STM32F1xx_HAL_Driver/stm32f1xx_hal_rcc.o
 .ARM.attributes
                0x0000000000000200       0x2d ./Drivers/STM32F1xx_HAL_Driver/stm32f1xx_hal_rcc_ex.o
 .ARM.attributes
                0x000000000000022d       0x2d ./Drivers/STM32F1xx_HAL_Driver/stm32f1xx_ll_usb.o
 .ARM.attributes
                0x000000000000025a       0x2d ./Middlewares/USB_Device_Library/usbd_cdc.o
 .ARM.attributes
                0x0000000000000287       0x2d ./Middlewares/USB_Device_Library/usbd_core.o
 .ARM.attributes
                0x00000000000002b4       0x2d ./Middlewares/USB_Device_Library/usbd_ctlreq.o
 .ARM.attributes
                0x00000000000002e1       0x2d ./Middlewares/USB_Device_Library/usbd_ioreq.o
 .ARM.attributes
                0x000000000000030e       0x2d ./USB_DEVICE/App/usb_device.o
 .ARM.attributes
                0x000000000000033b       0x2d ./USB_DEVICE/App/usbd_cdc_if.o
 .ARM.attributes
                0x0000000000000368       0x2d ./USB_DEVICE/App/usbd_desc.o
 .ARM.attributes
                0x0000000000000395       0x2d ./USB_DEVICE/Target/usbd_conf.o
 .ARM.attributes
                0x00000000000003c2       0x2d /opt/st/stm32cubeide_1.11.2/plugins/com.st.stm32cube.ide.mcu.externaltools.gnu-tools-for-stm32.10.3-2021.10.linux64_1.0.100.202210260954/tools/bin/../lib/gcc/arm-none-eabi/10.3.1/../../../../arm-none-eabi/lib/thumb/v7-m/nofp/libc_nano.a(lib_a-init.o)
 .ARM.attributes
                0x00000000000003ef       0x2d /opt/st/stm32cubeide_1.11.2/plugins/com.st.stm32cube.ide.mcu.externaltools.gnu-tools-for-stm32.10.3-2021.10.linux64_1.0.100.202210260954/tools/bin/../lib/gcc/arm-none-eabi/10.3.1/../../../../arm-none-eabi/lib/thumb/v7-m/nofp/libc_nano.a(lib_a-memset.o)
 .ARM.attributes
                0x000000000000041c       0x17 /opt/st/stm32cubeide_1.11.2/plugins/com.st.stm32cube.ide.mcu.externaltools.gnu-tools-for-stm32.10.3-2021.10.linux64_1.0.100.202210260954/tools/bin/../lib/gcc/arm-none-eabi/10.3.1/../../../../arm-none-eabi/lib/thumb/v7-m/nofp/libc_nano.a(lib_a-strlen.o)
 .ARM.attributes
                0x0000000000000433       0x1d /opt/st/stm32cubeide_1.11.2/plugins/com.st.stm32cube.ide.mcu.externaltools.gnu-tools-for-stm32.10.3-2021.10.linux64_1.0.100.202210260954/tools/bin/../lib/gcc/arm-none-eabi/10.3.1/thumb/v7-m/nofp/crtn.o
OUTPUT(usb_cont_sender.elf elf32-littlearm)
LOAD linker stubs
LOAD /opt/st/stm32cubeide_1.11.2/plugins/com.st.stm32cube.ide.mcu.externaltools.gnu-tools-for-stm32.10.3-2021.10.linux64_1.0.100.202210260954/tools/bin/../lib/gcc/arm-none-eabi/10.3.1/../../../../arm-none-eabi/lib/thumb/v7-m/nofp/libc.a
LOAD /opt/st/stm32cubeide_1.11.2/plugins/com.st.stm32cube.ide.mcu.externaltools.gnu-tools-for-stm32.10.3-2021.10.linux64_1.0.100.202210260954/tools/bin/../lib/gcc/arm-none-eabi/10.3.1/../../../../arm-none-eabi/lib/thumb/v7-m/nofp/libm.a
LOAD /opt/st/stm32cubeide_1.11.2/plugins/com.st.stm32cube.ide.mcu.externaltools.gnu-tools-for-stm32.10.3-2021.10.linux64_1.0.100.202210260954/tools/bin/../lib/gcc/arm-none-eabi/10.3.1/thumb/v7-m/nofp/libgcc.a

.debug_info     0x0000000000000000     0xbe56
 .debug_info    0x0000000000000000      0x4fa ./Core/Src/main.o
 .debug_info    0x00000000000004fa      0x210 ./Core/Src/stm32f1xx_hal_msp.o
 .debug_info    0x000000000000070a      0x661 ./Core/Src/stm32f1xx_it.o
 .debug_info    0x0000000000000d6b      0x23d ./Core/Src/system_stm32f1xx.o
 .debug_info    0x0000000000000fa8       0x22 ./Core/Startup/startup_stm32f103c8tx.o
 .debug_info    0x0000000000000fca      0x734 ./Drivers/STM32F1xx_HAL_Driver/stm32f1xx_hal.o
 .debug_info    0x00000000000016fe      0xb20 ./Drivers/STM32F1xx_HAL_Driver/stm32f1xx_hal_cortex.o
 .debug_info    0x000000000000221e     0x16ab ./Drivers/STM32F1xx_HAL_Driver/stm32f1xx_hal_pcd.o
 .debug_info    0x00000000000038c9      0x728 ./Drivers/STM32F1xx_HAL_Driver/stm32f1xx_hal_pcd_ex.o
 .debug_info    0x0000000000003ff1      0x860 ./Drivers/STM32F1xx_HAL_Driver/stm32f1xx_hal_rcc.o
 .debug_info    0x0000000000004851      0x3e0 ./Drivers/STM32F1xx_HAL_Driver/stm32f1xx_hal_rcc_ex.o
 .debug_info    0x0000000000004c31     0x190d ./Drivers/STM32F1xx_HAL_Driver/stm32f1xx_ll_usb.o
 .debug_info    0x000000000000653e     0x10f1 ./Middlewares/USB_Device_Library/usbd_cdc.o
 .debug_info    0x000000000000762f      0xb02 ./Middlewares/USB_Device_Library/usbd_core.o
 .debug_info    0x0000000000008131      0x9b6 ./Middlewares/USB_Device_Library/usbd_ctlreq.o
 .debug_info    0x0000000000008ae7      0x715 ./Middlewares/USB_Device_Library/usbd_ioreq.o
 .debug_info    0x00000000000091fc      0x679 ./USB_DEVICE/App/usb_device.o
 .debug_info    0x0000000000009875      0x828 ./USB_DEVICE/App/usbd_cdc_if.o
 .debug_info    0x000000000000a09d      0x484 ./USB_DEVICE/App/usbd_desc.o
 .debug_info    0x000000000000a521     0x1935 ./USB_DEVICE/Target/usbd_conf.o

.debug_abbrev   0x0000000000000000     0x266f
 .debug_abbrev  0x0000000000000000      0x20b ./Core/Src/main.o
 .debug_abbrev  0x000000000000020b       0xd4 ./Core/Src/stm32f1xx_hal_msp.o
 .debug_abbrev  0x00000000000002df      0x188 ./Core/Src/stm32f1xx_it.o
 .debug_abbrev  0x0000000000000467      0x13b ./Core/Src/system_stm32f1xx.o
 .debug_abbrev  0x00000000000005a2       0x12 ./Core/Startup/startup_stm32f103c8tx.o
 .debug_abbrev  0x00000000000005b4      0x1fb ./Drivers/STM32F1xx_HAL_Driver/stm32f1xx_hal.o
 .debug_abbrev  0x00000000000007af      0x2ed ./Drivers/STM32F1xx_HAL_Driver/stm32f1xx_hal_cortex.o
 .debug_abbrev  0x0000000000000a9c      0x2b9 ./Drivers/STM32F1xx_HAL_Driver/stm32f1xx_hal_pcd.o
 .debug_abbrev  0x0000000000000d55      0x17f ./Drivers/STM32F1xx_HAL_Driver/stm32f1xx_hal_pcd_ex.o
 .debug_abbrev  0x0000000000000ed4      0x2a8 ./Drivers/STM32F1xx_HAL_Driver/stm32f1xx_hal_rcc.o
 .debug_abbrev  0x000000000000117c      0x182 ./Drivers/STM32F1xx_HAL_Driver/stm32f1xx_hal_rcc_ex.o
 .debug_abbrev  0x00000000000012fe      0x1cd ./Drivers/STM32F1xx_HAL_Driver/stm32f1xx_ll_usb.o
 .debug_abbrev  0x00000000000014cb      0x2c0 ./Middlewares/USB_Device_Library/usbd_cdc.o
 .debug_abbrev  0x000000000000178b      0x236 ./Middlewares/USB_Device_Library/usbd_core.o
 .debug_abbrev  0x00000000000019c1      0x257 ./Middlewares/USB_Device_Library/usbd_ctlreq.o
 .debug_abbrev  0x0000000000001c18      0x183 ./Middlewares/USB_Device_Library/usbd_ioreq.o
 .debug_abbrev  0x0000000000001d9b      0x183 ./USB_DEVICE/App/usb_device.o
 .debug_abbrev  0x0000000000001f1e      0x252 ./USB_DEVICE/App/usbd_cdc_if.o
 .debug_abbrev  0x0000000000002170      0x1fa ./USB_DEVICE/App/usbd_desc.o
 .debug_abbrev  0x000000000000236a      0x305 ./USB_DEVICE/Target/usbd_conf.o

.debug_aranges  0x0000000000000000      0xa08
 .debug_aranges
                0x0000000000000000       0x38 ./Core/Src/main.o
 .debug_aranges
                0x0000000000000038       0x20 ./Core/Src/stm32f1xx_hal_msp.o
 .debug_aranges
                0x0000000000000058       0x68 ./Core/Src/stm32f1xx_it.o
 .debug_aranges
                0x00000000000000c0       0x28 ./Core/Src/system_stm32f1xx.o
 .debug_aranges
                0x00000000000000e8       0x28 ./Core/Startup/startup_stm32f103c8tx.o
 .debug_aranges
                0x0000000000000110       0xe0 ./Drivers/STM32F1xx_HAL_Driver/stm32f1xx_hal.o
 .debug_aranges
                0x00000000000001f0      0x100 ./Drivers/STM32F1xx_HAL_Driver/stm32f1xx_hal_cortex.o
 .debug_aranges
                0x00000000000002f0      0x138 ./Drivers/STM32F1xx_HAL_Driver/stm32f1xx_hal_pcd.o
 .debug_aranges
                0x0000000000000428       0x38 ./Drivers/STM32F1xx_HAL_Driver/stm32f1xx_hal_pcd_ex.o
 .debug_aranges
                0x0000000000000460       0x90 ./Drivers/STM32F1xx_HAL_Driver/stm32f1xx_hal_rcc.o
 .debug_aranges
                0x00000000000004f0       0x30 ./Drivers/STM32F1xx_HAL_Driver/stm32f1xx_hal_rcc_ex.o
 .debug_aranges
                0x0000000000000520       0xf0 ./Drivers/STM32F1xx_HAL_Driver/stm32f1xx_ll_usb.o
 .debug_aranges
                0x0000000000000610       0x90 ./Middlewares/USB_Device_Library/usbd_cdc.o
 .debug_aranges
                0x00000000000006a0       0xb8 ./Middlewares/USB_Device_Library/usbd_core.o
 .debug_aranges
                0x0000000000000758       0x88 ./Middlewares/USB_Device_Library/usbd_ctlreq.o
 .debug_aranges
                0x00000000000007e0       0x50 ./Middlewares/USB_Device_Library/usbd_ioreq.o
 .debug_aranges
                0x0000000000000830       0x20 ./USB_DEVICE/App/usb_device.o
 .debug_aranges
                0x0000000000000850       0x40 ./USB_DEVICE/App/usbd_cdc_if.o
 .debug_aranges
                0x0000000000000890       0x60 ./USB_DEVICE/App/usbd_desc.o
 .debug_aranges
                0x00000000000008f0      0x118 ./USB_DEVICE/Target/usbd_conf.o

.debug_ranges   0x0000000000000000      0x8d0
 .debug_ranges  0x0000000000000000       0x28 ./Core/Src/main.o
 .debug_ranges  0x0000000000000028       0x10 ./Core/Src/stm32f1xx_hal_msp.o
 .debug_ranges  0x0000000000000038       0x58 ./Core/Src/stm32f1xx_it.o
 .debug_ranges  0x0000000000000090       0x18 ./Core/Src/system_stm32f1xx.o
 .debug_ranges  0x00000000000000a8       0x20 ./Core/Startup/startup_stm32f103c8tx.o
 .debug_ranges  0x00000000000000c8       0xd0 ./Drivers/STM32F1xx_HAL_Driver/stm32f1xx_hal.o
 .debug_ranges  0x0000000000000198       0xf0 ./Drivers/STM32F1xx_HAL_Driver/stm32f1xx_hal_cortex.o
 .debug_ranges  0x0000000000000288      0x128 ./Drivers/STM32F1xx_HAL_Driver/stm32f1xx_hal_pcd.o
 .debug_ranges  0x00000000000003b0       0x28 ./Drivers/STM32F1xx_HAL_Driver/stm32f1xx_hal_pcd_ex.o
 .debug_ranges  0x00000000000003d8       0x80 ./Drivers/STM32F1xx_HAL_Driver/stm32f1xx_hal_rcc.o
 .debug_ranges  0x0000000000000458       0x20 ./Drivers/STM32F1xx_HAL_Driver/stm32f1xx_hal_rcc_ex.o
 .debug_ranges  0x0000000000000478       0xe0 ./Drivers/STM32F1xx_HAL_Driver/stm32f1xx_ll_usb.o
 .debug_ranges  0x0000000000000558       0x80 ./Middlewares/USB_Device_Library/usbd_cdc.o
 .debug_ranges  0x00000000000005d8       0xa8 ./Middlewares/USB_Device_Library/usbd_core.o
 .debug_ranges  0x0000000000000680       0x78 ./Middlewares/USB_Device_Library/usbd_ctlreq.o
 .debug_ranges  0x00000000000006f8       0x40 ./Middlewares/USB_Device_Library/usbd_ioreq.o
 .debug_ranges  0x0000000000000738       0x10 ./USB_DEVICE/App/usb_device.o
 .debug_ranges  0x0000000000000748       0x30 ./USB_DEVICE/App/usbd_cdc_if.o
 .debug_ranges  0x0000000000000778       0x50 ./USB_DEVICE/App/usbd_desc.o
 .debug_ranges  0x00000000000007c8      0x108 ./USB_DEVICE/Target/usbd_conf.o

.debug_macro    0x0000000000000000    0x193b7
 .debug_macro   0x0000000000000000      0x3e7 ./Core/Src/main.o
 .debug_macro   0x00000000000003e7      0xa6c ./Core/Src/main.o
 .debug_macro   0x0000000000000e53      0x215 ./Core/Src/main.o
 .debug_macro   0x0000000000001068       0x2e ./Core/Src/main.o
 .debug_macro   0x0000000000001096       0x22 ./Core/Src/main.o
 .debug_macro   0x00000000000010b8       0x22 ./Core/Src/main.o
 .debug_macro   0x00000000000010da       0x8e ./Core/Src/main.o
 .debug_macro   0x0000000000001168       0x51 ./Core/Src/main.o
 .debug_macro   0x00000000000011b9      0x103 ./Core/Src/main.o
 .debug_macro   0x00000000000012bc       0x6a ./Core/Src/main.o
 .debug_macro   0x0000000000001326      0x1df ./Core/Src/main.o
 .debug_macro   0x0000000000001505       0x1c ./Core/Src/main.o
 .debug_macro   0x0000000000001521       0x22 ./Core/Src/main.o
 .debug_macro   0x0000000000001543       0xbd ./Core/Src/main.o
 .debug_macro   0x0000000000001600      0xd23 ./Core/Src/main.o
 .debug_macro   0x0000000000002323     0xe09e ./Core/Src/main.o
 .debug_macro   0x00000000000103c1       0x6d ./Core/Src/main.o
 .debug_macro   0x000000000001042e     0x3468 ./Core/Src/main.o
 .debug_macro   0x0000000000013896      0x174 ./Core/Src/main.o
 .debug_macro   0x0000000000013a0a       0x5c ./Core/Src/main.o
 .debug_macro   0x0000000000013a66      0x5be ./Core/Src/main.o
 .debug_macro   0x0000000000014024      0x289 ./Core/Src/main.o
 .debug_macro   0x00000000000142ad      0x1cb ./Core/Src/main.o
 .debug_macro   0x0000000000014478      0x114 ./Core/Src/main.o
 .debug_macro   0x000000000001458c      0x1b2 ./Core/Src/main.o
 .debug_macro   0x000000000001473e       0x27 ./Core/Src/main.o
 .debug_macro   0x0000000000014765      0x136 ./Core/Src/main.o
 .debug_macro   0x000000000001489b      0x1bc ./Core/Src/main.o
 .debug_macro   0x0000000000014a57       0x34 ./Core/Src/main.o
 .debug_macro   0x0000000000014a8b       0x3c ./Core/Src/main.o
 .debug_macro   0x0000000000014ac7       0x57 ./Core/Src/main.o
 .debug_macro   0x0000000000014b1e       0x88 ./Core/Src/main.o
 .debug_macro   0x0000000000014ba6      0x241 ./Core/Src/main.o
 .debug_macro   0x0000000000014de7      0x141 ./Core/Src/main.o
 .debug_macro   0x0000000000014f28       0x65 ./Core/Src/main.o
 .debug_macro   0x0000000000014f8d      0x249 ./Core/Src/main.o
 .debug_macro   0x00000000000151d6       0x83 ./Core/Src/main.o
 .debug_macro   0x0000000000015259       0x52 ./Core/Src/main.o
 .debug_macro   0x00000000000152ab       0x18 ./Core/Src/main.o
 .debug_macro   0x00000000000152c3       0x3c ./Core/Src/main.o
 .debug_macro   0x00000000000152ff       0x34 ./Core/Src/main.o
 .debug_macro   0x0000000000015333       0x16 ./Core/Src/main.o
 .debug_macro   0x0000000000015349       0x35 ./Core/Src/main.o
 .debug_macro   0x000000000001537e      0x341 ./Core/Src/main.o
 .debug_macro   0x00000000000156bf       0x10 ./Core/Src/main.o
 .debug_macro   0x00000000000156cf       0x16 ./Core/Src/main.o
 .debug_macro   0x00000000000156e5       0x43 ./Core/Src/main.o
 .debug_macro   0x0000000000015728       0x34 ./Core/Src/main.o
 .debug_macro   0x000000000001575c       0x10 ./Core/Src/main.o
 .debug_macro   0x000000000001576c       0x58 ./Core/Src/main.o
 .debug_macro   0x00000000000157c4       0x71 ./Core/Src/main.o
 .debug_macro   0x0000000000015835       0x1c ./Core/Src/main.o
 .debug_macro   0x0000000000015851      0x12a ./Core/Src/main.o
 .debug_macro   0x000000000001597b       0x10 ./Core/Src/main.o
 .debug_macro   0x000000000001598b       0x1c ./Core/Src/main.o
 .debug_macro   0x00000000000159a7       0x52 ./Core/Src/main.o
 .debug_macro   0x00000000000159f9       0x22 ./Core/Src/main.o
 .debug_macro   0x0000000000015a1b       0x10 ./Core/Src/main.o
 .debug_macro   0x0000000000015a2b       0x52 ./Core/Src/main.o
 .debug_macro   0x0000000000015a7d       0xd5 ./Core/Src/main.o
 .debug_macro   0x0000000000015b52       0x1c ./Core/Src/main.o
 .debug_macro   0x0000000000015b6e       0x3d ./Core/Src/main.o
 .debug_macro   0x0000000000015bab       0x16 ./Core/Src/main.o
 .debug_macro   0x0000000000015bc1      0x145 ./Core/Src/main.o
 .debug_macro   0x0000000000015d06       0x16 ./Core/Src/main.o
 .debug_macro   0x0000000000015d1c       0x16 ./Core/Src/main.o
 .debug_macro   0x0000000000015d32       0x29 ./Core/Src/main.o
 .debug_macro   0x0000000000015d5b       0x16 ./Core/Src/main.o
 .debug_macro   0x0000000000015d71       0x20 ./Core/Src/main.o
 .debug_macro   0x0000000000015d91       0x5f ./Core/Src/main.o
 .debug_macro   0x0000000000015df0      0x1c8 ./Core/Src/main.o
 .debug_macro   0x0000000000015fb8       0x8f ./Core/Src/main.o
 .debug_macro   0x0000000000016047       0x10 ./Core/Src/main.o
 .debug_macro   0x0000000000016057      0x1b2 ./Core/Src/stm32f1xx_hal_msp.o
 .debug_macro   0x0000000000016209      0x1bc ./Core/Src/stm32f1xx_it.o
 .debug_macro   0x00000000000163c5      0x1a8 ./Core/Src/system_stm32f1xx.o
 .debug_macro   0x000000000001656d      0x1cc ./Drivers/STM32F1xx_HAL_Driver/stm32f1xx_hal.o
 .debug_macro   0x0000000000016739      0x1a8 ./Drivers/STM32F1xx_HAL_Driver/stm32f1xx_hal_cortex.o
 .debug_macro   0x00000000000168e1      0x1b4 ./Drivers/STM32F1xx_HAL_Driver/stm32f1xx_hal_pcd.o
 .debug_macro   0x0000000000016a95      0x1a8 ./Drivers/STM32F1xx_HAL_Driver/stm32f1xx_hal_pcd_ex.o
 .debug_macro   0x0000000000016c3d      0x1ba ./Drivers/STM32F1xx_HAL_Driver/stm32f1xx_hal_rcc.o
 .debug_macro   0x0000000000016df7      0x1a8 ./Drivers/STM32F1xx_HAL_Driver/stm32f1xx_hal_rcc_ex.o
 .debug_macro   0x0000000000016f9f      0x1a8 ./Drivers/STM32F1xx_HAL_Driver/stm32f1xx_ll_usb.o
 .debug_macro   0x0000000000017147      0x3c8 ./Middlewares/USB_Device_Library/usbd_cdc.o
 .debug_macro   0x000000000001750f       0x97 ./Middlewares/USB_Device_Library/usbd_cdc.o
 .debug_macro   0x00000000000175a6       0xfd ./Middlewares/USB_Device_Library/usbd_cdc.o
 .debug_macro   0x00000000000176a3       0x56 ./Middlewares/USB_Device_Library/usbd_cdc.o
 .debug_macro   0x00000000000176f9      0x3af ./Middlewares/USB_Device_Library/usbd_core.o
 .debug_macro   0x0000000000017aa8      0x1ce ./Middlewares/USB_Device_Library/usbd_core.o
 .debug_macro   0x0000000000017c76      0x3b9 ./Middlewares/USB_Device_Library/usbd_ctlreq.o
 .debug_macro   0x000000000001802f      0x3b5 ./Middlewares/USB_Device_Library/usbd_ioreq.o
 .debug_macro   0x00000000000183e4      0x3ee ./USB_DEVICE/App/usb_device.o
 .debug_macro   0x00000000000187d2       0x22 ./USB_DEVICE/App/usb_device.o
 .debug_macro   0x00000000000187f4       0x16 ./USB_DEVICE/App/usb_device.o
 .debug_macro   0x000000000001880a      0x3d3 ./USB_DEVICE/App/usbd_cdc_if.o
 .debug_macro   0x0000000000018bdd      0x3ec ./USB_DEVICE/App/usbd_desc.o
 .debug_macro   0x0000000000018fc9       0x1c ./USB_DEVICE/App/usbd_desc.o
 .debug_macro   0x0000000000018fe5      0x3d2 ./USB_DEVICE/Target/usbd_conf.o

.debug_line     0x0000000000000000     0xe7c2
 .debug_line    0x0000000000000000      0xbb7 ./Core/Src/main.o
 .debug_line    0x0000000000000bb7      0x734 ./Core/Src/stm32f1xx_hal_msp.o
 .debug_line    0x00000000000012eb      0x80e ./Core/Src/stm32f1xx_it.o
 .debug_line    0x0000000000001af9      0x7b2 ./Core/Src/system_stm32f1xx.o
 .debug_line    0x00000000000022ab       0x87 ./Core/Startup/startup_stm32f103c8tx.o
 .debug_line    0x0000000000002332      0xa17 ./Drivers/STM32F1xx_HAL_Driver/stm32f1xx_hal.o
 .debug_line    0x0000000000002d49      0xbff ./Drivers/STM32F1xx_HAL_Driver/stm32f1xx_hal_cortex.o
 .debug_line    0x0000000000003948     0x1405 ./Drivers/STM32F1xx_HAL_Driver/stm32f1xx_hal_pcd.o
 .debug_line    0x0000000000004d4d      0x7e5 ./Drivers/STM32F1xx_HAL_Driver/stm32f1xx_hal_pcd_ex.o
 .debug_line    0x0000000000005532      0xe25 ./Drivers/STM32F1xx_HAL_Driver/stm32f1xx_hal_rcc.o
 .debug_line    0x0000000000006357      0x963 ./Drivers/STM32F1xx_HAL_Driver/stm32f1xx_hal_rcc_ex.o
 .debug_line    0x0000000000006cba     0x114a ./Drivers/STM32F1xx_HAL_Driver/stm32f1xx_ll_usb.o
 .debug_line    0x0000000000007e04      0xe5f ./Middlewares/USB_Device_Library/usbd_cdc.o
 .debug_line    0x0000000000008c63      0xea7 ./Middlewares/USB_Device_Library/usbd_core.o
 .debug_line    0x0000000000009b0a     0x10c9 ./Middlewares/USB_Device_Library/usbd_ctlreq.o
 .debug_line    0x000000000000abd3      0xb3d ./Middlewares/USB_Device_Library/usbd_ioreq.o
 .debug_line    0x000000000000b710      0xafd ./USB_DEVICE/App/usb_device.o
 .debug_line    0x000000000000c20d      0xb45 ./USB_DEVICE/App/usbd_cdc_if.o
 .debug_line    0x000000000000cd52      0xb8e ./USB_DEVICE/App/usbd_desc.o
 .debug_line    0x000000000000d8e0      0xee2 ./USB_DEVICE/Target/usbd_conf.o

.debug_str      0x0000000000000000    0x847b3
 .debug_str     0x0000000000000000    0x81e20 ./Core/Src/main.o
                                      0x821c9 (size before relaxing)
 .debug_str     0x0000000000081e20       0x5a ./Core/Src/stm32f1xx_hal_msp.o
                                      0x7d3ae (size before relaxing)
 .debug_str     0x0000000000081e7a      0x408 ./Core/Src/stm32f1xx_it.o
                                      0x7d782 (size before relaxing)
 .debug_str     0x0000000000082282       0x7e ./Core/Src/system_stm32f1xx.o
                                      0x7d3d9 (size before relaxing)
 .debug_str     0x0000000000082300       0x36 ./Core/Startup/startup_stm32f103c8tx.o
                                         0x79 (size before relaxing)
 .debug_str     0x0000000000082336      0x63f ./Drivers/STM32F1xx_HAL_Driver/stm32f1xx_hal.o
                                      0x7db44 (size before relaxing)
 .debug_str     0x0000000000082975      0x2cb ./Drivers/STM32F1xx_HAL_Driver/stm32f1xx_hal_cortex.o
                                      0x7da90 (size before relaxing)
 .debug_str     0x0000000000082c40      0x5c8 ./Drivers/STM32F1xx_HAL_Driver/stm32f1xx_hal_pcd.o
                                      0x7dce9 (size before relaxing)
 .debug_str     0x0000000000083208      0x1a8 ./Drivers/STM32F1xx_HAL_Driver/stm32f1xx_hal_pcd_ex.o
                                      0x7d885 (size before relaxing)
 .debug_str     0x00000000000833b0      0x29c ./Drivers/STM32F1xx_HAL_Driver/stm32f1xx_hal_rcc.o
                                      0x7d840 (size before relaxing)
 .debug_str     0x000000000008364c       0xd7 ./Drivers/STM32F1xx_HAL_Driver/stm32f1xx_hal_rcc_ex.o
                                      0x7d590 (size before relaxing)
 .debug_str     0x0000000000083723      0x166 ./Drivers/STM32F1xx_HAL_Driver/stm32f1xx_ll_usb.o
                                      0x7d8b8 (size before relaxing)
 .debug_str     0x0000000000083889      0x67d ./Middlewares/USB_Device_Library/usbd_cdc.o
                                      0x8292d (size before relaxing)
 .debug_str     0x0000000000083f06      0x2b9 ./Middlewares/USB_Device_Library/usbd_core.o
                                      0x82268 (size before relaxing)
 .debug_str     0x00000000000841bf      0x158 ./Middlewares/USB_Device_Library/usbd_ctlreq.o
                                      0x82182 (size before relaxing)
 .debug_str     0x0000000000084317       0x89 ./Middlewares/USB_Device_Library/usbd_ioreq.o
                                      0x820af (size before relaxing)
 .debug_str     0x00000000000843a0       0xc6 ./USB_DEVICE/App/usb_device.o
                                      0x82402 (size before relaxing)
 .debug_str     0x0000000000084466       0x7d ./USB_DEVICE/App/usbd_cdc_if.o
                                      0x82428 (size before relaxing)
 .debug_str     0x00000000000844e3      0x258 ./USB_DEVICE/App/usbd_desc.o
                                      0x81fb3 (size before relaxing)
 .debug_str     0x000000000008473b       0x78 ./USB_DEVICE/Target/usbd_conf.o
                                      0x82e82 (size before relaxing)

.comment        0x0000000000000000       0x50
 .comment       0x0000000000000000       0x50 ./Core/Src/main.o
                                         0x51 (size before relaxing)
 .comment       0x0000000000000050       0x51 ./Core/Src/stm32f1xx_hal_msp.o
 .comment       0x0000000000000050       0x51 ./Core/Src/stm32f1xx_it.o
 .comment       0x0000000000000050       0x51 ./Core/Src/system_stm32f1xx.o
 .comment       0x0000000000000050       0x51 ./Drivers/STM32F1xx_HAL_Driver/stm32f1xx_hal.o
 .comment       0x0000000000000050       0x51 ./Drivers/STM32F1xx_HAL_Driver/stm32f1xx_hal_cortex.o
 .comment       0x0000000000000050       0x51 ./Drivers/STM32F1xx_HAL_Driver/stm32f1xx_hal_pcd.o
 .comment       0x0000000000000050       0x51 ./Drivers/STM32F1xx_HAL_Driver/stm32f1xx_hal_pcd_ex.o
 .comment       0x0000000000000050       0x51 ./Drivers/STM32F1xx_HAL_Driver/stm32f1xx_hal_rcc.o
 .comment       0x0000000000000050       0x51 ./Drivers/STM32F1xx_HAL_Driver/stm32f1xx_hal_rcc_ex.o
 .comment       0x0000000000000050       0x51 ./Drivers/STM32F1xx_HAL_Driver/stm32f1xx_ll_usb.o
 .comment       0x0000000000000050       0x51 ./Middlewares/USB_Device_Library/usbd_cdc.o
 .comment       0x0000000000000050       0x51 ./Middlewares/USB_Device_Library/usbd_core.o
 .comment       0x0000000000000050       0x51 ./Middlewares/USB_Device_Library/usbd_ctlreq.o
 .comment       0x0000000000000050       0x51 ./Middlewares/USB_Device_Library/usbd_ioreq.o
 .comment       0x0000000000000050       0x51 ./USB_DEVICE/App/usb_device.o
 .comment       0x0000000000000050       0x51 ./USB_DEVICE/App/usbd_cdc_if.o
 .comment       0x0000000000000050       0x51 ./USB_DEVICE/App/usbd_desc.o
 .comment       0x0000000000000050       0x51 ./USB_DEVICE/Target/usbd_conf.o

.debug_frame    0x0000000000000000     0x265c
 .debug_frame   0x0000000000000000       0x94 ./Core/Src/main.o
 .debug_frame   0x0000000000000094       0x38 ./Core/Src/stm32f1xx_hal_msp.o
 .debug_frame   0x00000000000000cc      0x120 ./Core/Src/stm32f1xx_it.o
 .debug_frame   0x00000000000001ec       0x58 ./Core/Src/system_stm32f1xx.o
 .debug_frame   0x0000000000000244      0x334 ./Drivers/STM32F1xx_HAL_Driver/stm32f1xx_hal.o
 .debug_frame   0x0000000000000578      0x428 ./Drivers/STM32F1xx_HAL_Driver/stm32f1xx_hal_cortex.o
 .debug_frame   0x00000000000009a0      0x578 ./Drivers/STM32F1xx_HAL_Driver/stm32f1xx_hal_pcd.o
 .debug_frame   0x0000000000000f18       0xb0 ./Drivers/STM32F1xx_HAL_Driver/stm32f1xx_hal_pcd_ex.o
 .debug_frame   0x0000000000000fc8      0x21c ./Drivers/STM32F1xx_HAL_Driver/stm32f1xx_hal_rcc.o
 .debug_frame   0x00000000000011e4       0x84 ./Drivers/STM32F1xx_HAL_Driver/stm32f1xx_hal_rcc_ex.o
 .debug_frame   0x0000000000001268      0x450 ./Drivers/STM32F1xx_HAL_Driver/stm32f1xx_ll_usb.o
 .debug_frame   0x00000000000016b8      0x248 ./Middlewares/USB_Device_Library/usbd_cdc.o
 .debug_frame   0x0000000000001900      0x300 ./Middlewares/USB_Device_Library/usbd_core.o
 .debug_frame   0x0000000000001c00      0x218 ./Middlewares/USB_Device_Library/usbd_ctlreq.o
 .debug_frame   0x0000000000001e18      0x10c ./Middlewares/USB_Device_Library/usbd_ioreq.o
 .debug_frame   0x0000000000001f24       0x2c ./USB_DEVICE/App/usb_device.o
 .debug_frame   0x0000000000001f50       0xbc ./USB_DEVICE/App/usbd_cdc_if.o
 .debug_frame   0x000000000000200c      0x160 ./USB_DEVICE/App/usbd_desc.o
 .debug_frame   0x000000000000216c      0x4a4 ./USB_DEVICE/Target/usbd_conf.o
 .debug_frame   0x0000000000002610       0x2c /opt/st/stm32cubeide_1.11.2/plugins/com.st.stm32cube.ide.mcu.externaltools.gnu-tools-for-stm32.10.3-2021.10.linux64_1.0.100.202210260954/tools/bin/../lib/gcc/arm-none-eabi/10.3.1/../../../../arm-none-eabi/lib/thumb/v7-m/nofp/libc_nano.a(lib_a-init.o)
 .debug_frame   0x000000000000263c       0x20 /opt/st/stm32cubeide_1.11.2/plugins/com.st.stm32cube.ide.mcu.externaltools.gnu-tools-for-stm32.10.3-2021.10.linux64_1.0.100.202210260954/tools/bin/../lib/gcc/arm-none-eabi/10.3.1/../../../../arm-none-eabi/lib/thumb/v7-m/nofp/libc_nano.a(lib_a-memset.o)
