Archive member included to satisfy reference by file (symbol)

/opt/st/stm32cubeide_1.11.2/plugins/com.st.stm32cube.ide.mcu.externaltools.gnu-tools-for-stm32.10.3-2021.10.linux64_1.0.100.202210260954/tools/bin/../lib/gcc/arm-none-eabi/10.3.1/../../../../arm-none-eabi/lib/thumb/v7e-m+fp/hard/libc_nano.a(lib_a-errno.o)
                              ./Core/Src/syscalls.o (__errno)
/opt/st/stm32cubeide_1.11.2/plugins/com.st.stm32cube.ide.mcu.externaltools.gnu-tools-for-stm32.10.3-2021.10.linux64_1.0.100.202210260954/tools/bin/../lib/gcc/arm-none-eabi/10.3.1/../../../../arm-none-eabi/lib/thumb/v7e-m+fp/hard/libc_nano.a(lib_a-exit.o)
                              /opt/st/stm32cubeide_1.11.2/plugins/com.st.stm32cube.ide.mcu.externaltools.gnu-tools-for-stm32.10.3-2021.10.linux64_1.0.100.202210260954/tools/bin/../lib/gcc/arm-none-eabi/10.3.1/../../../../arm-none-eabi/lib/thumb/v7e-m+fp/hard/crt0.o (exit)
/opt/st/stm32cubeide_1.11.2/plugins/com.st.stm32cube.ide.mcu.externaltools.gnu-tools-for-stm32.10.3-2021.10.linux64_1.0.100.202210260954/tools/bin/../lib/gcc/arm-none-eabi/10.3.1/../../../../arm-none-eabi/lib/thumb/v7e-m+fp/hard/libc_nano.a(lib_a-impure.o)
                              /opt/st/stm32cubeide_1.11.2/plugins/com.st.stm32cube.ide.mcu.externaltools.gnu-tools-for-stm32.10.3-2021.10.linux64_1.0.100.202210260954/tools/bin/../lib/gcc/arm-none-eabi/10.3.1/../../../../arm-none-eabi/lib/thumb/v7e-m+fp/hard/libc_nano.a(lib_a-exit.o) (_global_impure_ptr)
/opt/st/stm32cubeide_1.11.2/plugins/com.st.stm32cube.ide.mcu.externaltools.gnu-tools-for-stm32.10.3-2021.10.linux64_1.0.100.202210260954/tools/bin/../lib/gcc/arm-none-eabi/10.3.1/../../../../arm-none-eabi/lib/thumb/v7e-m+fp/hard/libc_nano.a(lib_a-init.o)
                              /opt/st/stm32cubeide_1.11.2/plugins/com.st.stm32cube.ide.mcu.externaltools.gnu-tools-for-stm32.10.3-2021.10.linux64_1.0.100.202210260954/tools/bin/../lib/gcc/arm-none-eabi/10.3.1/../../../../arm-none-eabi/lib/thumb/v7e-m+fp/hard/crt0.o (__libc_init_array)
/opt/st/stm32cubeide_1.11.2/plugins/com.st.stm32cube.ide.mcu.externaltools.gnu-tools-for-stm32.10.3-2021.10.linux64_1.0.100.202210260954/tools/bin/../lib/gcc/arm-none-eabi/10.3.1/../../../../arm-none-eabi/lib/thumb/v7e-m+fp/hard/libc_nano.a(lib_a-memset.o)
                              /opt/st/stm32cubeide_1.11.2/plugins/com.st.stm32cube.ide.mcu.externaltools.gnu-tools-for-stm32.10.3-2021.10.linux64_1.0.100.202210260954/tools/bin/../lib/gcc/arm-none-eabi/10.3.1/../../../../arm-none-eabi/lib/thumb/v7e-m+fp/hard/crt0.o (memset)
/opt/st/stm32cubeide_1.11.2/plugins/com.st.stm32cube.ide.mcu.externaltools.gnu-tools-for-stm32.10.3-2021.10.linux64_1.0.100.202210260954/tools/bin/../lib/gcc/arm-none-eabi/10.3.1/../../../../arm-none-eabi/lib/thumb/v7e-m+fp/hard/libc_nano.a(lib_a-strlen.o)
                              ./Core/Src/main.o (strlen)
/opt/st/stm32cubeide_1.11.2/plugins/com.st.stm32cube.ide.mcu.externaltools.gnu-tools-for-stm32.10.3-2021.10.linux64_1.0.100.202210260954/tools/bin/../lib/gcc/arm-none-eabi/10.3.1/thumb/v7e-m+fp/hard/libgcc.a(_aeabi_uldivmod.o)
                              ./Drivers/STM32F4xx_HAL_Driver/stm32f4xx_hal_rcc.o (__aeabi_uldivmod)
/opt/st/stm32cubeide_1.11.2/plugins/com.st.stm32cube.ide.mcu.externaltools.gnu-tools-for-stm32.10.3-2021.10.linux64_1.0.100.202210260954/tools/bin/../lib/gcc/arm-none-eabi/10.3.1/thumb/v7e-m+fp/hard/libgcc.a(_udivmoddi4.o)
                              /opt/st/stm32cubeide_1.11.2/plugins/com.st.stm32cube.ide.mcu.externaltools.gnu-tools-for-stm32.10.3-2021.10.linux64_1.0.100.202210260954/tools/bin/../lib/gcc/arm-none-eabi/10.3.1/thumb/v7e-m+fp/hard/libgcc.a(_aeabi_uldivmod.o) (__udivmoddi4)
/opt/st/stm32cubeide_1.11.2/plugins/com.st.stm32cube.ide.mcu.externaltools.gnu-tools-for-stm32.10.3-2021.10.linux64_1.0.100.202210260954/tools/bin/../lib/gcc/arm-none-eabi/10.3.1/thumb/v7e-m+fp/hard/libgcc.a(_dvmd_tls.o)
                              /opt/st/stm32cubeide_1.11.2/plugins/com.st.stm32cube.ide.mcu.externaltools.gnu-tools-for-stm32.10.3-2021.10.linux64_1.0.100.202210260954/tools/bin/../lib/gcc/arm-none-eabi/10.3.1/thumb/v7e-m+fp/hard/libgcc.a(_aeabi_uldivmod.o) (__aeabi_ldiv0)

Discarded input sections

 .text          0x0000000000000000        0x0 /opt/st/stm32cubeide_1.11.2/plugins/com.st.stm32cube.ide.mcu.externaltools.gnu-tools-for-stm32.10.3-2021.10.linux64_1.0.100.202210260954/tools/bin/../lib/gcc/arm-none-eabi/10.3.1/thumb/v7e-m+fp/hard/crti.o
 .data          0x0000000000000000        0x0 /opt/st/stm32cubeide_1.11.2/plugins/com.st.stm32cube.ide.mcu.externaltools.gnu-tools-for-stm32.10.3-2021.10.linux64_1.0.100.202210260954/tools/bin/../lib/gcc/arm-none-eabi/10.3.1/thumb/v7e-m+fp/hard/crti.o
 .bss           0x0000000000000000        0x0 /opt/st/stm32cubeide_1.11.2/plugins/com.st.stm32cube.ide.mcu.externaltools.gnu-tools-for-stm32.10.3-2021.10.linux64_1.0.100.202210260954/tools/bin/../lib/gcc/arm-none-eabi/10.3.1/thumb/v7e-m+fp/hard/crti.o
[...]
Memory Configuration

Name             Origin             Length             Attributes
RAM              0x0000000020000000 0x0000000000020000 xrw
FLASH            0x0000000008000000 0x0000000000080000 xr
*default*        0x0000000000000000 0xffffffffffffffff

Linker script and memory map

LOAD /opt/st/stm32cubeide_1.11.2/plugins/com.st.stm32cube.ide.mcu.externaltools.gnu-tools-for-stm32.10.3-2021.10.linux64_1.0.100.202210260954/tools/bin/../lib/gcc/arm-none-eabi/10.3.1/thumb/v7e-m+fp/hard/crti.o
LOAD /opt/st/stm32cubeide_1.11.2/plugins/com.st.stm32cube.ide.mcu.externaltools.gnu-tools-for-stm32.10.3-2021.10.linux64_1.0.100.202210260954/tools/bin/../lib/gcc/arm-none-eabi/10.3.1/thumb/v7e-m+fp/hard/crtbegin.o
LOAD /opt/st/stm32cubeide_1.11.2/plugins/com.st.stm32cube.ide.mcu.externaltools.gnu-tools-for-stm32.10.3-2021.10.linux64_1.0.100.202210260954/tools/bin/../lib/gcc/arm-none-eabi/10.3.1/../../../../arm-none-eabi/lib/thumb/v7e-m+fp/hard/crt0.o
LOAD ./Core/Src/main.o
LOAD ./Core/Src/stm32f4xx_hal_msp.o
LOAD ./Core/Src/stm32f4xx_it.o
LOAD ./Core/Src/syscalls.o
LOAD ./Core/Src/sysmem.o
LOAD ./Core/Src/system_stm32f4xx.o
LOAD ./Core/Startup/startup_stm32f411ceux.o
LOAD ./Drivers/STM32F4xx_HAL_Driver/stm32f4xx_hal.o
LOAD ./Drivers/STM32F4xx_HAL_Driver/stm32f4xx_hal_adc.o
LOAD ./Drivers/STM32F4xx_HAL_Driver/stm32f4xx_hal_adc_ex.o
LOAD ./Drivers/STM32F4xx_HAL_Driver/stm32f4xx_hal_cortex.o
LOAD ./Drivers/STM32F4xx_HAL_Driver/stm32f4xx_hal_dma.o
LOAD ./Drivers/STM32F4xx_HAL_Driver/stm32f4xx_hal_dma_ex.o
LOAD ./Drivers/STM32F4xx_HAL_Driver/stm32f4xx_hal_exti.o
LOAD ./Drivers/STM32F4xx_HAL_Driver/stm32f4xx_hal_flash.o
LOAD ./Drivers/STM32F4xx_HAL_Driver/stm32f4xx_hal_flash_ex.o
LOAD ./Drivers/STM32F4xx_HAL_Driver/stm32f4xx_hal_flash_ramfunc.o
LOAD ./Drivers/STM32F4xx_HAL_Driver/stm32f4xx_hal_gpio.o
LOAD ./Drivers/STM32F4xx_HAL_Driver/stm32f4xx_hal_pcd.o
LOAD ./Drivers/STM32F4xx_HAL_Driver/stm32f4xx_hal_pcd_ex.o
LOAD ./Drivers/STM32F4xx_HAL_Driver/stm32f4xx_hal_pwr.o
LOAD ./Drivers/STM32F4xx_HAL_Driver/stm32f4xx_hal_pwr_ex.o
LOAD ./Drivers/STM32F4xx_HAL_Driver/stm32f4xx_hal_rcc.o
LOAD ./Drivers/STM32F4xx_HAL_Driver/stm32f4xx_hal_rcc_ex.o
LOAD ./Drivers/STM32F4xx_HAL_Driver/stm32f4xx_hal_tim.o
LOAD ./Drivers/STM32F4xx_HAL_Driver/stm32f4xx_hal_tim_ex.o
LOAD ./Drivers/STM32F4xx_HAL_Driver/stm32f4xx_ll_adc.o
LOAD ./Drivers/STM32F4xx_HAL_Driver/stm32f4xx_ll_usb.o
LOAD ./Middlewares/USB_Device_Library/usbd_cdc.o
LOAD ./Middlewares/USB_Device_Library/usbd_core.o
LOAD ./Middlewares/USB_Device_Library/usbd_ctlreq.o
LOAD ./Middlewares/USB_Device_Library/usbd_ioreq.o
LOAD ./USB_DEVICE/App/usb_device.o
LOAD ./USB_DEVICE/App/usbd_cdc_if.o
LOAD ./USB_DEVICE/App/usbd_desc.o
LOAD ./USB_DEVICE/Target/usbd_conf.o
START GROUP
LOAD /opt/st/stm32cubeide_1.11.2/plugins/com.st.stm32cube.ide.mcu.externaltools.gnu-tools-for-stm32.10.3-2021.10.linux64_1.0.100.202210260954/tools/bin/../lib/gcc/arm-none-eabi/10.3.1/../../../../arm-none-eabi/lib/thumb/v7e-m+fp/hard/libc_nano.a
LOAD /opt/st/stm32cubeide_1.11.2/plugins/com.st.stm32cube.ide.mcu.externaltools.gnu-tools-for-stm32.10.3-2021.10.linux64_1.0.100.202210260954/tools/bin/../lib/gcc/arm-none-eabi/10.3.1/../../../../arm-none-eabi/lib/thumb/v7e-m+fp/hard/libm.a
END GROUP
START GROUP
LOAD /opt/st/stm32cubeide_1.11.2/plugins/com.st.stm32cube.ide.mcu.externaltools.gnu-tools-for-stm32.10.3-2021.10.linux64_1.0.100.202210260954/tools/bin/../lib/gcc/arm-none-eabi/10.3.1/thumb/v7e-m+fp/hard/libgcc.a
LOAD /opt/st/stm32cubeide_1.11.2/plugins/com.st.stm32cube.ide.mcu.externaltools.gnu-tools-for-stm32.10.3-2021.10.linux64_1.0.100.202210260954/tools/bin/../lib/gcc/arm-none-eabi/10.3.1/../../../../arm-none-eabi/lib/thumb/v7e-m+fp/hard/libc_nano.a
END GROUP
START GROUP
LOAD /opt/st/stm32cubeide_1.11.2/plugins/com.st.stm32cube.ide.mcu.externaltools.gnu-tools-for-stm32.10.3-2021.10.linux64_1.0.100.202210260954/tools/bin/../lib/gcc/arm-none-eabi/10.3.1/thumb/v7e-m+fp/hard/libgcc.a
LOAD /opt/st/stm32cubeide_1.11.2/plugins/com.st.stm32cube.ide.mcu.externaltools.gnu-tools-for-stm32.10.3-2021.10.linux64_1.0.100.202210260954/tools/bin/../lib/gcc/arm-none-eabi/10.3.1/../../../../arm-none-eabi/lib/thumb/v7e-m+fp/hard/libc_nano.a
LOAD /opt/st/stm32cubeide_1.11.2/plugins/com.st.stm32cube.ide.mcu.externaltools.gnu-tools-for-stm32.10.3-2021.10.linux64_1.0.100.202210260954/tools/bin/../lib/gcc/arm-none-eabi/10.3.1/../../../../arm-none-eabi/lib/thumb/v7e-m+fp/hard/libnosys.a
END GROUP
START GROUP
LOAD /opt/st/stm32cubeide_1.11.2/plugins/com.st.stm32cube.ide.mcu.externaltools.gnu-tools-for-stm32.10.3-2021.10.linux64_1.0.100.202210260954/tools/bin/../lib/gcc/arm-none-eabi/10.3.1/thumb/v7e-m+fp/hard/libgcc.a
LOAD /opt/st/stm32cubeide_1.11.2/plugins/com.st.stm32cube.ide.mcu.externaltools.gnu-tools-for-stm32.10.3-2021.10.linux64_1.0.100.202210260954/tools/bin/../lib/gcc/arm-none-eabi/10.3.1/../../../../arm-none-eabi/lib/thumb/v7e-m+fp/hard/libc_nano.a
LOAD /opt/st/stm32cubeide_1.11.2/plugins/com.st.stm32cube.ide.mcu.externaltools.gnu-tools-for-stm32.10.3-2021.10.linux64_1.0.100.202210260954/tools/bin/../lib/gcc/arm-none-eabi/10.3.1/../../../../arm-none-eabi/lib/thumb/v7e-m+fp/hard/libnosys.a
END GROUP
LOAD /opt/st/stm32cubeide_1.11.2/plugins/com.st.stm32cube.ide.mcu.externaltools.gnu-tools-for-stm32.10.3-2021.10.linux64_1.0.100.202210260954/tools/bin/../lib/gcc/arm-none-eabi/10.3.1/thumb/v7e-m+fp/hard/crtend.o
LOAD /opt/st/stm32cubeide_1.11.2/plugins/com.st.stm32cube.ide.mcu.externaltools.gnu-tools-for-stm32.10.3-2021.10.linux64_1.0.100.202210260954/tools/bin/../lib/gcc/arm-none-eabi/10.3.1/thumb/v7e-m+fp/hard/crtn.o
                0x0000000020020000                _estack = (ORIGIN (RAM) + LENGTH (RAM))
                0x0000000000000200                _Min_Heap_Size = 0x200
                0x0000000000000400                _Min_Stack_Size = 0x400

.isr_vector     0x0000000008000000      0x198
                0x0000000008000000                . = ALIGN (0x4)
 *(.isr_vector)
 .isr_vector    0x0000000008000000      0x198 ./Core/Startup/startup_stm32f411ceux.o
                0x0000000008000000                g_pfnVectors
                0x0000000008000198                . = ALIGN (0x4)

.text           0x0000000008000198     0x72ac
                0x0000000008000198                . = ALIGN (0x4)
 *(.text)
 .text          0x0000000008000198       0x40 /opt/st/stm32cubeide_1.11.2/plugins/com.st.stm32cube.ide.mcu.externaltools.gnu-tools-for-stm32.10.3-2021.10.linux64_1.0.100.202210260954/tools/bin/../lib/gcc/arm-none-eabi/10.3.1/thumb/v7e-m+fp/hard/crtbegin.o
 .text          0x00000000080001d8       0x10 /opt/st/stm32cubeide_1.11.2/plugins/com.st.stm32cube.ide.mcu.externaltools.gnu-tools-for-stm32.10.3-2021.10.linux64_1.0.100.202210260954/tools/bin/../lib/gcc/arm-none-eabi/10.3.1/../../../../arm-none-eabi/lib/thumb/v7e-m+fp/hard/libc_nano.a(lib_a-strlen.o)
                0x00000000080001d8                strlen
 .text          0x00000000080001e8       0x30 /opt/st/stm32cubeide_1.11.2/plugins/com.st.stm32cube.ide.mcu.externaltools.gnu-tools-for-stm32.10.3-2021.10.linux64_1.0.100.202210260954/tools/bin/../lib/gcc/arm-none-eabi/10.3.1/thumb/v7e-m+fp/hard/libgcc.a(_aeabi_uldivmod.o)
                0x00000000080001e8                __aeabi_uldivmod
 .text          0x0000000008000218      0x2d0 /opt/st/stm32cubeide_1.11.2/plugins/com.st.stm32cube.ide.mcu.externaltools.gnu-tools-for-stm32.10.3-2021.10.linux64_1.0.100.202210260954/tools/bin/../lib/gcc/arm-none-eabi/10.3.1/thumb/v7e-m+fp/hard/libgcc.a(_udivmoddi4.o)
                0x0000000008000218                __udivmoddi4
 .text          0x00000000080004e8        0x4 /opt/st/stm32cubeide_1.11.2/plugins/com.st.stm32cube.ide.mcu.externaltools.gnu-tools-for-stm32.10.3-2021.10.linux64_1.0.100.202210260954/tools/bin/../lib/gcc/arm-none-eabi/10.3.1/thumb/v7e-m+fp/hard/libgcc.a(_dvmd_tls.o)
                0x00000000080004e8                __aeabi_ldiv0
                0x00000000080004e8                __aeabi_idiv0
 *(.text*)
 .text.main     0x00000000080004ec       0x7c ./Core/Src/main.o
                0x00000000080004ec                main
 .text.SystemClock_Config
                0x0000000008000568       0xd0 ./Core/Src/main.o
                0x0000000008000568                SystemClock_Config
 .text.MX_ADC1_Init
                0x0000000008000638       0xa4 ./Core/Src/main.o
 .text.MX_GPIO_Init
                0x00000000080006dc       0x50 ./Core/Src/main.o
 .text.Error_Handler
                0x000000000800072c        0xa ./Core/Src/main.o
                0x000000000800072c                Error_Handler
 *fill*         0x0000000008000736        0x2 
 .text.HAL_MspInit
                0x0000000008000738       0x50 ./Core/Src/stm32f4xx_hal_msp.o
                0x0000000008000738                HAL_MspInit
 .text.HAL_ADC_MspInit
                0x0000000008000788       0x88 ./Core/Src/stm32f4xx_hal_msp.o
                0x0000000008000788                HAL_ADC_MspInit
 .text.NMI_Handler
                0x0000000008000810        0x6 ./Core/Src/stm32f4xx_it.o
                0x0000000008000810                NMI_Handler
 .text.HardFault_Handler
                0x0000000008000816        0x6 ./Core/Src/stm32f4xx_it.o
                0x0000000008000816                HardFault_Handler
 .text.MemManage_Handler
                0x000000000800081c        0x6 ./Core/Src/stm32f4xx_it.o
                0x000000000800081c                MemManage_Handler
 .text.BusFault_Handler
                0x0000000008000822        0x6 ./Core/Src/stm32f4xx_it.o
                0x0000000008000822                BusFault_Handler
 .text.UsageFault_Handler
                0x0000000008000828        0x6 ./Core/Src/stm32f4xx_it.o
                0x0000000008000828                UsageFault_Handler
 .text.SVC_Handler
                0x000000000800082e        0xe ./Core/Src/stm32f4xx_it.o
                0x000000000800082e                SVC_Handler
 .text.DebugMon_Handler
                0x000000000800083c        0xe ./Core/Src/stm32f4xx_it.o
                0x000000000800083c                DebugMon_Handler
 .text.PendSV_Handler
                0x000000000800084a        0xe ./Core/Src/stm32f4xx_it.o
                0x000000000800084a                PendSV_Handler
 .text.SysTick_Handler
                0x0000000008000858        0xc ./Core/Src/stm32f4xx_it.o
                0x0000000008000858                SysTick_Handler
 .text.OTG_FS_IRQHandler
                0x0000000008000864       0x14 ./Core/Src/stm32f4xx_it.o
                0x0000000008000864                OTG_FS_IRQHandler
 .text.SystemInit
                0x0000000008000878       0x24 ./Core/Src/system_stm32f4xx.o
                0x0000000008000878                SystemInit
 .text.Reset_Handler
                0x000000000800089c       0x50 ./Core/Startup/startup_stm32f411ceux.o
                0x000000000800089c                Reset_Handler
 .text.Default_Handler
                0x00000000080008ec        0x2 ./Core/Startup/startup_stm32f411ceux.o
                0x00000000080008ec                RTC_Alarm_IRQHandler
                0x00000000080008ec                EXTI2_IRQHandler
                0x00000000080008ec                SPI4_IRQHandler
                0x00000000080008ec                TIM1_CC_IRQHandler
                0x00000000080008ec                DMA2_Stream5_IRQHandler
                0x00000000080008ec                DMA1_Stream5_IRQHandler
                0x00000000080008ec                PVD_IRQHandler
                0x00000000080008ec                SDIO_IRQHandler
                0x00000000080008ec                TAMP_STAMP_IRQHandler
                0x00000000080008ec                EXTI3_IRQHandler
                0x00000000080008ec                TIM1_UP_TIM10_IRQHandler
                0x00000000080008ec                I2C3_ER_IRQHandler
                0x00000000080008ec                EXTI0_IRQHandler
                0x00000000080008ec                I2C2_EV_IRQHandler
                0x00000000080008ec                DMA1_Stream2_IRQHandler
                0x00000000080008ec                FPU_IRQHandler
                0x00000000080008ec                DMA2_Stream2_IRQHandler
                0x00000000080008ec                SPI1_IRQHandler
                0x00000000080008ec                TIM1_BRK_TIM9_IRQHandler
                0x00000000080008ec                DMA2_Stream3_IRQHandler
                0x00000000080008ec                USART6_IRQHandler
                0x00000000080008ec                DMA2_Stream0_IRQHandler
                0x00000000080008ec                TIM4_IRQHandler
                0x00000000080008ec                I2C1_EV_IRQHandler
                0x00000000080008ec                DMA1_Stream6_IRQHandler
                0x00000000080008ec                DMA1_Stream1_IRQHandler
                0x00000000080008ec                TIM3_IRQHandler
                0x00000000080008ec                RCC_IRQHandler
                0x00000000080008ec                Default_Handler
                0x00000000080008ec                EXTI15_10_IRQHandler
                0x00000000080008ec                ADC_IRQHandler
                0x00000000080008ec                DMA1_Stream7_IRQHandler
                0x00000000080008ec                SPI5_IRQHandler
                0x00000000080008ec                TIM5_IRQHandler
                0x00000000080008ec                DMA2_Stream7_IRQHandler
                0x00000000080008ec                I2C3_EV_IRQHandler
                0x00000000080008ec                EXTI9_5_IRQHandler
                0x00000000080008ec                RTC_WKUP_IRQHandler
                0x00000000080008ec                SPI2_IRQHandler
                0x00000000080008ec                DMA1_Stream0_IRQHandler
                0x00000000080008ec                EXTI4_IRQHandler
                0x00000000080008ec                WWDG_IRQHandler
                0x00000000080008ec                TIM2_IRQHandler
                0x00000000080008ec                OTG_FS_WKUP_IRQHandler
                0x00000000080008ec                TIM1_TRG_COM_TIM11_IRQHandler
                0x00000000080008ec                EXTI1_IRQHandler
                0x00000000080008ec                USART2_IRQHandler
                0x00000000080008ec                I2C2_ER_IRQHandler
                0x00000000080008ec                DMA2_Stream1_IRQHandler
                0x00000000080008ec                FLASH_IRQHandler
                0x00000000080008ec                DMA2_Stream4_IRQHandler
                0x00000000080008ec                USART1_IRQHandler
                0x00000000080008ec                SPI3_IRQHandler
                0x00000000080008ec                DMA1_Stream4_IRQHandler
                0x00000000080008ec                I2C1_ER_IRQHandler
                0x00000000080008ec                DMA2_Stream6_IRQHandler
                0x00000000080008ec                DMA1_Stream3_IRQHandler
 *fill*         0x00000000080008ee        0x2 
 .text.HAL_Init
                0x00000000080008f0       0x44 ./Drivers/STM32F4xx_HAL_Driver/stm32f4xx_hal.o
                0x00000000080008f0                HAL_Init
 .text.HAL_InitTick
                0x0000000008000934       0x60 ./Drivers/STM32F4xx_HAL_Driver/stm32f4xx_hal.o
                0x0000000008000934                HAL_InitTick
 .text.HAL_IncTick
                0x0000000008000994       0x28 ./Drivers/STM32F4xx_HAL_Driver/stm32f4xx_hal.o
                0x0000000008000994                HAL_IncTick
 .text.HAL_GetTick
                0x00000000080009bc       0x18 ./Drivers/STM32F4xx_HAL_Driver/stm32f4xx_hal.o
                0x00000000080009bc                HAL_GetTick
 .text.HAL_Delay
                0x00000000080009d4       0x48 ./Drivers/STM32F4xx_HAL_Driver/stm32f4xx_hal.o
                0x00000000080009d4                HAL_Delay
 .text.HAL_ADC_Init
                0x0000000008000a1c       0x86 ./Drivers/STM32F4xx_HAL_Driver/stm32f4xx_hal_adc.o
                0x0000000008000a1c                HAL_ADC_Init
 *fill*         0x0000000008000aa2        0x2 
 .text.HAL_ADC_ConfigChannel
                0x0000000008000aa4      0x264 ./Drivers/STM32F4xx_HAL_Driver/stm32f4xx_hal_adc.o
                0x0000000008000aa4                HAL_ADC_ConfigChannel
 .text.ADC_Init
                0x0000000008000d08      0x1f8 ./Drivers/STM32F4xx_HAL_Driver/stm32f4xx_hal_adc.o
 .text.__NVIC_SetPriorityGrouping
                0x0000000008000f00       0x48 ./Drivers/STM32F4xx_HAL_Driver/stm32f4xx_hal_cortex.o
 .text.__NVIC_GetPriorityGrouping
                0x0000000008000f48       0x1c ./Drivers/STM32F4xx_HAL_Driver/stm32f4xx_hal_cortex.o
 .text.__NVIC_EnableIRQ
                0x0000000008000f64       0x3c ./Drivers/STM32F4xx_HAL_Driver/stm32f4xx_hal_cortex.o
 .text.__NVIC_SetPriority
                0x0000000008000fa0       0x54 ./Drivers/STM32F4xx_HAL_Driver/stm32f4xx_hal_cortex.o
 .text.NVIC_EncodePriority
                0x0000000008000ff4       0x66 ./Drivers/STM32F4xx_HAL_Driver/stm32f4xx_hal_cortex.o
 *fill*         0x000000000800105a        0x2 
 .text.SysTick_Config
                0x000000000800105c       0x44 ./Drivers/STM32F4xx_HAL_Driver/stm32f4xx_hal_cortex.o
 .text.HAL_NVIC_SetPriorityGrouping
                0x00000000080010a0       0x16 ./Drivers/STM32F4xx_HAL_Driver/stm32f4xx_hal_cortex.o
                0x00000000080010a0                HAL_NVIC_SetPriorityGrouping
 .text.HAL_NVIC_SetPriority
                0x00000000080010b6       0x38 ./Drivers/STM32F4xx_HAL_Driver/stm32f4xx_hal_cortex.o
                0x00000000080010b6                HAL_NVIC_SetPriority
 .text.HAL_NVIC_EnableIRQ
                0x00000000080010ee       0x1c ./Drivers/STM32F4xx_HAL_Driver/stm32f4xx_hal_cortex.o
                0x00000000080010ee                HAL_NVIC_EnableIRQ
 .text.HAL_SYSTICK_Config
                0x000000000800110a       0x18 ./Drivers/STM32F4xx_HAL_Driver/stm32f4xx_hal_cortex.o
                0x000000000800110a                HAL_SYSTICK_Config
 *fill*         0x0000000008001122        0x2 
 .text.HAL_GPIO_Init
                0x0000000008001124      0x308 ./Drivers/STM32F4xx_HAL_Driver/stm32f4xx_hal_gpio.o
                0x0000000008001124                HAL_GPIO_Init
 .text.HAL_PCD_Init
                0x000000000800142c      0x23a ./Drivers/STM32F4xx_HAL_Driver/stm32f4xx_hal_pcd.o
                0x000000000800142c                HAL_PCD_Init
 .text.HAL_PCD_Start
                0x0000000008001666       0x66 ./Drivers/STM32F4xx_HAL_Driver/stm32f4xx_hal_pcd.o
                0x0000000008001666                HAL_PCD_Start
 .text.HAL_PCD_IRQHandler
                0x00000000080016cc      0x93e ./Drivers/STM32F4xx_HAL_Driver/stm32f4xx_hal_pcd.o
                0x00000000080016cc                HAL_PCD_IRQHandler
 .text.HAL_PCD_SetAddress
                0x000000000800200a       0x4a ./Drivers/STM32F4xx_HAL_Driver/stm32f4xx_hal_pcd.o
                0x000000000800200a                HAL_PCD_SetAddress
 .text.HAL_PCD_EP_Open
                0x0000000008002054       0xd0 ./Drivers/STM32F4xx_HAL_Driver/stm32f4xx_hal_pcd.o
                0x0000000008002054                HAL_PCD_EP_Open
 .text.HAL_PCD_EP_Close
                0x0000000008002124       0x94 ./Drivers/STM32F4xx_HAL_Driver/stm32f4xx_hal_pcd.o
                0x0000000008002124                HAL_PCD_EP_Close
 .text.HAL_PCD_EP_Receive
                0x00000000080021b8       0x96 ./Drivers/STM32F4xx_HAL_Driver/stm32f4xx_hal_pcd.o
                0x00000000080021b8                HAL_PCD_EP_Receive
 .text.HAL_PCD_EP_GetRxCount
                0x000000000800224e       0x30 ./Drivers/STM32F4xx_HAL_Driver/stm32f4xx_hal_pcd.o
                0x000000000800224e                HAL_PCD_EP_GetRxCount
 .text.HAL_PCD_EP_Transmit
                0x000000000800227e       0x94 ./Drivers/STM32F4xx_HAL_Driver/stm32f4xx_hal_pcd.o
                0x000000000800227e                HAL_PCD_EP_Transmit
 .text.HAL_PCD_EP_SetStall
                0x0000000008002312       0xc8 ./Drivers/STM32F4xx_HAL_Driver/stm32f4xx_hal_pcd.o
                0x0000000008002312                HAL_PCD_EP_SetStall
 .text.HAL_PCD_EP_ClrStall
                0x00000000080023da       0xac ./Drivers/STM32F4xx_HAL_Driver/stm32f4xx_hal_pcd.o
                0x00000000080023da                HAL_PCD_EP_ClrStall
 .text.HAL_PCD_EP_Abort
                0x0000000008002486       0x62 ./Drivers/STM32F4xx_HAL_Driver/stm32f4xx_hal_pcd.o
                0x0000000008002486                HAL_PCD_EP_Abort
 .text.PCD_WriteEmptyTxFifo
                0x00000000080024e8      0x11a ./Drivers/STM32F4xx_HAL_Driver/stm32f4xx_hal_pcd.o
 *fill*         0x0000000008002602        0x2 
 .text.PCD_EP_OutXfrComplete_int
                0x0000000008002604      0x1d0 ./Drivers/STM32F4xx_HAL_Driver/stm32f4xx_hal_pcd.o
 .text.PCD_EP_OutSetupPacket_int
                0x00000000080027d4       0x8c ./Drivers/STM32F4xx_HAL_Driver/stm32f4xx_hal_pcd.o
 .text.HAL_PCDEx_SetTxFiFo
                0x0000000008002860       0x8e ./Drivers/STM32F4xx_HAL_Driver/stm32f4xx_hal_pcd_ex.o
                0x0000000008002860                HAL_PCDEx_SetTxFiFo
 .text.HAL_PCDEx_SetRxFiFo
                0x00000000080028ee       0x22 ./Drivers/STM32F4xx_HAL_Driver/stm32f4xx_hal_pcd_ex.o
                0x00000000080028ee                HAL_PCDEx_SetRxFiFo
 .text.HAL_PCDEx_LPM_Callback
                0x0000000008002910       0x18 ./Drivers/STM32F4xx_HAL_Driver/stm32f4xx_hal_pcd_ex.o
                0x0000000008002910                HAL_PCDEx_LPM_Callback
 .text.HAL_RCC_OscConfig
                0x0000000008002928      0x4f0 ./Drivers/STM32F4xx_HAL_Driver/stm32f4xx_hal_rcc.o
                0x0000000008002928                HAL_RCC_OscConfig
 .text.HAL_RCC_ClockConfig
                0x0000000008002e18      0x1cc ./Drivers/STM32F4xx_HAL_Driver/stm32f4xx_hal_rcc.o
                0x0000000008002e18                HAL_RCC_ClockConfig
 .text.HAL_RCC_GetSysClockFreq
                0x0000000008002fe4      0x18c ./Drivers/STM32F4xx_HAL_Driver/stm32f4xx_hal_rcc.o
                0x0000000008002fe4                HAL_RCC_GetSysClockFreq
 .text.HAL_RCC_GetHCLKFreq
                0x0000000008003170       0x18 ./Drivers/STM32F4xx_HAL_Driver/stm32f4xx_hal_rcc.o
                0x0000000008003170                HAL_RCC_GetHCLKFreq
 .text.USB_CoreInit
                0x0000000008003188       0xc2 ./Drivers/STM32F4xx_HAL_Driver/stm32f4xx_ll_usb.o
                0x0000000008003188                USB_CoreInit
 *fill*         0x000000000800324a        0x2 
 .text.USB_SetTurnaroundTime
                0x000000000800324c      0x144 ./Drivers/STM32F4xx_HAL_Driver/stm32f4xx_ll_usb.o
                0x000000000800324c                USB_SetTurnaroundTime
 .text.USB_EnableGlobalInt
                0x0000000008003390       0x22 ./Drivers/STM32F4xx_HAL_Driver/stm32f4xx_ll_usb.o
                0x0000000008003390                USB_EnableGlobalInt
 .text.USB_DisableGlobalInt
                0x00000000080033b2       0x22 ./Drivers/STM32F4xx_HAL_Driver/stm32f4xx_ll_usb.o
                0x00000000080033b2                USB_DisableGlobalInt
 .text.USB_SetCurrentMode
                0x00000000080033d4       0x98 ./Drivers/STM32F4xx_HAL_Driver/stm32f4xx_ll_usb.o
                0x00000000080033d4                USB_SetCurrentMode
 .text.USB_DevInit
                0x000000000800346c      0x2c8 ./Drivers/STM32F4xx_HAL_Driver/stm32f4xx_ll_usb.o
                0x000000000800346c                USB_DevInit
 .text.USB_FlushTxFifo
                0x0000000008003734       0x68 ./Drivers/STM32F4xx_HAL_Driver/stm32f4xx_ll_usb.o
                0x0000000008003734                USB_FlushTxFifo
 .text.USB_FlushRxFifo
                0x000000000800379c       0x60 ./Drivers/STM32F4xx_HAL_Driver/stm32f4xx_ll_usb.o
                0x000000000800379c                USB_FlushRxFifo
 .text.USB_SetDevSpeed
                0x00000000080037fc       0x32 ./Drivers/STM32F4xx_HAL_Driver/stm32f4xx_ll_usb.o
                0x00000000080037fc                USB_SetDevSpeed
 .text.USB_GetDevSpeed
                0x000000000800382e       0x4a ./Drivers/STM32F4xx_HAL_Driver/stm32f4xx_ll_usb.o
                0x000000000800382e                USB_GetDevSpeed
 .text.USB_ActivateEndpoint
                0x0000000008003878      0x10e ./Drivers/STM32F4xx_HAL_Driver/stm32f4xx_ll_usb.o
                0x0000000008003878                USB_ActivateEndpoint
 *fill*         0x0000000008003986        0x2 
 .text.USB_DeactivateEndpoint
                0x0000000008003988      0x1b8 ./Drivers/STM32F4xx_HAL_Driver/stm32f4xx_ll_usb.o
                0x0000000008003988                USB_DeactivateEndpoint
 .text.USB_EPStartXfer
                0x0000000008003b40      0x490 ./Drivers/STM32F4xx_HAL_Driver/stm32f4xx_ll_usb.o
                0x0000000008003b40                USB_EPStartXfer
 .text.USB_EP0StartXfer
                0x0000000008003fd0      0x2b0 ./Drivers/STM32F4xx_HAL_Driver/stm32f4xx_ll_usb.o
                0x0000000008003fd0                USB_EP0StartXfer
 .text.USB_EPStopXfer
                0x0000000008004280      0x154 ./Drivers/STM32F4xx_HAL_Driver/stm32f4xx_ll_usb.o
                0x0000000008004280                USB_EPStopXfer
 .text.USB_WritePacket
                0x00000000080043d4       0x7c ./Drivers/STM32F4xx_HAL_Driver/stm32f4xx_ll_usb.o
                0x00000000080043d4                USB_WritePacket
 .text.USB_ReadPacket
                0x0000000008004450       0xb0 ./Drivers/STM32F4xx_HAL_Driver/stm32f4xx_ll_usb.o
                0x0000000008004450                USB_ReadPacket
 .text.USB_EPSetStall
                0x0000000008004500       0xdc ./Drivers/STM32F4xx_HAL_Driver/stm32f4xx_ll_usb.o
                0x0000000008004500                USB_EPSetStall
 .text.USB_EPClearStall
                0x00000000080045dc       0xcc ./Drivers/STM32F4xx_HAL_Driver/stm32f4xx_ll_usb.o
                0x00000000080045dc                USB_EPClearStall
 .text.USB_SetDevAddress
                0x00000000080046a8       0x4c ./Drivers/STM32F4xx_HAL_Driver/stm32f4xx_ll_usb.o
                0x00000000080046a8                USB_SetDevAddress
 .text.USB_DevConnect
                0x00000000080046f4       0x42 ./Drivers/STM32F4xx_HAL_Driver/stm32f4xx_ll_usb.o
                0x00000000080046f4                USB_DevConnect
 .text.USB_DevDisconnect
                0x0000000008004736       0x42 ./Drivers/STM32F4xx_HAL_Driver/stm32f4xx_ll_usb.o
                0x0000000008004736                USB_DevDisconnect
 .text.USB_ReadInterrupts
                0x0000000008004778       0x26 ./Drivers/STM32F4xx_HAL_Driver/stm32f4xx_ll_usb.o
                0x0000000008004778                USB_ReadInterrupts
 .text.USB_ReadDevAllOutEpInterrupt
                0x000000000800479e       0x34 ./Drivers/STM32F4xx_HAL_Driver/stm32f4xx_ll_usb.o
                0x000000000800479e                USB_ReadDevAllOutEpInterrupt
 .text.USB_ReadDevAllInEpInterrupt
                0x00000000080047d2       0x34 ./Drivers/STM32F4xx_HAL_Driver/stm32f4xx_ll_usb.o
                0x00000000080047d2                USB_ReadDevAllInEpInterrupt
 .text.USB_ReadDevOutEPInterrupt
                0x0000000008004806       0x3c ./Drivers/STM32F4xx_HAL_Driver/stm32f4xx_ll_usb.o
                0x0000000008004806                USB_ReadDevOutEPInterrupt
 .text.USB_ReadDevInEPInterrupt
                0x0000000008004842       0x5c ./Drivers/STM32F4xx_HAL_Driver/stm32f4xx_ll_usb.o
                0x0000000008004842                USB_ReadDevInEPInterrupt
 .text.USB_GetMode
                0x000000000800489e       0x1c ./Drivers/STM32F4xx_HAL_Driver/stm32f4xx_ll_usb.o
                0x000000000800489e                USB_GetMode
 .text.USB_ActivateSetup
                0x00000000080048ba       0x46 ./Drivers/STM32F4xx_HAL_Driver/stm32f4xx_ll_usb.o
                0x00000000080048ba                USB_ActivateSetup
 .text.USB_EP0_OutStart
                0x0000000008004900       0xbc ./Drivers/STM32F4xx_HAL_Driver/stm32f4xx_ll_usb.o
                0x0000000008004900                USB_EP0_OutStart
 .text.USB_CoreReset
                0x00000000080049bc       0x68 ./Drivers/STM32F4xx_HAL_Driver/stm32f4xx_ll_usb.o
 .text.USBD_CDC_Init
                0x0000000008004a24      0x1f0 ./Middlewares/USB_Device_Library/usbd_cdc.o
 .text.USBD_CDC_DeInit
                0x0000000008004c14      0x104 ./Middlewares/USB_Device_Library/usbd_cdc.o
 .text.USBD_CDC_Setup
                0x0000000008004d18      0x1b8 ./Middlewares/USB_Device_Library/usbd_cdc.o
 .text.USBD_CDC_DataIn
                0x0000000008004ed0       0xfe ./Middlewares/USB_Device_Library/usbd_cdc.o
 .text.USBD_CDC_DataOut
                0x0000000008004fce       0x70 ./Middlewares/USB_Device_Library/usbd_cdc.o
 .text.USBD_CDC_EP0_RxReady
                0x000000000800503e       0x76 ./Middlewares/USB_Device_Library/usbd_cdc.o
 .text.USBD_CDC_GetFSCfgDesc
                0x00000000080050b4       0x70 ./Middlewares/USB_Device_Library/usbd_cdc.o
 .text.USBD_CDC_GetHSCfgDesc
                0x0000000008005124       0x70 ./Middlewares/USB_Device_Library/usbd_cdc.o
 .text.USBD_CDC_GetOtherSpeedCfgDesc
                0x0000000008005194       0x70 ./Middlewares/USB_Device_Library/usbd_cdc.o
 .text.USBD_CDC_GetDeviceQualifierDescriptor
                0x0000000008005204       0x20 ./Middlewares/USB_Device_Library/usbd_cdc.o
                0x0000000008005204                USBD_CDC_GetDeviceQualifierDescriptor
 .text.USBD_CDC_RegisterInterface
                0x0000000008005224       0x34 ./Middlewares/USB_Device_Library/usbd_cdc.o
                0x0000000008005224                USBD_CDC_RegisterInterface
 .text.USBD_CDC_SetTxBuffer
                0x0000000008005258       0x44 ./Middlewares/USB_Device_Library/usbd_cdc.o
                0x0000000008005258                USBD_CDC_SetTxBuffer
 .text.USBD_CDC_SetRxBuffer
                0x000000000800529c       0x3a ./Middlewares/USB_Device_Library/usbd_cdc.o
                0x000000000800529c                USBD_CDC_SetRxBuffer
 *fill*         0x00000000080052d6        0x2 
 .text.USBD_CDC_TransmitPacket
                0x00000000080052d8       0x8c ./Middlewares/USB_Device_Library/usbd_cdc.o
                0x00000000080052d8                USBD_CDC_TransmitPacket
 .text.USBD_CDC_ReceivePacket
                0x0000000008005364       0x6c ./Middlewares/USB_Device_Library/usbd_cdc.o
                0x0000000008005364                USBD_CDC_ReceivePacket
 .text.USBD_Init
                0x00000000080053d0       0x60 ./Middlewares/USB_Device_Library/usbd_core.o
                0x00000000080053d0                USBD_Init
 .text.USBD_RegisterClass
                0x0000000008005430       0x6c ./Middlewares/USB_Device_Library/usbd_core.o
                0x0000000008005430                USBD_RegisterClass
 .text.USBD_Start
                0x000000000800549c       0x18 ./Middlewares/USB_Device_Library/usbd_core.o
                0x000000000800549c                USBD_Start
 .text.USBD_RunTestMode
                0x00000000080054b4       0x16 ./Middlewares/USB_Device_Library/usbd_core.o
                0x00000000080054b4                USBD_RunTestMode
 .text.USBD_SetClassConfig
                0x00000000080054ca       0x38 ./Middlewares/USB_Device_Library/usbd_core.o
                0x00000000080054ca                USBD_SetClassConfig
 .text.USBD_ClrClassConfig
                0x0000000008005502       0x34 ./Middlewares/USB_Device_Library/usbd_core.o
                0x0000000008005502                USBD_ClrClassConfig
 .text.USBD_LL_SetupStage
                0x0000000008005536       0xaa ./Middlewares/USB_Device_Library/usbd_core.o
                0x0000000008005536                USBD_LL_SetupStage
 .text.USBD_LL_DataOutStage
                0x00000000080055e0      0x166 ./Middlewares/USB_Device_Library/usbd_core.o
                0x00000000080055e0                USBD_LL_DataOutStage
 .text.USBD_LL_DataInStage
                0x0000000008005746      0x164 ./Middlewares/USB_Device_Library/usbd_core.o
                0x0000000008005746                USBD_LL_DataInStage
 .text.USBD_LL_Reset
                0x00000000080058aa       0xa4 ./Middlewares/USB_Device_Library/usbd_core.o
                0x00000000080058aa                USBD_LL_Reset
 .text.USBD_LL_SetSpeed
                0x000000000800594e       0x20 ./Middlewares/USB_Device_Library/usbd_core.o
                0x000000000800594e                USBD_LL_SetSpeed
 .text.USBD_LL_Suspend
                0x000000000800596e       0x2c ./Middlewares/USB_Device_Library/usbd_core.o
                0x000000000800596e                USBD_LL_Suspend
 .text.USBD_LL_Resume
                0x000000000800599a       0x30 ./Middlewares/USB_Device_Library/usbd_core.o
                0x000000000800599a                USBD_LL_Resume
 .text.USBD_LL_SOF
                0x00000000080059ca       0x40 ./Middlewares/USB_Device_Library/usbd_core.o
                0x00000000080059ca                USBD_LL_SOF
 .text.USBD_LL_IsoINIncomplete
                0x0000000008005a0a       0x64 ./Middlewares/USB_Device_Library/usbd_core.o
                0x0000000008005a0a                USBD_LL_IsoINIncomplete
 .text.USBD_LL_IsoOUTIncomplete
                0x0000000008005a6e       0x64 ./Middlewares/USB_Device_Library/usbd_core.o
                0x0000000008005a6e                USBD_LL_IsoOUTIncomplete
 .text.USBD_LL_DevConnected
                0x0000000008005ad2       0x16 ./Middlewares/USB_Device_Library/usbd_core.o
                0x0000000008005ad2                USBD_LL_DevConnected
 .text.USBD_LL_DevDisconnected
                0x0000000008005ae8       0x46 ./Middlewares/USB_Device_Library/usbd_core.o
                0x0000000008005ae8                USBD_LL_DevDisconnected
 .text.USBD_CoreFindIF
                0x0000000008005b2e       0x1a ./Middlewares/USB_Device_Library/usbd_core.o
                0x0000000008005b2e                USBD_CoreFindIF
 .text.USBD_CoreFindEP
                0x0000000008005b48       0x1a ./Middlewares/USB_Device_Library/usbd_core.o
                0x0000000008005b48                USBD_CoreFindEP
 .text.USBD_GetEpDesc
                0x0000000008005b62       0x74 ./Middlewares/USB_Device_Library/usbd_core.o
                0x0000000008005b62                USBD_GetEpDesc
 .text.USBD_GetNextDesc
                0x0000000008005bd6       0x3a ./Middlewares/USB_Device_Library/usbd_core.o
                0x0000000008005bd6                USBD_GetNextDesc
 .text.SWAPBYTE
                0x0000000008005c10       0x3c ./Middlewares/USB_Device_Library/usbd_ctlreq.o
 .text.USBD_StdDevReq
                0x0000000008005c4c       0xe4 ./Middlewares/USB_Device_Library/usbd_ctlreq.o
                0x0000000008005c4c                USBD_StdDevReq
 .text.USBD_StdItfReq
                0x0000000008005d30       0xd8 ./Middlewares/USB_Device_Library/usbd_ctlreq.o
                0x0000000008005d30                USBD_StdItfReq
 .text.USBD_StdEPReq
                0x0000000008005e08      0x33a ./Middlewares/USB_Device_Library/usbd_ctlreq.o
                0x0000000008005e08                USBD_StdEPReq
 *fill*         0x0000000008006142        0x2 
 .text.USBD_GetDescriptor
                0x0000000008006144      0x2d4 ./Middlewares/USB_Device_Library/usbd_ctlreq.o
 .text.USBD_SetAddress
                0x0000000008006418       0x88 ./Middlewares/USB_Device_Library/usbd_ctlreq.o
 .text.USBD_SetConfig
                0x00000000080064a0      0x154 ./Middlewares/USB_Device_Library/usbd_ctlreq.o
 .text.USBD_GetConfig
                0x00000000080065f4       0x6c ./Middlewares/USB_Device_Library/usbd_ctlreq.o
 .text.USBD_GetStatus
                0x0000000008006660       0x68 ./Middlewares/USB_Device_Library/usbd_ctlreq.o
 .text.USBD_SetFeature
                0x00000000080066c8       0x52 ./Middlewares/USB_Device_Library/usbd_ctlreq.o
 .text.USBD_ClrFeature
                0x000000000800671a       0x44 ./Middlewares/USB_Device_Library/usbd_ctlreq.o
 .text.USBD_ParseSetupRequest
                0x000000000800675e       0x74 ./Middlewares/USB_Device_Library/usbd_ctlreq.o
                0x000000000800675e                USBD_ParseSetupRequest
 .text.USBD_CtlError
                0x00000000080067d2       0x22 ./Middlewares/USB_Device_Library/usbd_ctlreq.o
                0x00000000080067d2                USBD_CtlError
 .text.USBD_GetString
                0x00000000080067f4       0x8c ./Middlewares/USB_Device_Library/usbd_ctlreq.o
                0x00000000080067f4                USBD_GetString
 .text.USBD_GetLen
                0x0000000008006880       0x34 ./Middlewares/USB_Device_Library/usbd_ctlreq.o
 .text.USBD_CtlSendData
                0x00000000080068b4       0x36 ./Middlewares/USB_Device_Library/usbd_ioreq.o
                0x00000000080068b4                USBD_CtlSendData
 .text.USBD_CtlContinueSendData
                0x00000000080068ea       0x22 ./Middlewares/USB_Device_Library/usbd_ioreq.o
                0x00000000080068ea                USBD_CtlContinueSendData
 .text.USBD_CtlPrepareRx
                0x000000000800690c       0x3a ./Middlewares/USB_Device_Library/usbd_ioreq.o
                0x000000000800690c                USBD_CtlPrepareRx
 .text.USBD_CtlContinueRx
                0x0000000008006946       0x22 ./Middlewares/USB_Device_Library/usbd_ioreq.o
                0x0000000008006946                USBD_CtlContinueRx
 .text.USBD_CtlSendStatus
                0x0000000008006968       0x26 ./Middlewares/USB_Device_Library/usbd_ioreq.o
                0x0000000008006968                USBD_CtlSendStatus
 .text.USBD_CtlReceiveStatus
                0x000000000800698e       0x26 ./Middlewares/USB_Device_Library/usbd_ioreq.o
                0x000000000800698e                USBD_CtlReceiveStatus
 .text.MX_USB_DEVICE_Init
                0x00000000080069b4       0x60 ./USB_DEVICE/App/usb_device.o
                0x00000000080069b4                MX_USB_DEVICE_Init
 .text.CDC_Init_FS
                0x0000000008006a14       0x28 ./USB_DEVICE/App/usbd_cdc_if.o
 .text.CDC_DeInit_FS
                0x0000000008006a3c       0x10 ./USB_DEVICE/App/usbd_cdc_if.o
 .text.CDC_Control_FS
                0x0000000008006a4c       0xbc ./USB_DEVICE/App/usbd_cdc_if.o
 .text.CDC_Receive_FS
                0x0000000008006b08       0x28 ./USB_DEVICE/App/usbd_cdc_if.o
 .text.CDC_Transmit_FS
                0x0000000008006b30       0x4c ./USB_DEVICE/App/usbd_cdc_if.o
                0x0000000008006b30                CDC_Transmit_FS
 .text.CDC_TransmitCplt_FS
                0x0000000008006b7c       0x22 ./USB_DEVICE/App/usbd_cdc_if.o
 *fill*         0x0000000008006b9e        0x2 
 .text.USBD_FS_DeviceDescriptor
                0x0000000008006ba0       0x24 ./USB_DEVICE/App/usbd_desc.o
                0x0000000008006ba0                USBD_FS_DeviceDescriptor
 .text.USBD_FS_LangIDStrDescriptor
                0x0000000008006bc4       0x24 ./USB_DEVICE/App/usbd_desc.o
                0x0000000008006bc4                USBD_FS_LangIDStrDescriptor
 .text.USBD_FS_ProductStrDescriptor
                0x0000000008006be8       0x3c ./USB_DEVICE/App/usbd_desc.o
                0x0000000008006be8                USBD_FS_ProductStrDescriptor
 .text.USBD_FS_ManufacturerStrDescriptor
                0x0000000008006c24       0x28 ./USB_DEVICE/App/usbd_desc.o
                0x0000000008006c24                USBD_FS_ManufacturerStrDescriptor
 .text.USBD_FS_SerialStrDescriptor
                0x0000000008006c4c       0x24 ./USB_DEVICE/App/usbd_desc.o
                0x0000000008006c4c                USBD_FS_SerialStrDescriptor
 .text.USBD_FS_ConfigStrDescriptor
                0x0000000008006c70       0x3c ./USB_DEVICE/App/usbd_desc.o
                0x0000000008006c70                USBD_FS_ConfigStrDescriptor
 .text.USBD_FS_InterfaceStrDescriptor
                0x0000000008006cac       0x3c ./USB_DEVICE/App/usbd_desc.o
                0x0000000008006cac                USBD_FS_InterfaceStrDescriptor
 .text.Get_SerialNum
                0x0000000008006ce8       0x58 ./USB_DEVICE/App/usbd_desc.o
 .text.IntToUnicode
                0x0000000008006d40       0x7e ./USB_DEVICE/App/usbd_desc.o
 *fill*         0x0000000008006dbe        0x2 
 .text.HAL_PCD_MspInit
                0x0000000008006dc0       0xa8 ./USB_DEVICE/Target/usbd_conf.o
                0x0000000008006dc0                HAL_PCD_MspInit
 .text.HAL_PCD_SetupStageCallback
                0x0000000008006e68       0x24 ./USB_DEVICE/Target/usbd_conf.o
                0x0000000008006e68                HAL_PCD_SetupStageCallback
 .text.HAL_PCD_DataOutStageCallback
                0x0000000008006e8c       0x36 ./USB_DEVICE/Target/usbd_conf.o
                0x0000000008006e8c                HAL_PCD_DataOutStageCallback
 .text.HAL_PCD_DataInStageCallback
                0x0000000008006ec2       0x34 ./USB_DEVICE/Target/usbd_conf.o
                0x0000000008006ec2                HAL_PCD_DataInStageCallback
 .text.HAL_PCD_SOFCallback
                0x0000000008006ef6       0x1c ./USB_DEVICE/Target/usbd_conf.o
                0x0000000008006ef6                HAL_PCD_SOFCallback
 .text.HAL_PCD_ResetCallback
                0x0000000008006f12       0x3c ./USB_DEVICE/Target/usbd_conf.o
                0x0000000008006f12                HAL_PCD_ResetCallback
 *fill*         0x0000000008006f4e        0x2 
 .text.HAL_PCD_SuspendCallback
                0x0000000008006f50       0x4c ./USB_DEVICE/Target/usbd_conf.o
                0x0000000008006f50                HAL_PCD_SuspendCallback
 .text.HAL_PCD_ResumeCallback
                0x0000000008006f9c       0x1c ./USB_DEVICE/Target/usbd_conf.o
                0x0000000008006f9c                HAL_PCD_ResumeCallback
 .text.HAL_PCD_ISOOUTIncompleteCallback
                0x0000000008006fb8       0x24 ./USB_DEVICE/Target/usbd_conf.o
                0x0000000008006fb8                HAL_PCD_ISOOUTIncompleteCallback
 .text.HAL_PCD_ISOINIncompleteCallback
                0x0000000008006fdc       0x24 ./USB_DEVICE/Target/usbd_conf.o
                0x0000000008006fdc                HAL_PCD_ISOINIncompleteCallback
 .text.HAL_PCD_ConnectCallback
                0x0000000008007000       0x1c ./USB_DEVICE/Target/usbd_conf.o
                0x0000000008007000                HAL_PCD_ConnectCallback
 .text.HAL_PCD_DisconnectCallback
                0x000000000800701c       0x1c ./USB_DEVICE/Target/usbd_conf.o
                0x000000000800701c                HAL_PCD_DisconnectCallback
 .text.USBD_LL_Init
                0x0000000008007038       0x98 ./USB_DEVICE/Target/usbd_conf.o
                0x0000000008007038                USBD_LL_Init
 .text.USBD_LL_Start
                0x00000000080070d0       0x36 ./USB_DEVICE/Target/usbd_conf.o
                0x00000000080070d0                USBD_LL_Start
 .text.USBD_LL_OpenEP
                0x0000000008007106       0x4c ./USB_DEVICE/Target/usbd_conf.o
                0x0000000008007106                USBD_LL_OpenEP
 .text.USBD_LL_CloseEP
                0x0000000008007152       0x3e ./USB_DEVICE/Target/usbd_conf.o
                0x0000000008007152                USBD_LL_CloseEP
 .text.USBD_LL_StallEP
                0x0000000008007190       0x3e ./USB_DEVICE/Target/usbd_conf.o
                0x0000000008007190                USBD_LL_StallEP
 .text.USBD_LL_ClearStallEP
                0x00000000080071ce       0x3e ./USB_DEVICE/Target/usbd_conf.o
                0x00000000080071ce                USBD_LL_ClearStallEP
 .text.USBD_LL_IsStallEP
                0x000000000800720c       0x58 ./USB_DEVICE/Target/usbd_conf.o
                0x000000000800720c                USBD_LL_IsStallEP
 .text.USBD_LL_SetUSBAddress
                0x0000000008007264       0x3e ./USB_DEVICE/Target/usbd_conf.o
                0x0000000008007264                USBD_LL_SetUSBAddress
 .text.USBD_LL_Transmit
                0x00000000080072a2       0x42 ./USB_DEVICE/Target/usbd_conf.o
                0x00000000080072a2                USBD_LL_Transmit
 .text.USBD_LL_PrepareReceive
                0x00000000080072e4       0x42 ./USB_DEVICE/Target/usbd_conf.o
                0x00000000080072e4                USBD_LL_PrepareReceive
 .text.USBD_LL_GetRxDataSize
                0x0000000008007326       0x26 ./USB_DEVICE/Target/usbd_conf.o
                0x0000000008007326                USBD_LL_GetRxDataSize
 .text.USBD_static_malloc
                0x000000000800734c       0x1c ./USB_DEVICE/Target/usbd_conf.o
                0x000000000800734c                USBD_static_malloc
 .text.USBD_static_free
                0x0000000008007368       0x14 ./USB_DEVICE/Target/usbd_conf.o
                0x0000000008007368                USBD_static_free
 .text.USBD_Get_USB_Status
                0x000000000800737c       0x58 ./USB_DEVICE/Target/usbd_conf.o
                0x000000000800737c                USBD_Get_USB_Status
 .text.__libc_init_array
                0x00000000080073d4       0x48 /opt/st/stm32cubeide_1.11.2/plugins/com.st.stm32cube.ide.mcu.externaltools.gnu-tools-for-stm32.10.3-2021.10.linux64_1.0.100.202210260954/tools/bin/../lib/gcc/arm-none-eabi/10.3.1/../../../../arm-none-eabi/lib/thumb/v7e-m+fp/hard/libc_nano.a(lib_a-init.o)
                0x00000000080073d4                __libc_init_array
 .text.memset   0x000000000800741c       0x10 /opt/st/stm32cubeide_1.11.2/plugins/com.st.stm32cube.ide.mcu.externaltools.gnu-tools-for-stm32.10.3-2021.10.linux64_1.0.100.202210260954/tools/bin/../lib/gcc/arm-none-eabi/10.3.1/../../../../arm-none-eabi/lib/thumb/v7e-m+fp/hard/libc_nano.a(lib_a-memset.o)
                0x000000000800741c                memset
 *(.glue_7)
 .glue_7        0x000000000800742c        0x0 linker stubs
 *(.glue_7t)
 .glue_7t       0x000000000800742c        0x0 linker stubs
 *(.eh_frame)
 .eh_frame      0x000000000800742c        0x0 /opt/st/stm32cubeide_1.11.2/plugins/com.st.stm32cube.ide.mcu.externaltools.gnu-tools-for-stm32.10.3-2021.10.linux64_1.0.100.202210260954/tools/bin/../lib/gcc/arm-none-eabi/10.3.1/thumb/v7e-m+fp/hard/crtbegin.o
 *(.init)
 .init          0x000000000800742c        0x4 /opt/st/stm32cubeide_1.11.2/plugins/com.st.stm32cube.ide.mcu.externaltools.gnu-tools-for-stm32.10.3-2021.10.linux64_1.0.100.202210260954/tools/bin/../lib/gcc/arm-none-eabi/10.3.1/thumb/v7e-m+fp/hard/crti.o
                0x000000000800742c                _init
 .init          0x0000000008007430        0x8 /opt/st/stm32cubeide_1.11.2/plugins/com.st.stm32cube.ide.mcu.externaltools.gnu-tools-for-stm32.10.3-2021.10.linux64_1.0.100.202210260954/tools/bin/../lib/gcc/arm-none-eabi/10.3.1/thumb/v7e-m+fp/hard/crtn.o
 *(.fini)
 .fini          0x0000000008007438        0x4 /opt/st/stm32cubeide_1.11.2/plugins/com.st.stm32cube.ide.mcu.externaltools.gnu-tools-for-stm32.10.3-2021.10.linux64_1.0.100.202210260954/tools/bin/../lib/gcc/arm-none-eabi/10.3.1/thumb/v7e-m+fp/hard/crti.o
                0x0000000008007438                _fini
 .fini          0x000000000800743c        0x8 /opt/st/stm32cubeide_1.11.2/plugins/com.st.stm32cube.ide.mcu.externaltools.gnu-tools-for-stm32.10.3-2021.10.linux64_1.0.100.202210260954/tools/bin/../lib/gcc/arm-none-eabi/10.3.1/thumb/v7e-m+fp/hard/crtn.o
                0x0000000008007444                . = ALIGN (0x4)
                0x0000000008007444                _etext = .

.vfp11_veneer   0x0000000008007444        0x0
 .vfp11_veneer  0x0000000008007444        0x0 linker stubs

.v4_bx          0x0000000008007444        0x0
 .v4_bx         0x0000000008007444        0x0 linker stubs

.iplt           0x0000000008007444        0x0
 .iplt          0x0000000008007444        0x0 /opt/st/stm32cubeide_1.11.2/plugins/com.st.stm32cube.ide.mcu.externaltools.gnu-tools-for-stm32.10.3-2021.10.linux64_1.0.100.202210260954/tools/bin/../lib/gcc/arm-none-eabi/10.3.1/thumb/v7e-m+fp/hard/crtbegin.o

.rodata         0x0000000008007444       0x6c
                0x0000000008007444                . = ALIGN (0x4)
 *(.rodata)
 .rodata        0x0000000008007444       0x14 ./Core/Src/main.o
 .rodata        0x0000000008007458       0x46 ./USB_DEVICE/App/usbd_desc.o
 *(.rodata*)
 *fill*         0x000000000800749e        0x2 
 .rodata.AHBPrescTable
                0x00000000080074a0       0x10 ./Core/Src/system_stm32f4xx.o
                0x00000000080074a0                AHBPrescTable
                0x00000000080074b0                . = ALIGN (0x4)

.ARM.extab      0x00000000080074b0        0x0
                0x00000000080074b0                . = ALIGN (0x4)
 *(.ARM.extab* .gnu.linkonce.armextab.*)
                0x00000000080074b0                . = ALIGN (0x4)

.ARM            0x00000000080074b0        0x8
                0x00000000080074b0                . = ALIGN (0x4)
                0x00000000080074b0                __exidx_start = .
 *(.ARM.exidx*)
 .ARM.exidx     0x00000000080074b0        0x8 /opt/st/stm32cubeide_1.11.2/plugins/com.st.stm32cube.ide.mcu.externaltools.gnu-tools-for-stm32.10.3-2021.10.linux64_1.0.100.202210260954/tools/bin/../lib/gcc/arm-none-eabi/10.3.1/thumb/v7e-m+fp/hard/libgcc.a(_udivmoddi4.o)
                0x00000000080074b8                __exidx_end = .
                0x00000000080074b8                . = ALIGN (0x4)

.rel.dyn        0x00000000080074b8        0x0
 .rel.iplt      0x00000000080074b8        0x0 /opt/st/stm32cubeide_1.11.2/plugins/com.st.stm32cube.ide.mcu.externaltools.gnu-tools-for-stm32.10.3-2021.10.linux64_1.0.100.202210260954/tools/bin/../lib/gcc/arm-none-eabi/10.3.1/thumb/v7e-m+fp/hard/crtbegin.o

.preinit_array  0x00000000080074b8        0x0
                0x00000000080074b8                . = ALIGN (0x4)
                0x00000000080074b8                PROVIDE (__preinit_array_start = .)
 *(.preinit_array*)
                0x00000000080074b8                PROVIDE (__preinit_array_end = .)
                0x00000000080074b8                . = ALIGN (0x4)

.init_array     0x00000000080074b8        0x4
                0x00000000080074b8                . = ALIGN (0x4)
                0x00000000080074b8                PROVIDE (__init_array_start = .)
 *(SORT_BY_NAME(.init_array.*))
 *(.init_array*)
 .init_array    0x00000000080074b8        0x4 /opt/st/stm32cubeide_1.11.2/plugins/com.st.stm32cube.ide.mcu.externaltools.gnu-tools-for-stm32.10.3-2021.10.linux64_1.0.100.202210260954/tools/bin/../lib/gcc/arm-none-eabi/10.3.1/thumb/v7e-m+fp/hard/crtbegin.o
                0x00000000080074bc                PROVIDE (__init_array_end = .)
                0x00000000080074bc                . = ALIGN (0x4)

.fini_array     0x00000000080074bc        0x4
                0x00000000080074bc                . = ALIGN (0x4)
                [!provide]                        PROVIDE (__fini_array_start = .)
 *(SORT_BY_NAME(.fini_array.*))
 *(.fini_array*)
 .fini_array    0x00000000080074bc        0x4 /opt/st/stm32cubeide_1.11.2/plugins/com.st.stm32cube.ide.mcu.externaltools.gnu-tools-for-stm32.10.3-2021.10.linux64_1.0.100.202210260954/tools/bin/../lib/gcc/arm-none-eabi/10.3.1/thumb/v7e-m+fp/hard/crtbegin.o
                [!provide]                        PROVIDE (__fini_array_end = .)
                0x00000000080074c0                . = ALIGN (0x4)
                0x00000000080074c0                _sidata = LOADADDR (.data)

.data           0x0000000020000000       0xfc load address 0x00000000080074c0
                0x0000000020000000                . = ALIGN (0x4)
                0x0000000020000000                _sdata = .
 *(.data)
 *(.data*)
 .data.SystemCoreClock
                0x0000000020000000        0x4 ./Core/Src/system_stm32f4xx.o
                0x0000000020000000                SystemCoreClock
 .data.uwTickPrio
                0x0000000020000004        0x4 ./Drivers/STM32F4xx_HAL_Driver/stm32f4xx_hal.o
                0x0000000020000004                uwTickPrio
 .data.uwTickFreq
                0x0000000020000008        0x1 ./Drivers/STM32F4xx_HAL_Driver/stm32f4xx_hal.o
                0x0000000020000008                uwTickFreq
 *fill*         0x0000000020000009        0x3 
 .data.USBD_CDC_DeviceQualifierDesc
                0x000000002000000c        0xa ./Middlewares/USB_Device_Library/usbd_cdc.o
 *fill*         0x0000000020000016        0x2 
 .data.USBD_CDC
                0x0000000020000018       0x38 ./Middlewares/USB_Device_Library/usbd_cdc.o
                0x0000000020000018                USBD_CDC
 .data.USBD_CDC_CfgDesc
                0x0000000020000050       0x43 ./Middlewares/USB_Device_Library/usbd_cdc.o
 .data.CDCInEpAdd
                0x0000000020000093        0x1 ./Middlewares/USB_Device_Library/usbd_cdc.o
 .data.CDCOutEpAdd
                0x0000000020000094        0x1 ./Middlewares/USB_Device_Library/usbd_cdc.o
 .data.CDCCmdEpAdd
                0x0000000020000095        0x1 ./Middlewares/USB_Device_Library/usbd_cdc.o
 *fill*         0x0000000020000096        0x2 
 .data.USBD_Interface_fops_FS
                0x0000000020000098       0x14 ./USB_DEVICE/App/usbd_cdc_if.o
                0x0000000020000098                USBD_Interface_fops_FS
 .data.FS_Desc  0x00000000200000ac       0x1c ./USB_DEVICE/App/usbd_desc.o
                0x00000000200000ac                FS_Desc
 .data.USBD_FS_DeviceDesc
                0x00000000200000c8       0x12 ./USB_DEVICE/App/usbd_desc.o
                0x00000000200000c8                USBD_FS_DeviceDesc
 *fill*         0x00000000200000da        0x2 
 .data.USBD_LangIDDesc
                0x00000000200000dc        0x4 ./USB_DEVICE/App/usbd_desc.o
                0x00000000200000dc                USBD_LangIDDesc
 .data.USBD_StringSerial
                0x00000000200000e0       0x1a ./USB_DEVICE/App/usbd_desc.o
                0x00000000200000e0                USBD_StringSerial
 *(.RamFunc)
 *(.RamFunc*)
                0x00000000200000fc                . = ALIGN (0x4)
 *fill*         0x00000000200000fa        0x2 
                0x00000000200000fc                _edata = .

.igot.plt       0x00000000200000fc        0x0 load address 0x00000000080075bc
 .igot.plt      0x00000000200000fc        0x0 /opt/st/stm32cubeide_1.11.2/plugins/com.st.stm32cube.ide.mcu.externaltools.gnu-tools-for-stm32.10.3-2021.10.linux64_1.0.100.202210260954/tools/bin/../lib/gcc/arm-none-eabi/10.3.1/thumb/v7e-m+fp/hard/crtbegin.o
                0x00000000200000fc                . = ALIGN (0x4)

.bss            0x00000000200000fc     0x1c74 load address 0x00000000080075bc
                0x00000000200000fc                _sbss = .
                0x00000000200000fc                __bss_start__ = _sbss
 *(.bss)
 .bss           0x00000000200000fc       0x1c /opt/st/stm32cubeide_1.11.2/plugins/com.st.stm32cube.ide.mcu.externaltools.gnu-tools-for-stm32.10.3-2021.10.linux64_1.0.100.202210260954/tools/bin/../lib/gcc/arm-none-eabi/10.3.1/thumb/v7e-m+fp/hard/crtbegin.o
 *(.bss*)
 .bss.hadc1     0x0000000020000118       0x48 ./Core/Src/main.o
                0x0000000020000118                hadc1
 .bss.uwTick    0x0000000020000160        0x4 ./Drivers/STM32F4xx_HAL_Driver/stm32f4xx_hal.o
                0x0000000020000160                uwTick
 .bss.cfgidx.0  0x0000000020000164        0x1 ./Middlewares/USB_Device_Library/usbd_ctlreq.o
 *fill*         0x0000000020000165        0x3 
 .bss.hUsbDeviceFS
                0x0000000020000168      0x2dc ./USB_DEVICE/App/usb_device.o
                0x0000000020000168                hUsbDeviceFS
 .bss.UserRxBufferFS
                0x0000000020000444      0x800 ./USB_DEVICE/App/usbd_cdc_if.o
                0x0000000020000444                UserRxBufferFS
 .bss.UserTxBufferFS
                0x0000000020000c44      0x800 ./USB_DEVICE/App/usbd_cdc_if.o
                0x0000000020000c44                UserTxBufferFS
 .bss.USBD_StrDesc
                0x0000000020001444      0x200 ./USB_DEVICE/App/usbd_desc.o
                0x0000000020001444                USBD_StrDesc
 .bss.hpcd_USB_OTG_FS
                0x0000000020001644      0x50c ./USB_DEVICE/Target/usbd_conf.o
                0x0000000020001644                hpcd_USB_OTG_FS
 .bss.mem.0     0x0000000020001b50      0x220 ./USB_DEVICE/Target/usbd_conf.o
 *(COMMON)
                0x0000000020001d70                . = ALIGN (0x4)
                0x0000000020001d70                _ebss = .
                0x0000000020001d70                __bss_end__ = _ebss

._user_heap_stack
                0x0000000020001d70      0x600 load address 0x00000000080075bc
                0x0000000020001d70                . = ALIGN (0x8)
                [!provide]                        PROVIDE (end = .)
                0x0000000020001d70                PROVIDE (_end = .)
                0x0000000020001f70                . = (. + _Min_Heap_Size)
 *fill*         0x0000000020001d70      0x200 
                0x0000000020002370                . = (. + _Min_Stack_Size)
 *fill*         0x0000000020001f70      0x400 
                0x0000000020002370                . = ALIGN (0x8)

/DISCARD/
 libc.a(*)
 libm.a(*)
 libgcc.a(*)

.ARM.attributes
                0x0000000000000000       0x30
 *(.ARM.attributes)
 .ARM.attributes
                0x0000000000000000       0x1e /opt/st/stm32cubeide_1.11.2/plugins/com.st.stm32cube.ide.mcu.externaltools.gnu-tools-for-stm32.10.3-2021.10.linux64_1.0.100.202210260954/tools/bin/../lib/gcc/arm-none-eabi/10.3.1/thumb/v7e-m+fp/hard/crti.o
 .ARM.attributes
                0x000000000000001e       0x34 /opt/st/stm32cubeide_1.11.2/plugins/com.st.stm32cube.ide.mcu.externaltools.gnu-tools-for-stm32.10.3-2021.10.linux64_1.0.100.202210260954/tools/bin/../lib/gcc/arm-none-eabi/10.3.1/thumb/v7e-m+fp/hard/crtbegin.o
 .ARM.attributes
                0x0000000000000052       0x34 ./Core/Src/main.o
 .ARM.attributes
                0x0000000000000086       0x34 ./Core/Src/stm32f4xx_hal_msp.o
 .ARM.attributes
                0x00000000000000ba       0x34 ./Core/Src/stm32f4xx_it.o
 .ARM.attributes
                0x00000000000000ee       0x34 ./Core/Src/system_stm32f4xx.o
 .ARM.attributes
                0x0000000000000122       0x21 ./Core/Startup/startup_stm32f411ceux.o
 .ARM.attributes
                0x0000000000000143       0x34 ./Drivers/STM32F4xx_HAL_Driver/stm32f4xx_hal.o
 .ARM.attributes
                0x0000000000000177       0x34 ./Drivers/STM32F4xx_HAL_Driver/stm32f4xx_hal_adc.o
 .ARM.attributes
                0x00000000000001ab       0x34 ./Drivers/STM32F4xx_HAL_Driver/stm32f4xx_hal_cortex.o
 .ARM.attributes
                0x00000000000001df       0x34 ./Drivers/STM32F4xx_HAL_Driver/stm32f4xx_hal_gpio.o
 .ARM.attributes
                0x0000000000000213       0x34 ./Drivers/STM32F4xx_HAL_Driver/stm32f4xx_hal_pcd.o
 .ARM.attributes
                0x0000000000000247       0x34 ./Drivers/STM32F4xx_HAL_Driver/stm32f4xx_hal_pcd_ex.o
 .ARM.attributes
                0x000000000000027b       0x34 ./Drivers/STM32F4xx_HAL_Driver/stm32f4xx_hal_rcc.o
 .ARM.attributes
                0x00000000000002af       0x34 ./Drivers/STM32F4xx_HAL_Driver/stm32f4xx_ll_usb.o
 .ARM.attributes
                0x00000000000002e3       0x34 ./Middlewares/USB_Device_Library/usbd_cdc.o
 .ARM.attributes
                0x0000000000000317       0x34 ./Middlewares/USB_Device_Library/usbd_core.o
 .ARM.attributes
                0x000000000000034b       0x34 ./Middlewares/USB_Device_Library/usbd_ctlreq.o
 .ARM.attributes
                0x000000000000037f       0x34 ./Middlewares/USB_Device_Library/usbd_ioreq.o
 .ARM.attributes
                0x00000000000003b3       0x34 ./USB_DEVICE/App/usb_device.o
 .ARM.attributes
                0x00000000000003e7       0x34 ./USB_DEVICE/App/usbd_cdc_if.o
 .ARM.attributes
                0x000000000000041b       0x34 ./USB_DEVICE/App/usbd_desc.o
 .ARM.attributes
                0x000000000000044f       0x34 ./USB_DEVICE/Target/usbd_conf.o
 .ARM.attributes
                0x0000000000000483       0x34 /opt/st/stm32cubeide_1.11.2/plugins/com.st.stm32cube.ide.mcu.externaltools.gnu-tools-for-stm32.10.3-2021.10.linux64_1.0.100.202210260954/tools/bin/../lib/gcc/arm-none-eabi/10.3.1/../../../../arm-none-eabi/lib/thumb/v7e-m+fp/hard/libc_nano.a(lib_a-init.o)
 .ARM.attributes
                0x00000000000004b7       0x34 /opt/st/stm32cubeide_1.11.2/plugins/com.st.stm32cube.ide.mcu.externaltools.gnu-tools-for-stm32.10.3-2021.10.linux64_1.0.100.202210260954/tools/bin/../lib/gcc/arm-none-eabi/10.3.1/../../../../arm-none-eabi/lib/thumb/v7e-m+fp/hard/libc_nano.a(lib_a-memset.o)
 .ARM.attributes
                0x00000000000004eb       0x17 /opt/st/stm32cubeide_1.11.2/plugins/com.st.stm32cube.ide.mcu.externaltools.gnu-tools-for-stm32.10.3-2021.10.linux64_1.0.100.202210260954/tools/bin/../lib/gcc/arm-none-eabi/10.3.1/../../../../arm-none-eabi/lib/thumb/v7e-m+fp/hard/libc_nano.a(lib_a-strlen.o)
 .ARM.attributes
                0x0000000000000502       0x1e /opt/st/stm32cubeide_1.11.2/plugins/com.st.stm32cube.ide.mcu.externaltools.gnu-tools-for-stm32.10.3-2021.10.linux64_1.0.100.202210260954/tools/bin/../lib/gcc/arm-none-eabi/10.3.1/thumb/v7e-m+fp/hard/libgcc.a(_aeabi_uldivmod.o)
 .ARM.attributes
                0x0000000000000520       0x34 /opt/st/stm32cubeide_1.11.2/plugins/com.st.stm32cube.ide.mcu.externaltools.gnu-tools-for-stm32.10.3-2021.10.linux64_1.0.100.202210260954/tools/bin/../lib/gcc/arm-none-eabi/10.3.1/thumb/v7e-m+fp/hard/libgcc.a(_udivmoddi4.o)
 .ARM.attributes
                0x0000000000000554       0x1e /opt/st/stm32cubeide_1.11.2/plugins/com.st.stm32cube.ide.mcu.externaltools.gnu-tools-for-stm32.10.3-2021.10.linux64_1.0.100.202210260954/tools/bin/../lib/gcc/arm-none-eabi/10.3.1/thumb/v7e-m+fp/hard/libgcc.a(_dvmd_tls.o)
 .ARM.attributes
                0x0000000000000572       0x1e /opt/st/stm32cubeide_1.11.2/plugins/com.st.stm32cube.ide.mcu.externaltools.gnu-tools-for-stm32.10.3-2021.10.linux64_1.0.100.202210260954/tools/bin/../lib/gcc/arm-none-eabi/10.3.1/thumb/v7e-m+fp/hard/crtn.o
OUTPUT(usb_sender_f4.elf elf32-littlearm)
LOAD linker stubs
LOAD /opt/st/stm32cubeide_1.11.2/plugins/com.st.stm32cube.ide.mcu.externaltools.gnu-tools-for-stm32.10.3-2021.10.linux64_1.0.100.202210260954/tools/bin/../lib/gcc/arm-none-eabi/10.3.1/../../../../arm-none-eabi/lib/thumb/v7e-m+fp/hard/libc.a
LOAD /opt/st/stm32cubeide_1.11.2/plugins/com.st.stm32cube.ide.mcu.externaltools.gnu-tools-for-stm32.10.3-2021.10.linux64_1.0.100.202210260954/tools/bin/../lib/gcc/arm-none-eabi/10.3.1/../../../../arm-none-eabi/lib/thumb/v7e-m+fp/hard/libm.a
LOAD /opt/st/stm32cubeide_1.11.2/plugins/com.st.stm32cube.ide.mcu.externaltools.gnu-tools-for-stm32.10.3-2021.10.linux64_1.0.100.202210260954/tools/bin/../lib/gcc/arm-none-eabi/10.3.1/thumb/v7e-m+fp/hard/libgcc.a

.debug_info     0x0000000000000000     0xf609
 .debug_info    0x0000000000000000      0xbde ./Core/Src/main.o
 .debug_info    0x0000000000000bde      0x99c ./Core/Src/stm32f4xx_hal_msp.o
 .debug_info    0x000000000000157a      0x650 ./Core/Src/stm32f4xx_it.o
 .debug_info    0x0000000000001bca      0x54f ./Core/Src/system_stm32f4xx.o
 .debug_info    0x0000000000002119       0x22 ./Core/Startup/startup_stm32f411ceux.o
 .debug_info    0x000000000000213b      0x90d ./Drivers/STM32F4xx_HAL_Driver/stm32f4xx_hal.o
 .debug_info    0x0000000000002a48      0xd68 ./Drivers/STM32F4xx_HAL_Driver/stm32f4xx_hal_adc.o
 .debug_info    0x00000000000037b0      0xd8b ./Drivers/STM32F4xx_HAL_Driver/stm32f4xx_hal_cortex.o
 .debug_info    0x000000000000453b      0x78e ./Drivers/STM32F4xx_HAL_Driver/stm32f4xx_hal_gpio.o
 .debug_info    0x0000000000004cc9     0x168d ./Drivers/STM32F4xx_HAL_Driver/stm32f4xx_hal_pcd.o
 .debug_info    0x0000000000006356      0x717 ./Drivers/STM32F4xx_HAL_Driver/stm32f4xx_hal_pcd_ex.o
 .debug_info    0x0000000000006a6d      0x98d ./Drivers/STM32F4xx_HAL_Driver/stm32f4xx_hal_rcc.o
 .debug_info    0x00000000000073fa     0x1a97 ./Drivers/STM32F4xx_HAL_Driver/stm32f4xx_ll_usb.o
 .debug_info    0x0000000000008e91     0x130c ./Middlewares/USB_Device_Library/usbd_cdc.o
 .debug_info    0x000000000000a19d      0xee7 ./Middlewares/USB_Device_Library/usbd_core.o
 .debug_info    0x000000000000b084      0xb7f ./Middlewares/USB_Device_Library/usbd_ctlreq.o
 .debug_info    0x000000000000bc03      0x7da ./Middlewares/USB_Device_Library/usbd_ioreq.o
 .debug_info    0x000000000000c3dd      0x76a ./USB_DEVICE/App/usb_device.o
 .debug_info    0x000000000000cb47      0x96f ./USB_DEVICE/App/usbd_cdc_if.o
 .debug_info    0x000000000000d4b6      0x498 ./USB_DEVICE/App/usbd_desc.o
 .debug_info    0x000000000000d94e     0x1cbb ./USB_DEVICE/Target/usbd_conf.o

.debug_abbrev   0x0000000000000000     0x2bc9
 .debug_abbrev  0x0000000000000000      0x269 ./Core/Src/main.o
 .debug_abbrev  0x0000000000000269      0x194 ./Core/Src/stm32f4xx_hal_msp.o
 .debug_abbrev  0x00000000000003fd      0x199 ./Core/Src/stm32f4xx_it.o
 .debug_abbrev  0x0000000000000596      0x116 ./Core/Src/system_stm32f4xx.o
 .debug_abbrev  0x00000000000006ac       0x12 ./Core/Startup/startup_stm32f411ceux.o
 .debug_abbrev  0x00000000000006be      0x23e ./Drivers/STM32F4xx_HAL_Driver/stm32f4xx_hal.o
 .debug_abbrev  0x00000000000008fc      0x204 ./Drivers/STM32F4xx_HAL_Driver/stm32f4xx_hal_adc.o
 .debug_abbrev  0x0000000000000b00      0x316 ./Drivers/STM32F4xx_HAL_Driver/stm32f4xx_hal_cortex.o
 .debug_abbrev  0x0000000000000e16      0x1c4 ./Drivers/STM32F4xx_HAL_Driver/stm32f4xx_hal_gpio.o
 .debug_abbrev  0x0000000000000fda      0x2bb ./Drivers/STM32F4xx_HAL_Driver/stm32f4xx_hal_pcd.o
 .debug_abbrev  0x0000000000001295      0x1ce ./Drivers/STM32F4xx_HAL_Driver/stm32f4xx_hal_pcd_ex.o
 .debug_abbrev  0x0000000000001463      0x2aa ./Drivers/STM32F4xx_HAL_Driver/stm32f4xx_hal_rcc.o
 .debug_abbrev  0x000000000000170d      0x296 ./Drivers/STM32F4xx_HAL_Driver/stm32f4xx_ll_usb.o
 .debug_abbrev  0x00000000000019a3      0x2be ./Middlewares/USB_Device_Library/usbd_cdc.o
 .debug_abbrev  0x0000000000001c61      0x263 ./Middlewares/USB_Device_Library/usbd_core.o
 .debug_abbrev  0x0000000000001ec4      0x25c ./Middlewares/USB_Device_Library/usbd_ctlreq.o
 .debug_abbrev  0x0000000000002120      0x18a ./Middlewares/USB_Device_Library/usbd_ioreq.o
 .debug_abbrev  0x00000000000022aa      0x18a ./USB_DEVICE/App/usb_device.o
 .debug_abbrev  0x0000000000002434      0x290 ./USB_DEVICE/App/usbd_cdc_if.o
 .debug_abbrev  0x00000000000026c4      0x1da ./USB_DEVICE/App/usbd_desc.o
 .debug_abbrev  0x000000000000289e      0x32b ./USB_DEVICE/Target/usbd_conf.o

.debug_aranges  0x0000000000000000      0xc38
 .debug_aranges
                0x0000000000000000       0x40 ./Core/Src/main.o
 .debug_aranges
                0x0000000000000040       0x30 ./Core/Src/stm32f4xx_hal_msp.o
 .debug_aranges
                0x0000000000000070       0x68 ./Core/Src/stm32f4xx_it.o
 .debug_aranges
                0x00000000000000d8       0x28 ./Core/Src/system_stm32f4xx.o
 .debug_aranges
                0x0000000000000100       0x28 ./Core/Startup/startup_stm32f411ceux.o
 .debug_aranges
                0x0000000000000128       0xf0 ./Drivers/STM32F4xx_HAL_Driver/stm32f4xx_hal.o
 .debug_aranges
                0x0000000000000218       0xe8 ./Drivers/STM32F4xx_HAL_Driver/stm32f4xx_hal_adc.o
 .debug_aranges
                0x0000000000000300      0x118 ./Drivers/STM32F4xx_HAL_Driver/stm32f4xx_hal_cortex.o
 .debug_aranges
                0x0000000000000418       0x58 ./Drivers/STM32F4xx_HAL_Driver/stm32f4xx_hal_gpio.o
 .debug_aranges
                0x0000000000000470      0x148 ./Drivers/STM32F4xx_HAL_Driver/stm32f4xx_hal_pcd.o
 .debug_aranges
                0x00000000000005b8       0x38 ./Drivers/STM32F4xx_HAL_Driver/stm32f4xx_hal_pcd_ex.o
 .debug_aranges
                0x00000000000005f0       0x88 ./Drivers/STM32F4xx_HAL_Driver/stm32f4xx_hal_rcc.o
 .debug_aranges
                0x0000000000000678      0x1a0 ./Drivers/STM32F4xx_HAL_Driver/stm32f4xx_ll_usb.o
 .debug_aranges
                0x0000000000000818       0x90 ./Middlewares/USB_Device_Library/usbd_cdc.o
 .debug_aranges
                0x00000000000008a8       0xd8 ./Middlewares/USB_Device_Library/usbd_core.o
 .debug_aranges
                0x0000000000000980       0x90 ./Middlewares/USB_Device_Library/usbd_ctlreq.o
 .debug_aranges
                0x0000000000000a10       0x50 ./Middlewares/USB_Device_Library/usbd_ioreq.o
 .debug_aranges
                0x0000000000000a60       0x20 ./USB_DEVICE/App/usb_device.o
 .debug_aranges
                0x0000000000000a80       0x48 ./USB_DEVICE/App/usbd_cdc_if.o
 .debug_aranges
                0x0000000000000ac8       0x60 ./USB_DEVICE/App/usbd_desc.o
 .debug_aranges
                0x0000000000000b28      0x110 ./USB_DEVICE/Target/usbd_conf.o

.debug_ranges   0x0000000000000000      0xaf0
 .debug_ranges  0x0000000000000000       0x30 ./Core/Src/main.o
 .debug_ranges  0x0000000000000030       0x20 ./Core/Src/stm32f4xx_hal_msp.o
 .debug_ranges  0x0000000000000050       0x58 ./Core/Src/stm32f4xx_it.o
 .debug_ranges  0x00000000000000a8       0x18 ./Core/Src/system_stm32f4xx.o
 .debug_ranges  0x00000000000000c0       0x20 ./Core/Startup/startup_stm32f411ceux.o
 .debug_ranges  0x00000000000000e0       0xe0 ./Drivers/STM32F4xx_HAL_Driver/stm32f4xx_hal.o
 .debug_ranges  0x00000000000001c0       0xd8 ./Drivers/STM32F4xx_HAL_Driver/stm32f4xx_hal_adc.o
 .debug_ranges  0x0000000000000298      0x108 ./Drivers/STM32F4xx_HAL_Driver/stm32f4xx_hal_cortex.o
 .debug_ranges  0x00000000000003a0       0x48 ./Drivers/STM32F4xx_HAL_Driver/stm32f4xx_hal_gpio.o
 .debug_ranges  0x00000000000003e8      0x138 ./Drivers/STM32F4xx_HAL_Driver/stm32f4xx_hal_pcd.o
 .debug_ranges  0x0000000000000520       0x28 ./Drivers/STM32F4xx_HAL_Driver/stm32f4xx_hal_pcd_ex.o
 .debug_ranges  0x0000000000000548       0x78 ./Drivers/STM32F4xx_HAL_Driver/stm32f4xx_hal_rcc.o
 .debug_ranges  0x00000000000005c0      0x190 ./Drivers/STM32F4xx_HAL_Driver/stm32f4xx_ll_usb.o
 .debug_ranges  0x0000000000000750       0x80 ./Middlewares/USB_Device_Library/usbd_cdc.o
 .debug_ranges  0x00000000000007d0       0xc8 ./Middlewares/USB_Device_Library/usbd_core.o
 .debug_ranges  0x0000000000000898       0x80 ./Middlewares/USB_Device_Library/usbd_ctlreq.o
 .debug_ranges  0x0000000000000918       0x40 ./Middlewares/USB_Device_Library/usbd_ioreq.o
 .debug_ranges  0x0000000000000958       0x10 ./USB_DEVICE/App/usb_device.o
 .debug_ranges  0x0000000000000968       0x38 ./USB_DEVICE/App/usbd_cdc_if.o
 .debug_ranges  0x00000000000009a0       0x50 ./USB_DEVICE/App/usbd_desc.o
 .debug_ranges  0x00000000000009f0      0x100 ./USB_DEVICE/Target/usbd_conf.o

.debug_macro    0x0000000000000000    0x1962a
 .debug_macro   0x0000000000000000      0x43b ./Core/Src/main.o
 .debug_macro   0x000000000000043b      0xa78 ./Core/Src/main.o
 .debug_macro   0x0000000000000eb3      0x29b ./Core/Src/main.o
 .debug_macro   0x000000000000114e       0x2e ./Core/Src/main.o
 .debug_macro   0x000000000000117c       0x28 ./Core/Src/main.o
 .debug_macro   0x00000000000011a4       0x22 ./Core/Src/main.o
 .debug_macro   0x00000000000011c6       0x8e ./Core/Src/main.o
 .debug_macro   0x0000000000001254       0x51 ./Core/Src/main.o
 .debug_macro   0x00000000000012a5      0x103 ./Core/Src/main.o
 .debug_macro   0x00000000000013a8       0x6a ./Core/Src/main.o
 .debug_macro   0x0000000000001412      0x1df ./Core/Src/main.o
 .debug_macro   0x00000000000015f1       0x1c ./Core/Src/main.o
 .debug_macro   0x000000000000160d       0x22 ./Core/Src/main.o
 .debug_macro   0x000000000000162f       0xd9 ./Core/Src/main.o
 .debug_macro   0x0000000000001708     0x102d ./Core/Src/main.o
 .debug_macro   0x0000000000002735      0x11f ./Core/Src/main.o
 .debug_macro   0x0000000000002854     0xb953 ./Core/Src/main.o
 .debug_macro   0x000000000000e1a7       0x6d ./Core/Src/main.o
 .debug_macro   0x000000000000e214     0x367e ./Core/Src/main.o
 .debug_macro   0x0000000000011892      0x174 ./Core/Src/main.o
 .debug_macro   0x0000000000011a06       0x5c ./Core/Src/main.o
 .debug_macro   0x0000000000011a62      0x447 ./Core/Src/main.o
 .debug_macro   0x0000000000011ea9      0x9fe ./Core/Src/main.o
 .debug_macro   0x00000000000128a7      0x115 ./Core/Src/main.o
 .debug_macro   0x00000000000129bc      0x11b ./Core/Src/main.o
 .debug_macro   0x0000000000012ad7       0xa5 ./Core/Src/main.o
 .debug_macro   0x0000000000012b7c      0x15f ./Core/Src/main.o
 .debug_macro   0x0000000000012cdb      0x287 ./Core/Src/main.o
 .debug_macro   0x0000000000012f62       0x5f ./Core/Src/main.o
 .debug_macro   0x0000000000012fc1      0x236 ./Core/Src/main.o
 .debug_macro   0x00000000000131f7      0x9e1 ./Core/Src/main.o
 .debug_macro   0x0000000000013bd8      0x38b ./Core/Src/main.o
 .debug_macro   0x0000000000013f63      0x17d ./Core/Src/main.o
 .debug_macro   0x00000000000140e0       0xf9 ./Core/Src/main.o
 .debug_macro   0x00000000000141d9      0x132 ./Core/Src/main.o
 .debug_macro   0x000000000001430b      0x264 ./Core/Src/main.o
 .debug_macro   0x000000000001456f       0x2e ./Core/Src/main.o
 .debug_macro   0x000000000001459d      0x11a ./Core/Src/main.o
 .debug_macro   0x00000000000146b7       0x85 ./Core/Src/main.o
 .debug_macro   0x000000000001473c       0x89 ./Core/Src/main.o
 .debug_macro   0x00000000000147c5      0x248 ./Core/Src/main.o
 .debug_macro   0x0000000000014a0d       0xba ./Core/Src/main.o
 .debug_macro   0x0000000000014ac7      0x126 ./Core/Src/main.o
 .debug_macro   0x0000000000014bed       0x52 ./Core/Src/main.o
 .debug_macro   0x0000000000014c3f       0x1e ./Core/Src/main.o
 .debug_macro   0x0000000000014c5d       0x3c ./Core/Src/main.o
 .debug_macro   0x0000000000014c99       0x34 ./Core/Src/main.o
 .debug_macro   0x0000000000014ccd       0x16 ./Core/Src/main.o
 .debug_macro   0x0000000000014ce3       0x35 ./Core/Src/main.o
 .debug_macro   0x0000000000014d18      0x341 ./Core/Src/main.o
 .debug_macro   0x0000000000015059       0x10 ./Core/Src/main.o
 .debug_macro   0x0000000000015069       0x16 ./Core/Src/main.o
 .debug_macro   0x000000000001507f       0x43 ./Core/Src/main.o
 .debug_macro   0x00000000000150c2       0x34 ./Core/Src/main.o
 .debug_macro   0x00000000000150f6       0x10 ./Core/Src/main.o
 .debug_macro   0x0000000000015106       0x58 ./Core/Src/main.o
 .debug_macro   0x000000000001515e       0x71 ./Core/Src/main.o
 .debug_macro   0x00000000000151cf       0x1c ./Core/Src/main.o
 .debug_macro   0x00000000000151eb      0x12a ./Core/Src/main.o
 .debug_macro   0x0000000000015315       0x10 ./Core/Src/main.o
 .debug_macro   0x0000000000015325       0x1c ./Core/Src/main.o
 .debug_macro   0x0000000000015341       0x52 ./Core/Src/main.o
 .debug_macro   0x0000000000015393       0x22 ./Core/Src/main.o
 .debug_macro   0x00000000000153b5       0x10 ./Core/Src/main.o
 .debug_macro   0x00000000000153c5       0x52 ./Core/Src/main.o
 .debug_macro   0x0000000000015417       0xd5 ./Core/Src/main.o
 .debug_macro   0x00000000000154ec       0x1c ./Core/Src/main.o
 .debug_macro   0x0000000000015508       0x3d ./Core/Src/main.o
 .debug_macro   0x0000000000015545       0x16 ./Core/Src/main.o
 .debug_macro   0x000000000001555b      0x145 ./Core/Src/main.o
 .debug_macro   0x00000000000156a0       0x16 ./Core/Src/main.o
 .debug_macro   0x00000000000156b6       0x16 ./Core/Src/main.o
 .debug_macro   0x00000000000156cc       0x29 ./Core/Src/main.o
 .debug_macro   0x00000000000156f5       0x16 ./Core/Src/main.o
 .debug_macro   0x000000000001570b       0x20 ./Core/Src/main.o
 .debug_macro   0x000000000001572b       0x65 ./Core/Src/main.o
 .debug_macro   0x0000000000015790      0x20f ./Core/Src/main.o
 .debug_macro   0x000000000001599f       0x95 ./Core/Src/main.o
 .debug_macro   0x0000000000015a34       0x10 ./Core/Src/main.o
 .debug_macro   0x0000000000015a44      0x206 ./Core/Src/stm32f4xx_hal_msp.o
 .debug_macro   0x0000000000015c4a      0x210 ./Core/Src/stm32f4xx_it.o
 .debug_macro   0x0000000000015e5a      0x1fc ./Core/Src/system_stm32f4xx.o
 .debug_macro   0x0000000000016056      0x25c ./Drivers/STM32F4xx_HAL_Driver/stm32f4xx_hal.o
 .debug_macro   0x00000000000162b2      0x1fd ./Drivers/STM32F4xx_HAL_Driver/stm32f4xx_hal_adc.o
 .debug_macro   0x00000000000164af      0x1fc ./Drivers/STM32F4xx_HAL_Driver/stm32f4xx_hal_cortex.o
 .debug_macro   0x00000000000166ab      0x202 ./Drivers/STM32F4xx_HAL_Driver/stm32f4xx_hal_gpio.o
 .debug_macro   0x00000000000168ad      0x208 ./Drivers/STM32F4xx_HAL_Driver/stm32f4xx_hal_pcd.o
 .debug_macro   0x0000000000016ab5      0x1fc ./Drivers/STM32F4xx_HAL_Driver/stm32f4xx_hal_pcd_ex.o
 .debug_macro   0x0000000000016cb1      0x220 ./Drivers/STM32F4xx_HAL_Driver/stm32f4xx_hal_rcc.o
 .debug_macro   0x0000000000016ed1      0x1fc ./Drivers/STM32F4xx_HAL_Driver/stm32f4xx_ll_usb.o
 .debug_macro   0x00000000000170cd      0x41c ./Middlewares/USB_Device_Library/usbd_cdc.o
 .debug_macro   0x00000000000174e9       0x97 ./Middlewares/USB_Device_Library/usbd_cdc.o
 .debug_macro   0x0000000000017580       0xfd ./Middlewares/USB_Device_Library/usbd_cdc.o
 .debug_macro   0x000000000001767d       0x56 ./Middlewares/USB_Device_Library/usbd_cdc.o
 .debug_macro   0x00000000000176d3      0x403 ./Middlewares/USB_Device_Library/usbd_core.o
 .debug_macro   0x0000000000017ad6      0x215 ./Middlewares/USB_Device_Library/usbd_core.o
 .debug_macro   0x0000000000017ceb      0x40d ./Middlewares/USB_Device_Library/usbd_ctlreq.o
 .debug_macro   0x00000000000180f8      0x409 ./Middlewares/USB_Device_Library/usbd_ioreq.o
 .debug_macro   0x0000000000018501      0x442 ./USB_DEVICE/App/usb_device.o
 .debug_macro   0x0000000000018943       0x22 ./USB_DEVICE/App/usb_device.o
 .debug_macro   0x0000000000018965       0x16 ./USB_DEVICE/App/usb_device.o
 .debug_macro   0x000000000001897b      0x427 ./USB_DEVICE/App/usbd_cdc_if.o
 .debug_macro   0x0000000000018da2      0x446 ./USB_DEVICE/App/usbd_desc.o
 .debug_macro   0x00000000000191e8       0x1c ./USB_DEVICE/App/usbd_desc.o
 .debug_macro   0x0000000000019204      0x426 ./USB_DEVICE/Target/usbd_conf.o

.debug_line     0x0000000000000000    0x1187e
 .debug_line    0x0000000000000000      0xc97 ./Core/Src/main.o
 .debug_line    0x0000000000000c97      0x80f ./Core/Src/stm32f4xx_hal_msp.o
 .debug_line    0x00000000000014a6      0x8a3 ./Core/Src/stm32f4xx_it.o
 .debug_line    0x0000000000001d49      0x84a ./Core/Src/system_stm32f4xx.o
 .debug_line    0x0000000000002593       0x88 ./Core/Startup/startup_stm32f411ceux.o
 .debug_line    0x000000000000261b      0xae9 ./Drivers/STM32F4xx_HAL_Driver/stm32f4xx_hal.o
 .debug_line    0x0000000000003104     0x1299 ./Drivers/STM32F4xx_HAL_Driver/stm32f4xx_hal_adc.o
 .debug_line    0x000000000000439d      0xd98 ./Drivers/STM32F4xx_HAL_Driver/stm32f4xx_hal_cortex.o
 .debug_line    0x0000000000005135      0xc21 ./Drivers/STM32F4xx_HAL_Driver/stm32f4xx_hal_gpio.o
 .debug_line    0x0000000000005d56     0x158c ./Drivers/STM32F4xx_HAL_Driver/stm32f4xx_hal_pcd.o
 .debug_line    0x00000000000072e2      0x8cc ./Drivers/STM32F4xx_HAL_Driver/stm32f4xx_hal_pcd_ex.o
 .debug_line    0x0000000000007bae      0xe63 ./Drivers/STM32F4xx_HAL_Driver/stm32f4xx_hal_rcc.o
 .debug_line    0x0000000000008a11     0x1ba6 ./Drivers/STM32F4xx_HAL_Driver/stm32f4xx_ll_usb.o
 .debug_line    0x000000000000a5b7     0x107f ./Middlewares/USB_Device_Library/usbd_cdc.o
 .debug_line    0x000000000000b636     0x10c0 ./Middlewares/USB_Device_Library/usbd_core.o
 .debug_line    0x000000000000c6f6     0x1291 ./Middlewares/USB_Device_Library/usbd_ctlreq.o
 .debug_line    0x000000000000d987      0xbd8 ./Middlewares/USB_Device_Library/usbd_ioreq.o
 .debug_line    0x000000000000e55f      0xb94 ./USB_DEVICE/App/usb_device.o
 .debug_line    0x000000000000f0f3      0xbf7 ./USB_DEVICE/App/usbd_cdc_if.o
 .debug_line    0x000000000000fcea      0xc24 ./USB_DEVICE/App/usbd_desc.o
 .debug_line    0x000000000001090e      0xf70 ./USB_DEVICE/Target/usbd_conf.o

.debug_str      0x0000000000000000    0x93011
 .debug_str     0x0000000000000000    0x8f646 ./Core/Src/main.o
                                      0x8f9b9 (size before relaxing)
 .debug_str     0x000000000008f646       0xd3 ./Core/Src/stm32f4xx_hal_msp.o
                                      0x8ab85 (size before relaxing)
 .debug_str     0x000000000008f719      0x443 ./Core/Src/stm32f4xx_it.o
                                      0x8aa7c (size before relaxing)
 .debug_str     0x000000000008fb5c       0xdb ./Core/Src/system_stm32f4xx.o
                                      0x8a7a2 (size before relaxing)
 .debug_str     0x000000000008fc37       0x36 ./Core/Startup/startup_stm32f411ceux.o
                                         0x77 (size before relaxing)
 .debug_str     0x000000000008fc6d      0x9f1 ./Drivers/STM32F4xx_HAL_Driver/stm32f4xx_hal.o
                                      0x8b207 (size before relaxing)
 .debug_str     0x000000000009065e      0x30b ./Drivers/STM32F4xx_HAL_Driver/stm32f4xx_hal_adc.o
                                      0x8adb6 (size before relaxing)
 .debug_str     0x0000000000090969      0x386 ./Drivers/STM32F4xx_HAL_Driver/stm32f4xx_hal_cortex.o
                                      0x8af28 (size before relaxing)
 .debug_str     0x0000000000090cef      0x196 ./Drivers/STM32F4xx_HAL_Driver/stm32f4xx_hal_gpio.o
                                      0x8a956 (size before relaxing)
 .debug_str     0x0000000000090e85      0x86b ./Drivers/STM32F4xx_HAL_Driver/stm32f4xx_hal_pcd.o
                                      0x8b28b (size before relaxing)
 .debug_str     0x00000000000916f0      0x14e ./Drivers/STM32F4xx_HAL_Driver/stm32f4xx_hal_pcd_ex.o
                                      0x8ab7a (size before relaxing)
 .debug_str     0x000000000009183e      0x258 ./Drivers/STM32F4xx_HAL_Driver/stm32f4xx_hal_rcc.o
                                      0x8ac0f (size before relaxing)
 .debug_str     0x0000000000091a96      0x486 ./Drivers/STM32F4xx_HAL_Driver/stm32f4xx_ll_usb.o
                                      0x8b0f3 (size before relaxing)
 .debug_str     0x0000000000091f1c      0x737 ./Middlewares/USB_Device_Library/usbd_cdc.o
                                      0x8fddb (size before relaxing)
 .debug_str     0x0000000000092653      0x395 ./Middlewares/USB_Device_Library/usbd_core.o
                                      0x8f751 (size before relaxing)
 .debug_str     0x00000000000929e8      0x172 ./Middlewares/USB_Device_Library/usbd_ctlreq.o
                                      0x8f57c (size before relaxing)
 .debug_str     0x0000000000092b5a       0x8a ./Middlewares/USB_Device_Library/usbd_ioreq.o
                                      0x8f451 (size before relaxing)
 .debug_str     0x0000000000092be4       0xc6 ./USB_DEVICE/App/usb_device.o
                                      0x8f7cb (size before relaxing)
 .debug_str     0x0000000000092caa       0x91 ./USB_DEVICE/App/usbd_cdc_if.o
                                      0x8f80b (size before relaxing)
 .debug_str     0x0000000000092d3b      0x26e ./USB_DEVICE/App/usbd_desc.o
                                      0x8f318 (size before relaxing)
 .debug_str     0x0000000000092fa9       0x68 ./USB_DEVICE/Target/usbd_conf.o
                                      0x904aa (size before relaxing)

.comment        0x0000000000000000       0x50
 .comment       0x0000000000000000       0x50 ./Core/Src/main.o
                                         0x51 (size before relaxing)
 .comment       0x0000000000000050       0x51 ./Core/Src/stm32f4xx_hal_msp.o
 .comment       0x0000000000000050       0x51 ./Core/Src/stm32f4xx_it.o
 .comment       0x0000000000000050       0x51 ./Core/Src/system_stm32f4xx.o
 .comment       0x0000000000000050       0x51 ./Drivers/STM32F4xx_HAL_Driver/stm32f4xx_hal.o
 .comment       0x0000000000000050       0x51 ./Drivers/STM32F4xx_HAL_Driver/stm32f4xx_hal_adc.o
 .comment       0x0000000000000050       0x51 ./Drivers/STM32F4xx_HAL_Driver/stm32f4xx_hal_cortex.o
 .comment       0x0000000000000050       0x51 ./Drivers/STM32F4xx_HAL_Driver/stm32f4xx_hal_gpio.o
 .comment       0x0000000000000050       0x51 ./Drivers/STM32F4xx_HAL_Driver/stm32f4xx_hal_pcd.o
 .comment       0x0000000000000050       0x51 ./Drivers/STM32F4xx_HAL_Driver/stm32f4xx_hal_pcd_ex.o
 .comment       0x0000000000000050       0x51 ./Drivers/STM32F4xx_HAL_Driver/stm32f4xx_hal_rcc.o
 .comment       0x0000000000000050       0x51 ./Drivers/STM32F4xx_HAL_Driver/stm32f4xx_ll_usb.o
 .comment       0x0000000000000050       0x51 ./Middlewares/USB_Device_Library/usbd_cdc.o
 .comment       0x0000000000000050       0x51 ./Middlewares/USB_Device_Library/usbd_core.o
 .comment       0x0000000000000050       0x51 ./Middlewares/USB_Device_Library/usbd_ctlreq.o
 .comment       0x0000000000000050       0x51 ./Middlewares/USB_Device_Library/usbd_ioreq.o
 .comment       0x0000000000000050       0x51 ./USB_DEVICE/App/usb_device.o
 .comment       0x0000000000000050       0x51 ./USB_DEVICE/App/usbd_cdc_if.o
 .comment       0x0000000000000050       0x51 ./USB_DEVICE/App/usbd_desc.o
 .comment       0x0000000000000050       0x51 ./USB_DEVICE/Target/usbd_conf.o

.debug_frame    0x0000000000000000     0x30d0
 .debug_frame   0x0000000000000000       0xb8 ./Core/Src/main.o
 .debug_frame   0x00000000000000b8       0x80 ./Core/Src/stm32f4xx_hal_msp.o
 .debug_frame   0x0000000000000138      0x120 ./Core/Src/stm32f4xx_it.o
 .debug_frame   0x0000000000000258       0x58 ./Core/Src/system_stm32f4xx.o
 .debug_frame   0x00000000000002b0      0x374 ./Drivers/STM32F4xx_HAL_Driver/stm32f4xx_hal.o
 .debug_frame   0x0000000000000624      0x3fc ./Drivers/STM32F4xx_HAL_Driver/stm32f4xx_hal_adc.o
 .debug_frame   0x0000000000000a20      0x498 ./Drivers/STM32F4xx_HAL_Driver/stm32f4xx_hal_cortex.o
 .debug_frame   0x0000000000000eb8      0x14c ./Drivers/STM32F4xx_HAL_Driver/stm32f4xx_hal_gpio.o
 .debug_frame   0x0000000000001004      0x5bc ./Drivers/STM32F4xx_HAL_Driver/stm32f4xx_hal_pcd.o
 .debug_frame   0x00000000000015c0       0xb0 ./Drivers/STM32F4xx_HAL_Driver/stm32f4xx_hal_pcd_ex.o
 .debug_frame   0x0000000000001670      0x1f4 ./Drivers/STM32F4xx_HAL_Driver/stm32f4xx_hal_rcc.o
 .debug_frame   0x0000000000001864      0x7c0 ./Drivers/STM32F4xx_HAL_Driver/stm32f4xx_ll_usb.o
 .debug_frame   0x0000000000002024      0x23c ./Middlewares/USB_Device_Library/usbd_cdc.o
 .debug_frame   0x0000000000002260      0x390 ./Middlewares/USB_Device_Library/usbd_core.o
 .debug_frame   0x00000000000025f0      0x23c ./Middlewares/USB_Device_Library/usbd_ctlreq.o
 .debug_frame   0x000000000000282c      0x10c ./Middlewares/USB_Device_Library/usbd_ioreq.o
 .debug_frame   0x0000000000002938       0x2c ./USB_DEVICE/App/usb_device.o
 .debug_frame   0x0000000000002964       0xe4 ./USB_DEVICE/App/usbd_cdc_if.o
 .debug_frame   0x0000000000002a48      0x160 ./USB_DEVICE/App/usbd_desc.o
 .debug_frame   0x0000000000002ba8      0x47c ./USB_DEVICE/Target/usbd_conf.o
 .debug_frame   0x0000000000003024       0x2c /opt/st/stm32cubeide_1.11.2/plugins/com.st.stm32cube.ide.mcu.externaltools.gnu-tools-for-stm32.10.3-2021.10.linux64_1.0.100.202210260954/tools/bin/../lib/gcc/arm-none-eabi/10.3.1/../../../../arm-none-eabi/lib/thumb/v7e-m+fp/hard/libc_nano.a(lib_a-init.o)
 .debug_frame   0x0000000000003050       0x20 /opt/st/stm32cubeide_1.11.2/plugins/com.st.stm32cube.ide.mcu.externaltools.gnu-tools-for-stm32.10.3-2021.10.linux64_1.0.100.202210260954/tools/bin/../lib/gcc/arm-none-eabi/10.3.1/../../../../arm-none-eabi/lib/thumb/v7e-m+fp/hard/libc_nano.a(lib_a-memset.o)
 .debug_frame   0x0000000000003070       0x2c /opt/st/stm32cubeide_1.11.2/plugins/com.st.stm32cube.ide.mcu.externaltools.gnu-tools-for-stm32.10.3-2021.10.linux64_1.0.100.202210260954/tools/bin/../lib/gcc/arm-none-eabi/10.3.1/thumb/v7e-m+fp/hard/libgcc.a(_aeabi_uldivmod.o)
 .debug_frame   0x000000000000309c       0x34 /opt/st/stm32cubeide_1.11.2/plugins/com.st.stm32cube.ide.mcu.externaltools.gnu-tools-for-stm32.10.3-2021.10.linux64_1.0.100.202210260954/tools/bin/../lib/gcc/arm-none-eabi/10.3.1/thumb/v7e-m+fp/hard/libgcc.a(_udivmoddi4.o)
